Archive member included to satisfy reference by file (symbol)

c:/program files (x86)/gnu tools arm embedded/5.4 2016q2/bin/../lib/gcc/arm-none-eabi/5.4.1/../../../../arm-none-eabi/lib/armv7e-m\libg_nano.a(lib_a-errno.o)
                              ./system/src/newlib/_sbrk.o (__errno)
c:/program files (x86)/gnu tools arm embedded/5.4 2016q2/bin/../lib/gcc/arm-none-eabi/5.4.1/../../../../arm-none-eabi/lib/armv7e-m\libg_nano.a(lib_a-impure.o)
                              c:/program files (x86)/gnu tools arm embedded/5.4 2016q2/bin/../lib/gcc/arm-none-eabi/5.4.1/../../../../arm-none-eabi/lib/armv7e-m\libg_nano.a(lib_a-errno.o) (_impure_ptr)
c:/program files (x86)/gnu tools arm embedded/5.4 2016q2/bin/../lib/gcc/arm-none-eabi/5.4.1/../../../../arm-none-eabi/lib/armv7e-m\libg_nano.a(lib_a-itoa.o)
                              ./src/main.o (itoa)
c:/program files (x86)/gnu tools arm embedded/5.4 2016q2/bin/../lib/gcc/arm-none-eabi/5.4.1/../../../../arm-none-eabi/lib/armv7e-m\libg_nano.a(lib_a-malloc.o)
                              ./system/src/usb/usbd_customhid.o (malloc)
c:/program files (x86)/gnu tools arm embedded/5.4 2016q2/bin/../lib/gcc/arm-none-eabi/5.4.1/../../../../arm-none-eabi/lib/armv7e-m\libg_nano.a(lib_a-nano-freer.o)
                              c:/program files (x86)/gnu tools arm embedded/5.4 2016q2/bin/../lib/gcc/arm-none-eabi/5.4.1/../../../../arm-none-eabi/lib/armv7e-m\libg_nano.a(lib_a-malloc.o) (_free_r)
c:/program files (x86)/gnu tools arm embedded/5.4 2016q2/bin/../lib/gcc/arm-none-eabi/5.4.1/../../../../arm-none-eabi/lib/armv7e-m\libg_nano.a(lib_a-nano-mallocr.o)
                              c:/program files (x86)/gnu tools arm embedded/5.4 2016q2/bin/../lib/gcc/arm-none-eabi/5.4.1/../../../../arm-none-eabi/lib/armv7e-m\libg_nano.a(lib_a-malloc.o) (_malloc_r)
c:/program files (x86)/gnu tools arm embedded/5.4 2016q2/bin/../lib/gcc/arm-none-eabi/5.4.1/../../../../arm-none-eabi/lib/armv7e-m\libg_nano.a(lib_a-sbrkr.o)
                              c:/program files (x86)/gnu tools arm embedded/5.4 2016q2/bin/../lib/gcc/arm-none-eabi/5.4.1/../../../../arm-none-eabi/lib/armv7e-m\libg_nano.a(lib_a-nano-mallocr.o) (_sbrk_r)
c:/program files (x86)/gnu tools arm embedded/5.4 2016q2/bin/../lib/gcc/arm-none-eabi/5.4.1/../../../../arm-none-eabi/lib/armv7e-m\libg_nano.a(lib_a-strcpy.o)
                              ./src/main.o (strcpy)
c:/program files (x86)/gnu tools arm embedded/5.4 2016q2/bin/../lib/gcc/arm-none-eabi/5.4.1/../../../../arm-none-eabi/lib/armv7e-m\libg_nano.a(lib_a-strlen.o)
                              ./src/main.o (strlen)
c:/program files (x86)/gnu tools arm embedded/5.4 2016q2/bin/../lib/gcc/arm-none-eabi/5.4.1/../../../../arm-none-eabi/lib/armv7e-m\libg_nano.a(lib_a-utoa.o)
                              c:/program files (x86)/gnu tools arm embedded/5.4 2016q2/bin/../lib/gcc/arm-none-eabi/5.4.1/../../../../arm-none-eabi/lib/armv7e-m\libg_nano.a(lib_a-itoa.o) (__utoa)
c:/program files (x86)/gnu tools arm embedded/5.4 2016q2/bin/../lib/gcc/arm-none-eabi/5.4.1/../../../../arm-none-eabi/lib/armv7e-m\libg_nano.a(lib_a-mlock.o)
                              c:/program files (x86)/gnu tools arm embedded/5.4 2016q2/bin/../lib/gcc/arm-none-eabi/5.4.1/../../../../arm-none-eabi/lib/armv7e-m\libg_nano.a(lib_a-nano-freer.o) (__malloc_lock)

Allocating common symbols
Common symbol       size              file

hUsbDeviceFS        0x224             ./system/src/usb/usb_device.o
timer_delayCount    0x4               ./src/Timer.o
errno               0x4               ./system/src/newlib/_syscalls.o
hpcd_USB_OTG_FS     0x3b8             ./system/src/usb/usbd_conf.o
uwTick              0x4               ./system/src/stm32f4-hal/stm32f4xx_hal.o
pFlash              0x20              ./system/src/stm32f4-hal/stm32f4xx_hal_flash.o
USBD_StrDesc        0x200             ./system/src/usb/usbd_desc.o

Discarded input sections

 .text          0x00000000        0x0 ./system/src/usb/usb_device.o
 .data          0x00000000        0x0 ./system/src/usb/usb_device.o
 .bss           0x00000000        0x0 ./system/src/usb/usb_device.o
 .text          0x00000000        0x0 ./system/src/usb/usbd_conf.o
 .data          0x00000000        0x0 ./system/src/usb/usbd_conf.o
 .bss           0x00000000        0x0 ./system/src/usb/usbd_conf.o
 .text.HAL_PCD_MspDeInit
                0x00000000       0x34 ./system/src/usb/usbd_conf.o
 .text.USBD_LL_DeInit
                0x00000000        0xe ./system/src/usb/usbd_conf.o
 .text.USBD_LL_Stop
                0x00000000        0xe ./system/src/usb/usbd_conf.o
 .text.USBD_LL_FlushEP
                0x00000000        0xe ./system/src/usb/usbd_conf.o
 .text.USBD_LL_GetRxDataSize
                0x00000000        0xc ./system/src/usb/usbd_conf.o
 .text.USBD_LL_Delay
                0x00000000        0x4 ./system/src/usb/usbd_conf.o
 .text          0x00000000        0x0 ./system/src/usb/usbd_core.o
 .data          0x00000000        0x0 ./system/src/usb/usbd_core.o
[...]
Memory Configuration

Name             Origin             Length             Attributes
RAM              0x20000000         0x00020000         xrw
CCMRAM           0x10000000         0x00010000         xrw
FLASH            0x08000000         0x00100000         xr
FLASHB1          0x00000000         0x00000000         xr
EXTMEMB0         0x00000000         0x00000000         xr
EXTMEMB1         0x00000000         0x00000000         xr
EXTMEMB2         0x00000000         0x00000000         xr
EXTMEMB3         0x00000000         0x00000000         xr
MEMORY_ARRAY     0x20002000         0x00000020         xrw
*default*        0x00000000         0xffffffff

Linker script and memory map

LOAD ./system/src/usb/usb_device.o
LOAD ./system/src/usb/usbd_conf.o
LOAD ./system/src/usb/usbd_core.o
LOAD ./system/src/usb/usbd_ctlreq.o
LOAD ./system/src/usb/usbd_custom_hid_if.o
LOAD ./system/src/usb/usbd_customhid.o
LOAD ./system/src/usb/usbd_desc.o
LOAD ./system/src/usb/usbd_ioreq.o
LOAD ./system/src/stm32f4-hal/stm32f4xx_hal.o
LOAD ./system/src/stm32f4-hal/stm32f4xx_hal_cortex.o
LOAD ./system/src/stm32f4-hal/stm32f4xx_hal_flash.o
LOAD ./system/src/stm32f4-hal/stm32f4xx_hal_gpio.o
LOAD ./system/src/stm32f4-hal/stm32f4xx_hal_iwdg.o
LOAD ./system/src/stm32f4-hal/stm32f4xx_hal_pcd.o
LOAD ./system/src/stm32f4-hal/stm32f4xx_hal_pcd_ex.o
LOAD ./system/src/stm32f4-hal/stm32f4xx_hal_pwr.o
LOAD ./system/src/stm32f4-hal/stm32f4xx_hal_rcc.o
LOAD ./system/src/stm32f4-hal/stm32f4xx_ll_usb.o
LOAD ./system/src/newlib/_cxx.o
LOAD ./system/src/newlib/_exit.o
LOAD ./system/src/newlib/_sbrk.o
LOAD ./system/src/newlib/_startup.o
LOAD ./system/src/newlib/_syscalls.o
LOAD ./system/src/newlib/assert.o
LOAD ./system/src/diag/Trace.o
LOAD ./system/src/diag/trace_impl.o
LOAD ./system/src/cortexm/_initialize_hardware.o
LOAD ./system/src/cortexm/_reset_hardware.o
LOAD ./system/src/cortexm/exception_handlers.o
LOAD ./system/src/cmsis/system_stm32f4xx.o
LOAD ./system/src/cmsis/vectors_stm32f405xx.o
LOAD ./src/BlinkLed.o
LOAD ./src/Timer.o
LOAD ./src/_initialize_hardware.o
LOAD ./src/main.o
LOAD c:/program files (x86)/gnu tools arm embedded/5.4 2016q2/bin/../lib/gcc/arm-none-eabi/5.4.1/../../../../arm-none-eabi/lib/armv7e-m\libstdc++_nano.a
LOAD c:/program files (x86)/gnu tools arm embedded/5.4 2016q2/bin/../lib/gcc/arm-none-eabi/5.4.1/../../../../arm-none-eabi/lib/armv7e-m\libm.a
START GROUP
LOAD c:/program files (x86)/gnu tools arm embedded/5.4 2016q2/bin/../lib/gcc/arm-none-eabi/5.4.1/armv7e-m\libgcc.a
LOAD c:/program files (x86)/gnu tools arm embedded/5.4 2016q2/bin/../lib/gcc/arm-none-eabi/5.4.1/../../../../arm-none-eabi/lib/armv7e-m\libg_nano.a
LOAD c:/program files (x86)/gnu tools arm embedded/5.4 2016q2/bin/../lib/gcc/arm-none-eabi/5.4.1/../../../../arm-none-eabi/lib/armv7e-m\libc_nano.a
END GROUP
START GROUP
LOAD c:/program files (x86)/gnu tools arm embedded/5.4 2016q2/bin/../lib/gcc/arm-none-eabi/5.4.1/armv7e-m\libgcc.a
LOAD c:/program files (x86)/gnu tools arm embedded/5.4 2016q2/bin/../lib/gcc/arm-none-eabi/5.4.1/../../../../arm-none-eabi/lib/armv7e-m\libc_nano.a
END GROUP
                0x20020000                __stack = (ORIGIN (RAM) + LENGTH (RAM))
                0x20020000                _estack = __stack
                0x00000400                __Main_Stack_Size = 0x400
                [!provide]                PROVIDE (_Main_Stack_Size, __Main_Stack_Size)
                0x2001fc00                __Main_Stack_Limit = (__stack - __Main_Stack_Size)
                [!provide]                PROVIDE (_Main_Stack_Limit, __Main_Stack_Limit)
                0x00000100                _Minimum_Stack_Size = 0x100
                0x2000095c                PROVIDE (_Heap_Begin, _end_noinit)
                0x2001fc00                PROVIDE (_Heap_Limit, (__stack - __Main_Stack_Size))

.isr_vector     0x08000000      0x2c2
 FILL mask 0xff
                0x08000000                __vectors_start = ABSOLUTE (.)
                0x08000000                __vectors_start__ = ABSOLUTE (.)
 *(.isr_vector)
 .isr_vector    0x08000000      0x188 ./system/src/cmsis/vectors_stm32f405xx.o
                0x08000000                __isr_vectors
 *(.cfmconfig)
 *(.after_vectors .after_vectors.*)
 .after_vectors
                0x08000188       0xd4 ./system/src/newlib/_startup.o
                0x08000188                _start
 .after_vectors
                0x0800025c       0x64 ./system/src/cortexm/exception_handlers.o
                0x0800025c                Reset_Handler
                0x08000260                NMI_Handler
                0x08000262                HardFault_Handler
                0x08000276                HardFault_Handler_C
                0x08000278                MemManage_Handler
                0x0800027a                BusFault_Handler
                0x0800028e                BusFault_Handler_C
                0x08000290                UsageFault_Handler
                0x080002a4                UsageFault_Handler_C
                0x080002a6                SVC_Handler
                0x080002a8                DebugMon_Handler
                0x080002aa                PendSV_Handler
 .after_vectors
                0x080002c0        0x2 ./system/src/cmsis/vectors_stm32f405xx.o
                0x080002c0                RTC_Alarm_IRQHandler
                0x080002c0                HASH_RNG_IRQHandler
                0x080002c0                EXTI2_IRQHandler
                0x080002c0                TIM8_CC_IRQHandler
                0x080002c0                TIM1_CC_IRQHandler
                0x080002c0                DMA2_Stream5_IRQHandler
                0x080002c0                DMA1_Stream5_IRQHandler
                0x080002c0                PVD_IRQHandler
                0x080002c0                SDIO_IRQHandler
                0x080002c0                TAMP_STAMP_IRQHandler
                0x080002c0                CAN2_RX1_IRQHandler
                0x080002c0                EXTI3_IRQHandler
                0x080002c0                TIM8_TRG_COM_TIM14_IRQHandler
                0x080002c0                TIM1_UP_TIM10_IRQHandler
                0x080002c0                TIM8_UP_TIM13_IRQHandler
                0x080002c0                I2C3_ER_IRQHandler
                0x080002c0                EXTI0_IRQHandler
                0x080002c0                I2C2_EV_IRQHandler
                0x080002c0                DMA1_Stream2_IRQHandler
                0x080002c0                CAN1_RX0_IRQHandler
                0x080002c0                FPU_IRQHandler
                0x080002c0                OTG_HS_WKUP_IRQHandler
                0x080002c0                CAN2_SCE_IRQHandler
                0x080002c0                DMA2_Stream2_IRQHandler
                0x080002c0                SPI1_IRQHandler
                0x080002c0                TIM6_DAC_IRQHandler
                0x080002c0                TIM1_BRK_TIM9_IRQHandler
                0x080002c0                CAN2_RX0_IRQHandler
                0x080002c0                DMA2_Stream3_IRQHandler
                0x080002c0                USART6_IRQHandler
                0x080002c0                USART3_IRQHandler
                0x080002c0                CAN1_RX1_IRQHandler
                0x080002c0                UART5_IRQHandler
                0x080002c0                DMA2_Stream0_IRQHandler
                0x080002c0                TIM4_IRQHandler
                0x080002c0                I2C1_EV_IRQHandler
                0x080002c0                DMA1_Stream6_IRQHandler
                0x080002c0                DMA1_Stream1_IRQHandler
                0x080002c0                UART4_IRQHandler
                0x080002c0                TIM3_IRQHandler
                0x080002c0                RCC_IRQHandler
                0x080002c0                TIM8_BRK_TIM12_IRQHandler
                0x080002c0                Default_Handler
                0x080002c0                EXTI15_10_IRQHandler
                0x080002c0                ADC_IRQHandler
                0x080002c0                DMA1_Stream7_IRQHandler
                0x080002c0                TIM7_IRQHandler
                0x080002c0                CAN2_TX_IRQHandler
                0x080002c0                TIM5_IRQHandler
                0x080002c0                DMA2_Stream7_IRQHandler
                0x080002c0                I2C3_EV_IRQHandler
                0x080002c0                EXTI9_5_IRQHandler
                0x080002c0                RTC_WKUP_IRQHandler
                0x080002c0                SPI2_IRQHandler
                0x080002c0                OTG_HS_EP1_IN_IRQHandler
                0x080002c0                DMA1_Stream0_IRQHandler
                0x080002c0                CAN1_TX_IRQHandler
                0x080002c0                EXTI4_IRQHandler
                0x080002c0                OTG_HS_EP1_OUT_IRQHandler
                0x080002c0                WWDG_IRQHandler
                0x080002c0                TIM2_IRQHandler
                0x080002c0                OTG_FS_WKUP_IRQHandler
                0x080002c0                TIM1_TRG_COM_TIM11_IRQHandler
                0x080002c0                OTG_HS_IRQHandler
                0x080002c0                EXTI1_IRQHandler
                0x080002c0                USART2_IRQHandler
                0x080002c0                I2C2_ER_IRQHandler
                0x080002c0                DMA2_Stream1_IRQHandler
                0x080002c0                CAN1_SCE_IRQHandler
                0x080002c0                FLASH_IRQHandler
                0x080002c0                DMA2_Stream4_IRQHandler
                0x080002c0                USART1_IRQHandler
                0x080002c0                SPI3_IRQHandler
                0x080002c0                DMA1_Stream4_IRQHandler
                0x080002c0                I2C1_ER_IRQHandler
                0x080002c0                FMC_IRQHandler
                0x080002c0                DMA2_Stream6_IRQHandler
                0x080002c0                DMA1_Stream3_IRQHandler

.inits          0x080002c4       0x28
                0x080002c4                __data_regions_array_start = .
                0x080002c4        0x4 LONG 0x8002dec LOADADDR (.data)
                0x080002c8        0x4 LONG 0x20000000 ADDR (.data)
                0x080002cc        0x4 LONG 0x2000015c (ADDR (.data) + SIZEOF (.data))
                0x080002d0        0x4 LONG 0x8002dec LOADADDR (.data_CCMRAM)
                0x080002d4        0x4 LONG 0x10000000 ADDR (.data_CCMRAM)
                0x080002d8        0x4 LONG 0x10000000 (ADDR (.data_CCMRAM) + SIZEOF (.data_CCMRAM))
                0x080002dc                __data_regions_array_end = .
                0x080002dc                __bss_regions_array_start = .
                0x080002dc        0x4 LONG 0x2000015c ADDR (.bss)
                0x080002e0        0x4 LONG 0x2000095c (ADDR (.bss) + SIZEOF (.bss))
                0x080002e4        0x4 LONG 0x10000000 ADDR (.bss_CCMRAM)
                0x080002e8        0x4 LONG 0x10000000 (ADDR (.bss_CCMRAM) + SIZEOF (.bss_CCMRAM))
                0x080002ec                __bss_regions_array_end = .
 *(.init)
 *(.fini)
                0x080002ec                . = ALIGN (0x4)
                0x080002ec                PROVIDE (__preinit_array_start, .)
 *(.preinit_array_sysinit .preinit_array_sysinit.*)
 *(.preinit_array_platform .preinit_array_platform.*)
 *(.preinit_array .preinit_array.*)
                0x080002ec                PROVIDE (__preinit_array_end, .)
                0x080002ec                . = ALIGN (0x4)
                0x080002ec                PROVIDE (__init_array_start, .)
 *(SORT(.init_array.*))
 *(.init_array)
                0x080002ec                PROVIDE (__init_array_end, .)
                0x080002ec                . = ALIGN (0x4)
                0x080002ec                PROVIDE (__fini_array_start, .)
 *(SORT(.fini_array.*))
 *(.fini_array)
                0x080002ec                PROVIDE (__fini_array_end, .)

.flashtext
 *(.flashtext .flashtext.*)

.text           0x080002ec     0x2aff
 *(.text .text.*)
 .text.USB_DEVICE_Init
                0x080002ec       0x38 ./system/src/usb/usb_device.o
                0x080002ec                USB_DEVICE_Init
 .text.HAL_PCD_MspInit
                0x08000324       0x64 ./system/src/usb/usbd_conf.o
                0x08000324                HAL_PCD_MspInit
 .text.HAL_PCD_SetupStageCallback
                0x08000388        0xc ./system/src/usb/usbd_conf.o
                0x08000388                HAL_PCD_SetupStageCallback
 .text.HAL_PCD_DataOutStageCallback
                0x08000394       0x12 ./system/src/usb/usbd_conf.o
                0x08000394                HAL_PCD_DataOutStageCallback
 .text.HAL_PCD_DataInStageCallback
                0x080003a6       0x10 ./system/src/usb/usbd_conf.o
                0x080003a6                HAL_PCD_DataInStageCallback
 .text.HAL_PCD_SOFCallback
                0x080003b6        0x8 ./system/src/usb/usbd_conf.o
                0x080003b6                HAL_PCD_SOFCallback
 .text.HAL_PCD_ResetCallback
                0x080003be       0x20 ./system/src/usb/usbd_conf.o
                0x080003be                HAL_PCD_ResetCallback
 *fill*         0x080003de        0x2 
 .text.HAL_PCD_SuspendCallback
                0x080003e0       0x30 ./system/src/usb/usbd_conf.o
                0x080003e0                HAL_PCD_SuspendCallback
 .text.HAL_PCD_ResumeCallback
                0x08000410        0x8 ./system/src/usb/usbd_conf.o
                0x08000410                HAL_PCD_ResumeCallback
 .text.HAL_PCD_ISOOUTIncompleteCallback
                0x08000418        0x8 ./system/src/usb/usbd_conf.o
                0x08000418                HAL_PCD_ISOOUTIncompleteCallback
 .text.HAL_PCD_ISOINIncompleteCallback
                0x08000420        0x8 ./system/src/usb/usbd_conf.o
                0x08000420                HAL_PCD_ISOINIncompleteCallback
 .text.HAL_PCD_ConnectCallback
                0x08000428        0x8 ./system/src/usb/usbd_conf.o
                0x08000428                HAL_PCD_ConnectCallback
 .text.HAL_PCD_DisconnectCallback
                0x08000430        0x8 ./system/src/usb/usbd_conf.o
                0x08000430                HAL_PCD_DisconnectCallback
 .text.USBD_LL_Init
                0x08000438       0x60 ./system/src/usb/usbd_conf.o
                0x08000438                USBD_LL_Init
 .text.USBD_LL_Start
                0x08000498        0xe ./system/src/usb/usbd_conf.o
                0x08000498                USBD_LL_Start
 .text.USBD_LL_OpenEP
                0x080004a6       0x14 ./system/src/usb/usbd_conf.o
                0x080004a6                USBD_LL_OpenEP
 .text.USBD_LL_CloseEP
                0x080004ba        0xe ./system/src/usb/usbd_conf.o
                0x080004ba                USBD_LL_CloseEP
 .text.USBD_LL_StallEP
                0x080004c8        0xe ./system/src/usb/usbd_conf.o
                0x080004c8                USBD_LL_StallEP
 .text.USBD_LL_ClearStallEP
                0x080004d6        0xe ./system/src/usb/usbd_conf.o
                0x080004d6                USBD_LL_ClearStallEP
 .text.USBD_LL_IsStallEP
                0x080004e4       0x26 ./system/src/usb/usbd_conf.o
                0x080004e4                USBD_LL_IsStallEP
 .text.USBD_LL_SetUSBAddress
                0x0800050a        0xe ./system/src/usb/usbd_conf.o
                0x0800050a                USBD_LL_SetUSBAddress
 .text.USBD_LL_Transmit
                0x08000518        0xe ./system/src/usb/usbd_conf.o
                0x08000518                USBD_LL_Transmit
 .text.USBD_LL_PrepareReceive
                0x08000526        0xe ./system/src/usb/usbd_conf.o
                0x08000526                USBD_LL_PrepareReceive
 .text.OTG_FS_IRQHandler
                0x08000534        0xc ./system/src/usb/usbd_conf.o
                0x08000534                OTG_FS_IRQHandler
 .text.USBD_Init
                0x08000540       0x2a ./system/src/usb/usbd_core.o
                0x08000540                USBD_Init
 .text.USBD_RegisterClass
                0x0800056a        0xe ./system/src/usb/usbd_core.o
                0x0800056a                USBD_RegisterClass
 .text.USBD_Start
                0x08000578        0xa ./system/src/usb/usbd_core.o
                0x08000578                USBD_Start
 .text.USBD_SetClassConfig
                0x08000582       0x16 ./system/src/usb/usbd_core.o
                0x08000582                USBD_SetClassConfig
 .text.USBD_ClrClassConfig
                0x08000598        0xe ./system/src/usb/usbd_core.o
                0x08000598                USBD_ClrClassConfig
 .text.USBD_LL_SetupStage
                0x080005a6       0x5a ./system/src/usb/usbd_core.o
                0x080005a6                USBD_LL_SetupStage
 .text.USBD_LL_DataOutStage
                0x08000600       0x62 ./system/src/usb/usbd_core.o
                0x08000600                USBD_LL_DataOutStage
 .text.USBD_LL_DataInStage
                0x08000662       0x9c ./system/src/usb/usbd_core.o
                0x08000662                USBD_LL_DataInStage
 .text.USBD_LL_Reset
                0x080006fe       0x3e ./system/src/usb/usbd_core.o
                0x080006fe                USBD_LL_Reset
 .text.USBD_LL_SetSpeed
                0x0800073c        0x6 ./system/src/usb/usbd_core.o
                0x0800073c                USBD_LL_SetSpeed
 .text.USBD_LL_Suspend
                0x08000742       0x12 ./system/src/usb/usbd_core.o
                0x08000742                USBD_LL_Suspend
 .text.USBD_LL_Resume
                0x08000754        0xc ./system/src/usb/usbd_core.o
                0x08000754                USBD_LL_Resume
 .text.USBD_LL_SOF
                0x08000760       0x18 ./system/src/usb/usbd_core.o
                0x08000760                USBD_LL_SOF
 .text.USBD_LL_IsoINIncomplete
                0x08000778        0x4 ./system/src/usb/usbd_core.o
                0x08000778                USBD_LL_IsoINIncomplete
 .text.USBD_LL_IsoOUTIncomplete
                0x0800077c        0x4 ./system/src/usb/usbd_core.o
                0x0800077c                USBD_LL_IsoOUTIncomplete
 .text.USBD_LL_DevConnected
                0x08000780        0x4 ./system/src/usb/usbd_core.o
                0x08000780                USBD_LL_DevConnected
 .text.USBD_LL_DevDisconnected
                0x08000784       0x16 ./system/src/usb/usbd_core.o
                0x08000784                USBD_LL_DevDisconnected
 .text.USBD_ParseSetupRequest
                0x0800079a       0x28 ./system/src/usb/usbd_ctlreq.o
                0x0800079a                USBD_ParseSetupRequest
 .text.USBD_CtlError
                0x080007c2       0x16 ./system/src/usb/usbd_ctlreq.o
                0x080007c2                USBD_CtlError
 .text.USBD_StdDevReq
                0x080007d8      0x220 ./system/src/usb/usbd_ctlreq.o
                0x080007d8                USBD_StdDevReq
 .text.USBD_StdItfReq
                0x080009f8       0x30 ./system/src/usb/usbd_ctlreq.o
                0x080009f8                USBD_StdItfReq
 .text.USBD_StdEPReq
                0x08000a28       0xc6 ./system/src/usb/usbd_ctlreq.o
                0x08000a28                USBD_StdEPReq
 .text.USBD_GetString
                0x08000aee       0x38 ./system/src/usb/usbd_ctlreq.o
                0x08000aee                USBD_GetString
 .text.CUSTOM_HID_DeInit_FS
                0x08000b26        0x4 ./system/src/usb/usbd_custom_hid_if.o
 .text.CUSTOM_HID_OutEvent_FS
                0x08000b2a        0x4 ./system/src/usb/usbd_custom_hid_if.o
 .text.CUSTOM_HID_Init_FS
                0x08000b2e        0x4 ./system/src/usb/usbd_custom_hid_if.o
 *fill*         0x08000b32        0x2 
 .text.USBD_CUSTOM_HID_GetCfgDesc
                0x08000b34        0xc ./system/src/usb/usbd_customhid.o
 .text.USBD_CUSTOM_HID_DataIn
                0x08000b40        0xc ./system/src/usb/usbd_customhid.o
 .text.USBD_CUSTOM_HID_EP0_RxReady
                0x08000b4c       0x20 ./system/src/usb/usbd_customhid.o
 .text.USBD_CUSTOM_HID_GetDeviceQualifierDesc
                0x08000b6c        0xc ./system/src/usb/usbd_customhid.o
 .text.USBD_CUSTOM_HID_DataOut
                0x08000b78       0x2c ./system/src/usb/usbd_customhid.o
 .text.USBD_CUSTOM_HID_Setup
                0x08000ba4       0xc4 ./system/src/usb/usbd_customhid.o
 .text.USBD_CUSTOM_HID_DeInit
                0x08000c68       0x32 ./system/src/usb/usbd_customhid.o
 .text.USBD_CUSTOM_HID_Init
                0x08000c9a       0x4a ./system/src/usb/usbd_customhid.o
 .text.USBD_CUSTOM_HID_SendReport
                0x08000ce4       0x28 ./system/src/usb/usbd_customhid.o
                0x08000ce4                USBD_CUSTOM_HID_SendReport
 .text.USBD_CUSTOM_HID_RegisterInterface
                0x08000d0c        0xe ./system/src/usb/usbd_customhid.o
                0x08000d0c                USBD_CUSTOM_HID_RegisterInterface
 *fill*         0x08000d1a        0x2 
 .text.USBD_FS_DeviceDescriptor
                0x08000d1c        0xc ./system/src/usb/usbd_desc.o
                0x08000d1c                USBD_FS_DeviceDescriptor
 .text.USBD_FS_LangIDStrDescriptor
                0x08000d28        0xc ./system/src/usb/usbd_desc.o
                0x08000d28                USBD_FS_LangIDStrDescriptor
 .text.USBD_FS_ManufacturerStrDescriptor
                0x08000d34       0x1c ./system/src/usb/usbd_desc.o
                0x08000d34                USBD_FS_ManufacturerStrDescriptor
 .text.USBD_FS_ProductStrDescriptor
                0x08000d50       0x1c ./system/src/usb/usbd_desc.o
                0x08000d50                USBD_FS_ProductStrDescriptor
 .text.USBD_FS_SerialStrDescriptor
                0x08000d6c       0x1c ./system/src/usb/usbd_desc.o
                0x08000d6c                USBD_FS_SerialStrDescriptor
 .text.USBD_FS_ConfigStrDescriptor
                0x08000d88       0x1c ./system/src/usb/usbd_desc.o
                0x08000d88                USBD_FS_ConfigStrDescriptor
 .text.USBD_FS_InterfaceStrDescriptor
                0x08000da4       0x1c ./system/src/usb/usbd_desc.o
                0x08000da4                USBD_FS_InterfaceStrDescriptor
 .text.USBD_CtlSendData
                0x08000dc0       0x1a ./system/src/usb/usbd_ioreq.o
                0x08000dc0                USBD_CtlSendData
 .text.USBD_CtlContinueSendData
                0x08000dda       0x10 ./system/src/usb/usbd_ioreq.o
                0x08000dda                USBD_CtlContinueSendData
 .text.USBD_CtlPrepareRx
                0x08000dea       0x1e ./system/src/usb/usbd_ioreq.o
                0x08000dea                USBD_CtlPrepareRx
 .text.USBD_CtlContinueRx
                0x08000e08       0x10 ./system/src/usb/usbd_ioreq.o
                0x08000e08                USBD_CtlContinueRx
 .text.USBD_CtlSendStatus
                0x08000e18       0x16 ./system/src/usb/usbd_ioreq.o
                0x08000e18                USBD_CtlSendStatus
 .text.USBD_CtlReceiveStatus
                0x08000e2e       0x16 ./system/src/usb/usbd_ioreq.o
                0x08000e2e                USBD_CtlReceiveStatus
 .text.HAL_MspInit
                0x08000e44        0x2 ./system/src/stm32f4-hal/stm32f4xx_hal.o
                0x08000e44                HAL_MspInit
 .text.HAL_InitTick
                0x08000e46       0x24 ./system/src/stm32f4-hal/stm32f4xx_hal.o
                0x08000e46                HAL_InitTick
 *fill*         0x08000e6a        0x2 
 .text.HAL_Init
                0x08000e6c       0x34 ./system/src/stm32f4-hal/stm32f4xx_hal.o
                0x08000e6c                HAL_Init
 .text.HAL_IncTick
                0x08000ea0       0x10 ./system/src/stm32f4-hal/stm32f4xx_hal.o
                0x08000ea0                HAL_IncTick
 .text.HAL_GetTick
                0x08000eb0        0xc ./system/src/stm32f4-hal/stm32f4xx_hal.o
                0x08000eb0                HAL_GetTick
 .text.HAL_Delay
                0x08000ebc       0x1a ./system/src/stm32f4-hal/stm32f4xx_hal.o
                0x08000ebc                HAL_Delay
 *fill*         0x08000ed6        0x2 
 .text.HAL_NVIC_SetPriorityGrouping
                0x08000ed8       0x24 ./system/src/stm32f4-hal/stm32f4xx_hal_cortex.o
                0x08000ed8                HAL_NVIC_SetPriorityGrouping
 .text.HAL_NVIC_SetPriority
                0x08000efc       0x68 ./system/src/stm32f4-hal/stm32f4xx_hal_cortex.o
                0x08000efc                HAL_NVIC_SetPriority
 .text.HAL_NVIC_EnableIRQ
                0x08000f64       0x18 ./system/src/stm32f4-hal/stm32f4xx_hal_cortex.o
                0x08000f64                HAL_NVIC_EnableIRQ
 .text.HAL_SYSTICK_Config
                0x08000f7c       0x2c ./system/src/stm32f4-hal/stm32f4xx_hal_cortex.o
                0x08000f7c                HAL_SYSTICK_Config
 .text.HAL_SYSTICK_CLKSourceConfig
                0x08000fa8       0x18 ./system/src/stm32f4-hal/stm32f4xx_hal_cortex.o
                0x08000fa8                HAL_SYSTICK_CLKSourceConfig
 .text.HAL_GPIO_Init
                0x08000fc0      0x1cc ./system/src/stm32f4-hal/stm32f4xx_hal_gpio.o
                0x08000fc0                HAL_GPIO_Init
 .text.HAL_GPIO_WritePin
                0x0800118c        0x8 ./system/src/stm32f4-hal/stm32f4xx_hal_gpio.o
                0x0800118c                HAL_GPIO_WritePin
 .text.HAL_PCD_Init
                0x08001194       0xd8 ./system/src/stm32f4-hal/stm32f4xx_hal_pcd.o
                0x08001194                HAL_PCD_Init
 .text.HAL_PCD_Start
                0x0800126c       0x2a ./system/src/stm32f4-hal/stm32f4xx_hal_pcd.o
                0x0800126c                HAL_PCD_Start
 .text.HAL_PCD_IRQHandler
                0x08001296      0x45a ./system/src/stm32f4-hal/stm32f4xx_hal_pcd.o
                0x08001296                HAL_PCD_IRQHandler
 .text.HAL_PCD_SetAddress
                0x080016f0       0x24 ./system/src/stm32f4-hal/stm32f4xx_hal_pcd.o
                0x080016f0                HAL_PCD_SetAddress
 .text.HAL_PCD_EP_Open
                0x08001714       0x5c ./system/src/stm32f4-hal/stm32f4xx_hal_pcd.o
                0x08001714                HAL_PCD_EP_Open
 .text.HAL_PCD_EP_Close
                0x08001770       0x46 ./system/src/stm32f4-hal/stm32f4xx_hal_pcd.o
                0x08001770                HAL_PCD_EP_Close
 .text.HAL_PCD_EP_Receive
                0x080017b6       0x62 ./system/src/stm32f4-hal/stm32f4xx_hal_pcd.o
                0x080017b6                HAL_PCD_EP_Receive
 .text.HAL_PCD_EP_Transmit
                0x08001818       0x5a ./system/src/stm32f4-hal/stm32f4xx_hal_pcd.o
                0x08001818                HAL_PCD_EP_Transmit
 .text.HAL_PCD_EP_SetStall
                0x08001872       0x58 ./system/src/stm32f4-hal/stm32f4xx_hal_pcd.o
                0x08001872                HAL_PCD_EP_SetStall
 .text.HAL_PCD_EP_ClrStall
                0x080018ca       0x4a ./system/src/stm32f4-hal/stm32f4xx_hal_pcd.o
                0x080018ca                HAL_PCD_EP_ClrStall
 .text.HAL_PCDEx_SetTxFiFo
                0x08001914       0x42 ./system/src/stm32f4-hal/stm32f4xx_hal_pcd_ex.o
                0x08001914                HAL_PCDEx_SetTxFiFo
 .text.HAL_PCDEx_SetRxFiFo
                0x08001956        0x8 ./system/src/stm32f4-hal/stm32f4xx_hal_pcd_ex.o
                0x08001956                HAL_PCDEx_SetRxFiFo
 *fill*         0x0800195e        0x2 
 .text.HAL_RCC_OscConfig
                0x08001960      0x2d0 ./system/src/stm32f4-hal/stm32f4xx_hal_rcc.o
                0x08001960                HAL_RCC_OscConfig
 .text.HAL_RCC_ClockConfig
                0x08001c30      0x140 ./system/src/stm32f4-hal/stm32f4xx_hal_rcc.o
                0x08001c30                HAL_RCC_ClockConfig
 .text.HAL_RCC_GetSysClockFreq
                0x08001d70       0x7c ./system/src/stm32f4-hal/stm32f4xx_hal_rcc.o
                0x08001d70                HAL_RCC_GetSysClockFreq
 .text.HAL_RCC_GetHCLKFreq
                0x08001dec       0x34 ./system/src/stm32f4-hal/stm32f4xx_hal_rcc.o
                0x08001dec                HAL_RCC_GetHCLKFreq
 .text.USB_CoreInit
                0x08001e20       0x74 ./system/src/stm32f4-hal/stm32f4xx_ll_usb.o
                0x08001e20                USB_CoreInit
 .text.USB_EnableGlobalInt
                0x08001e94        0xc ./system/src/stm32f4-hal/stm32f4xx_ll_usb.o
                0x08001e94                USB_EnableGlobalInt
 .text.USB_DisableGlobalInt
                0x08001ea0        0xc ./system/src/stm32f4-hal/stm32f4xx_ll_usb.o
                0x08001ea0                USB_DisableGlobalInt
 .text.USB_SetCurrentMode
                0x08001eac       0x2c ./system/src/stm32f4-hal/stm32f4xx_ll_usb.o
                0x08001eac                USB_SetCurrentMode
 .text.USB_DevInit
                0x08001ed8      0x134 ./system/src/stm32f4-hal/stm32f4xx_ll_usb.o
                0x08001ed8                USB_DevInit
 .text.USB_FlushTxFifo
                0x0800200c       0x24 ./system/src/stm32f4-hal/stm32f4xx_ll_usb.o
                0x0800200c                USB_FlushTxFifo
 .text.USB_FlushRxFifo
                0x08002030       0x20 ./system/src/stm32f4-hal/stm32f4xx_ll_usb.o
                0x08002030                USB_FlushRxFifo
 .text.USB_SetDevSpeed
                0x08002050        0xe ./system/src/stm32f4-hal/stm32f4xx_ll_usb.o
                0x08002050                USB_SetDevSpeed
 .text.USB_GetDevSpeed
                0x0800205e       0x36 ./system/src/stm32f4-hal/stm32f4xx_ll_usb.o
                0x0800205e                USB_GetDevSpeed
 .text.USB_ActivateEndpoint
                0x08002094       0x82 ./system/src/stm32f4-hal/stm32f4xx_ll_usb.o
                0x08002094                USB_ActivateEndpoint
 .text.USB_DeactivateEndpoint
                0x08002116       0x6e ./system/src/stm32f4-hal/stm32f4xx_ll_usb.o
                0x08002116                USB_DeactivateEndpoint
 .text.USB_EPStartXfer
                0x08002184      0x238 ./system/src/stm32f4-hal/stm32f4xx_ll_usb.o
                0x08002184                USB_EPStartXfer
 .text.USB_EP0StartXfer
                0x080023bc      0x154 ./system/src/stm32f4-hal/stm32f4xx_ll_usb.o
                0x080023bc                USB_EP0StartXfer
 .text.USB_WritePacket
                0x08002510       0x28 ./system/src/stm32f4-hal/stm32f4xx_ll_usb.o
                0x08002510                USB_WritePacket
 .text.USB_ReadPacket
                0x08002538       0x1c ./system/src/stm32f4-hal/stm32f4xx_ll_usb.o
                0x08002538                USB_ReadPacket
 .text.USB_EPSetStall
                0x08002554       0x64 ./system/src/stm32f4-hal/stm32f4xx_ll_usb.o
                0x08002554                USB_EPSetStall
 .text.USB_EPClearStall
                0x080025b8       0x3c ./system/src/stm32f4-hal/stm32f4xx_ll_usb.o
                0x080025b8                USB_EPClearStall
 .text.USB_SetDevAddress
                0x080025f4       0x20 ./system/src/stm32f4-hal/stm32f4xx_ll_usb.o
                0x080025f4                USB_SetDevAddress
 .text.USB_DevConnect
                0x08002614       0x18 ./system/src/stm32f4-hal/stm32f4xx_ll_usb.o
                0x08002614                USB_DevConnect
 .text.USB_DevDisconnect
                0x0800262c       0x18 ./system/src/stm32f4-hal/stm32f4xx_ll_usb.o
                0x0800262c                USB_DevDisconnect
 .text.USB_ReadInterrupts
                0x08002644        0x8 ./system/src/stm32f4-hal/stm32f4xx_ll_usb.o
                0x08002644                USB_ReadInterrupts
 .text.USB_ReadDevAllOutEpInterrupt
                0x0800264c       0x10 ./system/src/stm32f4-hal/stm32f4xx_ll_usb.o
                0x0800264c                USB_ReadDevAllOutEpInterrupt
 .text.USB_ReadDevAllInEpInterrupt
                0x0800265c       0x10 ./system/src/stm32f4-hal/stm32f4xx_ll_usb.o
                0x0800265c                USB_ReadDevAllInEpInterrupt
 .text.USB_ReadDevOutEPInterrupt
                0x0800266c       0x14 ./system/src/stm32f4-hal/stm32f4xx_ll_usb.o
                0x0800266c                USB_ReadDevOutEPInterrupt
 .text.USB_ReadDevInEPInterrupt
                0x08002680       0x20 ./system/src/stm32f4-hal/stm32f4xx_ll_usb.o
                0x08002680                USB_ReadDevInEPInterrupt
 .text.USB_GetMode
                0x080026a0        0x8 ./system/src/stm32f4-hal/stm32f4xx_ll_usb.o
                0x080026a0                USB_GetMode
 .text.USB_ActivateSetup
                0x080026a8       0x36 ./system/src/stm32f4-hal/stm32f4xx_ll_usb.o
                0x080026a8                USB_ActivateSetup
 .text.USB_EP0_OutStart
                0x080026de       0x46 ./system/src/stm32f4-hal/stm32f4xx_ll_usb.o
                0x080026de                USB_EP0_OutStart
 .text.USB_CoreReset
                0x08002724       0x30 ./system/src/stm32f4-hal/stm32f4xx_ll_usb.o
 .text._exit    0x08002754        0x6 ./system/src/newlib/_exit.o
                0x08002754                _exit
 *fill*         0x0800275a        0x2 
 .text._sbrk    0x0800275c       0x40 ./system/src/newlib/_sbrk.o
                0x0800275c                _sbrk
 .text.__initialize_args
                0x0800279c       0x10 ./system/src/newlib/_syscalls.o
                0x0800279c                __initialize_args
 .text.__initialize_hardware_early
                0x080027ac       0x18 ./system/src/cortexm/_initialize_hardware.o
                0x080027ac                __initialize_hardware_early
 .text.__reset_hardware
                0x080027c4       0x24 ./system/src/cortexm/_reset_hardware.o
                0x080027c4                __reset_hardware
 .text.SystemInit
                0x080027e8       0x40 ./system/src/cmsis/system_stm32f4xx.o
                0x080027e8                SystemInit
 .text.SystemCoreClockUpdate
                0x08002828       0x74 ./system/src/cmsis/system_stm32f4xx.o
                0x08002828                SystemCoreClockUpdate
 .text.timer_start
                0x0800289c       0x38 ./src/Timer.o
                0x0800289c                timer_start
 .text.timer_sleep
                0x080028d4       0x10 ./src/Timer.o
                0x080028d4                timer_sleep
 .text.timer_tick
                0x080028e4       0x14 ./src/Timer.o
                0x080028e4                timer_tick
 .text.SysTick_Handler
                0x080028f8        0xe ./src/Timer.o
                0x080028f8                SysTick_Handler
 .text.Error_Handler
                0x08002906        0x2 ./src/_initialize_hardware.o
                0x08002906                Error_Handler
 .text.SystemClock_Config
                0x08002908       0xac ./src/_initialize_hardware.o
                0x08002908                SystemClock_Config
 .text.__initialize_hardware
                0x080029b4       0x12 ./src/_initialize_hardware.o
                0x080029b4                __initialize_hardware
 *fill*         0x080029c6        0x2 
 .text.MX_GPIO_Init
                0x080029c8       0x74 ./src/_initialize_hardware.o
                0x080029c8                MX_GPIO_Init
 .text.startup.main
                0x08002a3c       0x48 ./src/main.o
                0x08002a3c                main
 .text.CommandProcess
                0x08002a84       0x48 ./src/main.o
                0x08002a84                CommandProcess
 .text.__errno  0x08002acc        0xc c:/program files (x86)/gnu tools arm embedded/5.4 2016q2/bin/../lib/gcc/arm-none-eabi/5.4.1/../../../../arm-none-eabi/lib/armv7e-m\libg_nano.a(lib_a-errno.o)
                0x08002acc                __errno
 .text.__itoa   0x08002ad8       0x2e c:/program files (x86)/gnu tools arm embedded/5.4 2016q2/bin/../lib/gcc/arm-none-eabi/5.4.1/../../../../arm-none-eabi/lib/armv7e-m\libg_nano.a(lib_a-itoa.o)
                0x08002ad8                __itoa
 .text.itoa     0x08002b06        0x4 c:/program files (x86)/gnu tools arm embedded/5.4 2016q2/bin/../lib/gcc/arm-none-eabi/5.4.1/../../../../arm-none-eabi/lib/armv7e-m\libg_nano.a(lib_a-itoa.o)
                0x08002b06                itoa
 *fill*         0x08002b0a        0x2 
 .text.malloc   0x08002b0c       0x10 c:/program files (x86)/gnu tools arm embedded/5.4 2016q2/bin/../lib/gcc/arm-none-eabi/5.4.1/../../../../arm-none-eabi/lib/armv7e-m\libg_nano.a(lib_a-malloc.o)
                0x08002b0c                malloc
 .text.free     0x08002b1c       0x10 c:/program files (x86)/gnu tools arm embedded/5.4 2016q2/bin/../lib/gcc/arm-none-eabi/5.4.1/../../../../arm-none-eabi/lib/armv7e-m\libg_nano.a(lib_a-malloc.o)
                0x08002b1c                free
 .text._free_r  0x08002b2c       0x9c c:/program files (x86)/gnu tools arm embedded/5.4 2016q2/bin/../lib/gcc/arm-none-eabi/5.4.1/../../../../arm-none-eabi/lib/armv7e-m\libg_nano.a(lib_a-nano-freer.o)
                0x08002b2c                _free_r
 .text._malloc_r
                0x08002bc8       0xbc c:/program files (x86)/gnu tools arm embedded/5.4 2016q2/bin/../lib/gcc/arm-none-eabi/5.4.1/../../../../arm-none-eabi/lib/armv7e-m\libg_nano.a(lib_a-nano-mallocr.o)
                0x08002bc8                _malloc_r
 .text._sbrk_r  0x08002c84       0x20 c:/program files (x86)/gnu tools arm embedded/5.4 2016q2/bin/../lib/gcc/arm-none-eabi/5.4.1/../../../../arm-none-eabi/lib/armv7e-m\libg_nano.a(lib_a-sbrkr.o)
                0x08002c84                _sbrk_r
 .text.strcpy   0x08002ca4       0x10 c:/program files (x86)/gnu tools arm embedded/5.4 2016q2/bin/../lib/gcc/arm-none-eabi/5.4.1/../../../../arm-none-eabi/lib/armv7e-m\libg_nano.a(lib_a-strcpy.o)
                0x08002ca4                strcpy
 .text          0x08002cb4       0x10 c:/program files (x86)/gnu tools arm embedded/5.4 2016q2/bin/../lib/gcc/arm-none-eabi/5.4.1/../../../../arm-none-eabi/lib/armv7e-m\libg_nano.a(lib_a-strlen.o)
                0x08002cb4                strlen
 .text.__utoa   0x08002cc4       0x78 c:/program files (x86)/gnu tools arm embedded/5.4 2016q2/bin/../lib/gcc/arm-none-eabi/5.4.1/../../../../arm-none-eabi/lib/armv7e-m\libg_nano.a(lib_a-utoa.o)
                0x08002cc4                __utoa
 .text.__malloc_lock
                0x08002d3c        0x2 c:/program files (x86)/gnu tools arm embedded/5.4 2016q2/bin/../lib/gcc/arm-none-eabi/5.4.1/../../../../arm-none-eabi/lib/armv7e-m\libg_nano.a(lib_a-mlock.o)
                0x08002d3c                __malloc_lock
 .text.__malloc_unlock
                0x08002d3e        0x2 c:/program files (x86)/gnu tools arm embedded/5.4 2016q2/bin/../lib/gcc/arm-none-eabi/5.4.1/../../../../arm-none-eabi/lib/armv7e-m\libg_nano.a(lib_a-mlock.o)
                0x08002d3e                __malloc_unlock
 *(.rodata .rodata.* .constdata .constdata.*)
 .rodata.str1.1
                0x08002d40       0x64 ./system/src/usb/usbd_desc.o
 .rodata.APBAHBPrescTable
                0x08002da4       0x10 ./system/src/stm32f4-hal/stm32f4xx_hal_rcc.o
                0x08002da4                APBAHBPrescTable
 .rodata.AHBPrescTable
                0x08002db4       0x10 ./system/src/cmsis/system_stm32f4xx.o
                0x08002db4                AHBPrescTable
 .rodata.str1.1
                0x08002dc4        0x2 c:/program files (x86)/gnu tools arm embedded/5.4 2016q2/bin/../lib/gcc/arm-none-eabi/5.4.1/../../../../arm-none-eabi/lib/armv7e-m\libg_nano.a(lib_a-impure.o)
 .rodata.str1.1
                0x08002dc6       0x25 c:/program files (x86)/gnu tools arm embedded/5.4 2016q2/bin/../lib/gcc/arm-none-eabi/5.4.1/../../../../arm-none-eabi/lib/armv7e-m\libg_nano.a(lib_a-utoa.o)
 *(vtable)
 *(.eh_frame*)
 *(.glue_7)
 .glue_7        0x08002deb        0x0 linker stubs
 *(.glue_7t)
 .glue_7t       0x08002deb        0x0 linker stubs

.vfp11_veneer   0x08002dec        0x0
 .vfp11_veneer  0x08002dec        0x0 linker stubs

.v4_bx          0x08002dec        0x0
 .v4_bx         0x08002dec        0x0 linker stubs

.iplt           0x08002dec        0x0
 .iplt          0x08002dec        0x0 ./system/src/usb/usb_device.o

.rel.dyn        0x08002dec        0x0
 .rel.iplt      0x08002dec        0x0 ./system/src/usb/usb_device.o

.ARM.extab
 *(.ARM.extab* .gnu.linkonce.armextab.*)
                0x08002dec                . = ALIGN (0x4)
                0x08002dec                __exidx_start = .

.ARM.exidx
 *(.ARM.exidx* .gnu.linkonce.armexidx.*)
                0x08002dec                __exidx_end = .
                0x08002dec                . = ALIGN (0x4)
                0x08002dec                _etext = .
                0x08002dec                __etext = .

.data_CCMRAM    0x10000000        0x0 load address 0x08002dec
 FILL mask 0xff
 *(.data.CCMRAM .data.CCMRAM.*)
                0x10000000                . = ALIGN (0x4)
                0x08002dec                _sidata = LOADADDR (.data)

.data           0x20000000      0x15c load address 0x08002dec
 FILL mask 0xff
                0x20000000                _sdata = .
                0x20000000                __data_start__ = .
 *(.data_begin .data_begin.*)
 *(.data .data.*)
 .data.USBD_CustomHID_fops_FS
                0x20000000       0x10 ./system/src/usb/usbd_custom_hid_if.o
                0x20000000                USBD_CustomHID_fops_FS
 .data.CUSTOM_HID_ReportDesc_FS
                0x20000010       0x27 ./system/src/usb/usbd_custom_hid_if.o
 *fill*         0x20000037        0x1 ff
 .data.USBD_CUSTOM_HID_Desc
                0x20000038        0x9 ./system/src/usb/usbd_customhid.o
 *fill*         0x20000041        0x3 ff
 .data.USBD_CUSTOM_HID_CfgDesc
                0x20000044       0x29 ./system/src/usb/usbd_customhid.o
 *fill*         0x2000006d        0x3 ff
 .data.USBD_CUSTOM_HID
                0x20000070       0x3c ./system/src/usb/usbd_customhid.o
                0x20000070                USBD_CUSTOM_HID
 .data.USBD_CUSTOM_HID_DeviceQualifierDesc
                0x200000ac        0xa ./system/src/usb/usbd_customhid.o
 *fill*         0x200000b6        0x2 ff
 .data.FS_Desc  0x200000b8       0x1c ./system/src/usb/usbd_desc.o
                0x200000b8                FS_Desc
 .data.USBD_LangIDDesc
                0x200000d4        0x4 ./system/src/usb/usbd_desc.o
                0x200000d4                USBD_LangIDDesc
 .data.USBD_FS_DeviceDesc
                0x200000d8       0x12 ./system/src/usb/usbd_desc.o
                0x200000d8                USBD_FS_DeviceDesc
 *fill*         0x200000ea        0x2 ff
 .data.argv.4282
                0x200000ec        0x8 ./system/src/newlib/_syscalls.o
 .data.SystemCoreClock
                0x200000f4        0x4 ./system/src/cmsis/system_stm32f4xx.o
                0x200000f4                SystemCoreClock
 .data.impure_data
                0x200000f8       0x60 c:/program files (x86)/gnu tools arm embedded/5.4 2016q2/bin/../lib/gcc/arm-none-eabi/5.4.1/../../../../arm-none-eabi/lib/armv7e-m\libg_nano.a(lib_a-impure.o)
 .data._impure_ptr
                0x20000158        0x4 c:/program files (x86)/gnu tools arm embedded/5.4 2016q2/bin/../lib/gcc/arm-none-eabi/5.4.1/../../../../arm-none-eabi/lib/armv7e-m\libg_nano.a(lib_a-impure.o)
                0x20000158                _impure_ptr
 *(.data_end .data_end.*)
                0x2000015c                . = ALIGN (0x4)
                0x2000015c                _edata = .
                0x2000015c                __data_end__ = .

.igot.plt       0x2000015c        0x0 load address 0x08002f48
 .igot.plt      0x2000015c        0x0 ./system/src/usb/usb_device.o

.bss_CCMRAM     0x10000000        0x0
 *(.bss.CCMRAM .bss.CCMRAM.*)

.bss            0x2000015c      0x800
                0x2000015c                __bss_start__ = .
                0x2000015c                _sbss = .
 *(.bss_begin .bss_begin.*)
 *(.bss .bss.*)
 .bss.cfgidx.10455
                0x2000015c        0x1 ./system/src/usb/usbd_ctlreq.o
 *fill*         0x2000015d        0x3 
 .bss.current_heap_end.3973
                0x20000160        0x4 ./system/src/newlib/_sbrk.o
 .bss.name.4281
                0x20000164        0x1 ./system/src/newlib/_syscalls.o
 *fill*         0x20000165        0x3 
 .bss.counter   0x20000168        0x4 ./src/main.o
                0x20000168                counter
 .bss.__malloc_sbrk_start
                0x2000016c        0x4 c:/program files (x86)/gnu tools arm embedded/5.4 2016q2/bin/../lib/gcc/arm-none-eabi/5.4.1/../../../../arm-none-eabi/lib/armv7e-m\libg_nano.a(lib_a-nano-mallocr.o)
                0x2000016c                __malloc_sbrk_start
 .bss.__malloc_free_list
                0x20000170        0x4 c:/program files (x86)/gnu tools arm embedded/5.4 2016q2/bin/../lib/gcc/arm-none-eabi/5.4.1/../../../../arm-none-eabi/lib/armv7e-m\libg_nano.a(lib_a-nano-mallocr.o)
                0x20000170                __malloc_free_list
 *(COMMON)
 COMMON         0x20000174      0x224 ./system/src/usb/usb_device.o
                0x20000174                hUsbDeviceFS
 COMMON         0x20000398      0x3b8 ./system/src/usb/usbd_conf.o
                0x20000398                hpcd_USB_OTG_FS
 COMMON         0x20000750      0x200 ./system/src/usb/usbd_desc.o
                0x20000750                USBD_StrDesc
 COMMON         0x20000950        0x4 ./system/src/stm32f4-hal/stm32f4xx_hal.o
                0x20000950                uwTick
 COMMON         0x20000954        0x4 ./system/src/newlib/_syscalls.o
                0x20000954                errno
 COMMON         0x20000958        0x4 ./src/Timer.o
                0x20000958                timer_delayCount
 *(.bss_end .bss_end.*)
                0x2000095c                . = ALIGN (0x4)
                0x2000095c                __bss_end__ = .
                0x2000095c                _ebss = .

.noinit_CCMRAM
 *(.noinit.CCMRAM .noinit.CCMRAM.*)

.noinit         0x2000095c        0x0
                0x2000095c                _noinit = .
 *(.noinit .noinit.*)
                0x2000095c                . = ALIGN (0x4)
                0x2000095c                _end_noinit = .
                [!provide]                PROVIDE (end, _end_noinit)
                [!provide]                PROVIDE (_end, _end_noinit)
                [!provide]                PROVIDE (__end, _end_noinit)
                [!provide]                PROVIDE (__end__, _end_noinit)

._check_stack   0x2000095c      0x100
                0x20000a5c                . = (. + _Minimum_Stack_Size)
 *fill*         0x2000095c      0x100 

.b1text
 *(.b1text)
 *(.b1rodata)
 *(.b1rodata.*)

.eb0text
 *(.eb0text)
 *(.eb0rodata)
 *(.eb0rodata.*)

.eb1text
 *(.eb1text)
 *(.eb1rodata)
 *(.eb1rodata.*)

.eb2text
 *(.eb2text)
 *(.eb2rodata)
 *(.eb2rodata.*)

.eb3text
 *(.eb3text)
 *(.eb3rodata)
 *(.eb3rodata.*)

.stab
 *(.stab)

.stabstr
 *(.stabstr)

.stab.excl
 *(.stab.excl)

.stab.exclstr
 *(.stab.exclstr)

.stab.index
 *(.stab.index)

.stab.indexstr
 *(.stab.indexstr)

.comment        0x00000000       0x6e
 *(.comment)
 .comment       0x00000000       0x6e ./system/src/usb/usb_device.o
                                 0x6f (size before relaxing)
 .comment       0x0000006e       0x6f ./system/src/usb/usbd_conf.o
 .comment       0x0000006e       0x6f ./system/src/usb/usbd_core.o
 .comment       0x0000006e       0x6f ./system/src/usb/usbd_ctlreq.o
 .comment       0x0000006e       0x6f ./system/src/usb/usbd_custom_hid_if.o
 .comment       0x0000006e       0x6f ./system/src/usb/usbd_customhid.o
 .comment       0x0000006e       0x6f ./system/src/usb/usbd_desc.o
 .comment       0x0000006e       0x6f ./system/src/usb/usbd_ioreq.o
 .comment       0x0000006e       0x6f ./system/src/stm32f4-hal/stm32f4xx_hal.o
 .comment       0x0000006e       0x6f ./system/src/stm32f4-hal/stm32f4xx_hal_cortex.o
 .comment       0x0000006e       0x6f ./system/src/stm32f4-hal/stm32f4xx_hal_gpio.o
 .comment       0x0000006e       0x6f ./system/src/stm32f4-hal/stm32f4xx_hal_pcd.o
 .comment       0x0000006e       0x6f ./system/src/stm32f4-hal/stm32f4xx_hal_pcd_ex.o
 .comment       0x0000006e       0x6f ./system/src/stm32f4-hal/stm32f4xx_hal_rcc.o
 .comment       0x0000006e       0x6f ./system/src/stm32f4-hal/stm32f4xx_ll_usb.o
 .comment       0x0000006e       0x6f ./system/src/newlib/_exit.o
 .comment       0x0000006e       0x6f ./system/src/newlib/_sbrk.o
 .comment       0x0000006e       0x6f ./system/src/newlib/_startup.o
 .comment       0x0000006e       0x6f ./system/src/newlib/_syscalls.o
 .comment       0x0000006e       0x6f ./system/src/cortexm/_initialize_hardware.o
 .comment       0x0000006e       0x6f ./system/src/cortexm/_reset_hardware.o
 .comment       0x0000006e       0x6f ./system/src/cortexm/exception_handlers.o
 .comment       0x0000006e       0x6f ./system/src/cmsis/system_stm32f4xx.o
 .comment       0x0000006e       0x6f ./system/src/cmsis/vectors_stm32f405xx.o
 .comment       0x0000006e       0x6f ./src/Timer.o
 .comment       0x0000006e       0x6f ./src/_initialize_hardware.o
 .comment       0x0000006e       0x6f ./src/main.o

.ARM.attributes
                0x00000000       0x31
 .ARM.attributes
                0x00000000       0x33 ./system/src/usb/usb_device.o
 .ARM.attributes
                0x00000033       0x33 ./system/src/usb/usbd_conf.o
 .ARM.attributes
                0x00000066       0x33 ./system/src/usb/usbd_core.o
 .ARM.attributes
                0x00000099       0x33 ./system/src/usb/usbd_ctlreq.o
 .ARM.attributes
                0x000000cc       0x33 ./system/src/usb/usbd_custom_hid_if.o
 .ARM.attributes
                0x000000ff       0x33 ./system/src/usb/usbd_customhid.o
 .ARM.attributes
                0x00000132       0x33 ./system/src/usb/usbd_desc.o
 .ARM.attributes
                0x00000165       0x33 ./system/src/usb/usbd_ioreq.o
 .ARM.attributes
                0x00000198       0x33 ./system/src/stm32f4-hal/stm32f4xx_hal.o
 .ARM.attributes
                0x000001cb       0x33 ./system/src/stm32f4-hal/stm32f4xx_hal_cortex.o
 .ARM.attributes
                0x000001fe       0x33 ./system/src/stm32f4-hal/stm32f4xx_hal_gpio.o
 .ARM.attributes
                0x00000231       0x33 ./system/src/stm32f4-hal/stm32f4xx_hal_pcd.o
 .ARM.attributes
                0x00000264       0x33 ./system/src/stm32f4-hal/stm32f4xx_hal_pcd_ex.o
 .ARM.attributes
                0x00000297       0x33 ./system/src/stm32f4-hal/stm32f4xx_hal_rcc.o
 .ARM.attributes
                0x000002ca       0x33 ./system/src/stm32f4-hal/stm32f4xx_ll_usb.o
 .ARM.attributes
                0x000002fd       0x33 ./system/src/newlib/_exit.o
 .ARM.attributes
                0x00000330       0x33 ./system/src/newlib/_sbrk.o
 .ARM.attributes
                0x00000363       0x33 ./system/src/newlib/_startup.o
 .ARM.attributes
                0x00000396       0x33 ./system/src/newlib/_syscalls.o
 .ARM.attributes
                0x000003c9       0x33 ./system/src/cortexm/_initialize_hardware.o
 .ARM.attributes
                0x000003fc       0x33 ./system/src/cortexm/_reset_hardware.o
 .ARM.attributes
                0x0000042f       0x33 ./system/src/cortexm/exception_handlers.o
 .ARM.attributes
                0x00000462       0x33 ./system/src/cmsis/system_stm32f4xx.o
 .ARM.attributes
                0x00000495       0x33 ./system/src/cmsis/vectors_stm32f405xx.o
 .ARM.attributes
                0x000004c8       0x33 ./src/Timer.o
 .ARM.attributes
                0x000004fb       0x33 ./src/_initialize_hardware.o
 .ARM.attributes
                0x0000052e       0x33 ./src/main.o
 .ARM.attributes
                0x00000561       0x2e c:/program files (x86)/gnu tools arm embedded/5.4 2016q2/bin/../lib/gcc/arm-none-eabi/5.4.1/../../../../arm-none-eabi/lib/armv7e-m\libg_nano.a(lib_a-errno.o)
 .ARM.attributes
                0x0000058f       0x2e c:/program files (x86)/gnu tools arm embedded/5.4 2016q2/bin/../lib/gcc/arm-none-eabi/5.4.1/../../../../arm-none-eabi/lib/armv7e-m\libg_nano.a(lib_a-impure.o)
 .ARM.attributes
                0x000005bd       0x2e c:/program files (x86)/gnu tools arm embedded/5.4 2016q2/bin/../lib/gcc/arm-none-eabi/5.4.1/../../../../arm-none-eabi/lib/armv7e-m\libg_nano.a(lib_a-itoa.o)
 .ARM.attributes
                0x000005eb       0x2e c:/program files (x86)/gnu tools arm embedded/5.4 2016q2/bin/../lib/gcc/arm-none-eabi/5.4.1/../../../../arm-none-eabi/lib/armv7e-m\libg_nano.a(lib_a-malloc.o)
 .ARM.attributes
                0x00000619       0x2e c:/program files (x86)/gnu tools arm embedded/5.4 2016q2/bin/../lib/gcc/arm-none-eabi/5.4.1/../../../../arm-none-eabi/lib/armv7e-m\libg_nano.a(lib_a-nano-freer.o)
 .ARM.attributes
                0x00000647       0x2e c:/program files (x86)/gnu tools arm embedded/5.4 2016q2/bin/../lib/gcc/arm-none-eabi/5.4.1/../../../../arm-none-eabi/lib/armv7e-m\libg_nano.a(lib_a-nano-mallocr.o)
 .ARM.attributes
                0x00000675       0x2e c:/program files (x86)/gnu tools arm embedded/5.4 2016q2/bin/../lib/gcc/arm-none-eabi/5.4.1/../../../../arm-none-eabi/lib/armv7e-m\libg_nano.a(lib_a-sbrkr.o)
 .ARM.attributes
                0x000006a3       0x2e c:/program files (x86)/gnu tools arm embedded/5.4 2016q2/bin/../lib/gcc/arm-none-eabi/5.4.1/../../../../arm-none-eabi/lib/armv7e-m\libg_nano.a(lib_a-strcpy.o)
 .ARM.attributes
                0x000006d1       0x17 c:/program files (x86)/gnu tools arm embedded/5.4 2016q2/bin/../lib/gcc/arm-none-eabi/5.4.1/../../../../arm-none-eabi/lib/armv7e-m\libg_nano.a(lib_a-strlen.o)
 .ARM.attributes
                0x000006e8       0x2e c:/program files (x86)/gnu tools arm embedded/5.4 2016q2/bin/../lib/gcc/arm-none-eabi/5.4.1/../../../../arm-none-eabi/lib/armv7e-m\libg_nano.a(lib_a-utoa.o)
 .ARM.attributes
                0x00000716       0x2e c:/program files (x86)/gnu tools arm embedded/5.4 2016q2/bin/../lib/gcc/arm-none-eabi/5.4.1/../../../../arm-none-eabi/lib/armv7e-m\libg_nano.a(lib_a-mlock.o)

.debug
 *(.debug)

.line
 *(.line)

.debug_srcinfo
 *(.debug_srcinfo)

.debug_sfnames
 *(.debug_sfnames)

.debug_aranges  0x00000000      0xa30
 *(.debug_aranges)
 .debug_aranges
                0x00000000       0x20 ./system/src/usb/usb_device.o
 .debug_aranges
                0x00000020      0x100 ./system/src/usb/usbd_conf.o
 .debug_aranges
                0x00000120       0xa8 ./system/src/usb/usbd_core.o
 .debug_aranges
                0x000001c8       0x48 ./system/src/usb/usbd_ctlreq.o
 .debug_aranges
                0x00000210       0x28 ./system/src/usb/usbd_custom_hid_if.o
 .debug_aranges
                0x00000238       0x68 ./system/src/usb/usbd_customhid.o
 .debug_aranges
                0x000002a0       0x50 ./system/src/usb/usbd_desc.o
 .debug_aranges
                0x000002f0       0x50 ./system/src/usb/usbd_ioreq.o
 .debug_aranges
                0x00000340       0xb8 ./system/src/stm32f4-hal/stm32f4xx_hal.o
 .debug_aranges
                0x000003f8       0x98 ./system/src/stm32f4-hal/stm32f4xx_hal_cortex.o
 .debug_aranges
                0x00000490       0x58 ./system/src/stm32f4-hal/stm32f4xx_hal_gpio.o
 .debug_aranges
                0x000004e8       0xc0 ./system/src/stm32f4-hal/stm32f4xx_hal_pcd.o
 .debug_aranges
                0x000005a8       0x28 ./system/src/stm32f4-hal/stm32f4xx_hal_pcd_ex.o
 .debug_aranges
                0x000005d0       0x80 ./system/src/stm32f4-hal/stm32f4xx_hal_rcc.o
 .debug_aranges
                0x00000650      0x180 ./system/src/stm32f4-hal/stm32f4xx_ll_usb.o
 .debug_aranges
                0x000007d0       0x28 ./system/src/newlib/_exit.o
 .debug_aranges
                0x000007f8       0x20 ./system/src/newlib/_sbrk.o
 .debug_aranges
                0x00000818       0x40 ./system/src/newlib/_startup.o
 .debug_aranges
                0x00000858       0x30 ./system/src/newlib/_syscalls.o
 .debug_aranges
                0x00000888       0x28 ./system/src/cortexm/_initialize_hardware.o
 .debug_aranges
                0x000008b0       0x20 ./system/src/cortexm/_reset_hardware.o
 .debug_aranges
                0x000008d0       0x80 ./system/src/cortexm/exception_handlers.o
 .debug_aranges
                0x00000950       0x28 ./system/src/cmsis/system_stm32f4xx.o
 .debug_aranges
                0x00000978       0x20 ./system/src/cmsis/vectors_stm32f405xx.o
 .debug_aranges
                0x00000998       0x38 ./src/Timer.o
 .debug_aranges
                0x000009d0       0x38 ./src/_initialize_hardware.o
 .debug_aranges
                0x00000a08       0x28 ./src/main.o

.debug_pubnames
 *(.debug_pubnames)

.debug_info     0x00000000     0xd6f4
 *(.debug_info .gnu.linkonce.wi.*)
 .debug_info    0x00000000      0x5e4 ./system/src/usb/usb_device.o
 .debug_info    0x000005e4     0x18b9 ./system/src/usb/usbd_conf.o
 .debug_info    0x00001e9d      0xc04 ./system/src/usb/usbd_core.o
 .debug_info    0x00002aa1      0xc08 ./system/src/usb/usbd_ctlreq.o
 .debug_info    0x000036a9      0x1e0 ./system/src/usb/usbd_custom_hid_if.o
 .debug_info    0x00003889      0xafc ./system/src/usb/usbd_customhid.o
 .debug_info    0x00004385      0x4fe ./system/src/usb/usbd_desc.o
 .debug_info    0x00004883      0x78c ./system/src/usb/usbd_ioreq.o
 .debug_info    0x0000500f      0x8be ./system/src/stm32f4-hal/stm32f4xx_hal.o
 .debug_info    0x000058cd      0xe48 ./system/src/stm32f4-hal/stm32f4xx_hal_cortex.o
 .debug_info    0x00006715      0x701 ./system/src/stm32f4-hal/stm32f4xx_hal_gpio.o
 .debug_info    0x00006e16     0x125e ./system/src/stm32f4-hal/stm32f4xx_hal_pcd.o
 .debug_info    0x00008074      0x544 ./system/src/stm32f4-hal/stm32f4xx_hal_pcd_ex.o
 .debug_info    0x000085b8      0xc80 ./system/src/stm32f4-hal/stm32f4xx_hal_rcc.o
 .debug_info    0x00009238     0x16ca ./system/src/stm32f4-hal/stm32f4xx_ll_usb.o
 .debug_info    0x0000a902      0x104 ./system/src/newlib/_exit.o
 .debug_info    0x0000aa06      0x11b ./system/src/newlib/_sbrk.o
 .debug_info    0x0000ab21      0x481 ./system/src/newlib/_startup.o
 .debug_info    0x0000afa2      0x1c3 ./system/src/newlib/_syscalls.o
 .debug_info    0x0000b165      0x2bb ./system/src/cortexm/_initialize_hardware.o
 .debug_info    0x0000b420      0x2cd ./system/src/cortexm/_reset_hardware.o
 .debug_info    0x0000b6ed      0x27e ./system/src/cortexm/exception_handlers.o
 .debug_info    0x0000b96b      0x4b5 ./system/src/cmsis/system_stm32f4xx.o
 .debug_info    0x0000be20       0xcd ./system/src/cmsis/vectors_stm32f405xx.o
 .debug_info    0x0000beed      0x728 ./src/Timer.o
 .debug_info    0x0000c615      0x930 ./src/_initialize_hardware.o
 .debug_info    0x0000cf45      0x7af ./src/main.o

.debug_abbrev   0x00000000     0x2f19
 *(.debug_abbrev)
 .debug_abbrev  0x00000000      0x170 ./system/src/usb/usb_device.o
 .debug_abbrev  0x00000170      0x286 ./system/src/usb/usbd_conf.o
 .debug_abbrev  0x000003f6      0x270 ./system/src/usb/usbd_core.o
 .debug_abbrev  0x00000666      0x2c4 ./system/src/usb/usbd_ctlreq.o
 .debug_abbrev  0x0000092a      0x11c ./system/src/usb/usbd_custom_hid_if.o
 .debug_abbrev  0x00000a46      0x24d ./system/src/usb/usbd_customhid.o
 .debug_abbrev  0x00000c93      0x17b ./system/src/usb/usbd_desc.o
 .debug_abbrev  0x00000e0e      0x155 ./system/src/usb/usbd_ioreq.o
 .debug_abbrev  0x00000f63      0x233 ./system/src/stm32f4-hal/stm32f4xx_hal.o
 .debug_abbrev  0x00001196      0x32f ./system/src/stm32f4-hal/stm32f4xx_hal_cortex.o
 .debug_abbrev  0x000014c5      0x1c8 ./system/src/stm32f4-hal/stm32f4xx_hal_gpio.o
 .debug_abbrev  0x0000168d      0x2eb ./system/src/stm32f4-hal/stm32f4xx_hal_pcd.o
 .debug_abbrev  0x00001978      0x16f ./system/src/stm32f4-hal/stm32f4xx_hal_pcd_ex.o
 .debug_abbrev  0x00001ae7      0x2fc ./system/src/stm32f4-hal/stm32f4xx_hal_rcc.o
 .debug_abbrev  0x00001de3      0x2de ./system/src/stm32f4-hal/stm32f4xx_ll_usb.o
 .debug_abbrev  0x000020c1       0xbb ./system/src/newlib/_exit.o
 .debug_abbrev  0x0000217c       0xb6 ./system/src/newlib/_sbrk.o
 .debug_abbrev  0x00002232      0x1eb ./system/src/newlib/_startup.o
 .debug_abbrev  0x0000241d       0xe9 ./system/src/newlib/_syscalls.o
 .debug_abbrev  0x00002506       0xf5 ./system/src/cortexm/_initialize_hardware.o
 .debug_abbrev  0x000025fb       0xfc ./system/src/cortexm/_reset_hardware.o
 .debug_abbrev  0x000026f7       0xee ./system/src/cortexm/exception_handlers.o
 .debug_abbrev  0x000027e5      0x101 ./system/src/cmsis/system_stm32f4xx.o
 .debug_abbrev  0x000028e6       0x9a ./system/src/cmsis/vectors_stm32f405xx.o
 .debug_abbrev  0x00002980      0x1e3 ./src/Timer.o
 .debug_abbrev  0x00002b63      0x1a5 ./src/_initialize_hardware.o
 .debug_abbrev  0x00002d08      0x211 ./src/main.o

.debug_line     0x00000000     0x3fc5
 *(.debug_line)
 .debug_line    0x00000000      0x155 ./system/src/usb/usb_device.o
 .debug_line    0x00000155      0x429 ./system/src/usb/usbd_conf.o
 .debug_line    0x0000057e      0x344 ./system/src/usb/usbd_core.o
 .debug_line    0x000008c2      0x288 ./system/src/usb/usbd_ctlreq.o
 .debug_line    0x00000b4a      0x184 ./system/src/usb/usbd_custom_hid_if.o
 .debug_line    0x00000cce      0x2f9 ./system/src/usb/usbd_customhid.o
 .debug_line    0x00000fc7      0x1e2 ./system/src/usb/usbd_desc.o
 .debug_line    0x000011a9      0x1ed ./system/src/usb/usbd_ioreq.o
 .debug_line    0x00001396      0x2f9 ./system/src/stm32f4-hal/stm32f4xx_hal.o
 .debug_line    0x0000168f      0x340 ./system/src/stm32f4-hal/stm32f4xx_hal_cortex.o
 .debug_line    0x000019cf      0x322 ./system/src/stm32f4-hal/stm32f4xx_hal_gpio.o
 .debug_line    0x00001cf1      0x5fa ./system/src/stm32f4-hal/stm32f4xx_hal_pcd.o
 .debug_line    0x000022eb      0x192 ./system/src/stm32f4-hal/stm32f4xx_hal_pcd_ex.o
 .debug_line    0x0000247d      0x4bf ./system/src/stm32f4-hal/stm32f4xx_hal_rcc.o
 .debug_line    0x0000293c      0x748 ./system/src/stm32f4-hal/stm32f4xx_ll_usb.o
 .debug_line    0x00003084      0x139 ./system/src/newlib/_exit.o
 .debug_line    0x000031bd       0xc3 ./system/src/newlib/_sbrk.o
 .debug_line    0x00003280      0x11b ./system/src/newlib/_startup.o
 .debug_line    0x0000339b      0x154 ./system/src/newlib/_syscalls.o
 .debug_line    0x000034ef      0x118 ./system/src/cortexm/_initialize_hardware.o
 .debug_line    0x00003607      0x111 ./system/src/cortexm/_reset_hardware.o
 .debug_line    0x00003718      0x14a ./system/src/cortexm/exception_handlers.o
 .debug_line    0x00003862      0x12d ./system/src/cmsis/system_stm32f4xx.o
 .debug_line    0x0000398f       0x5a ./system/src/cmsis/vectors_stm32f405xx.o
 .debug_line    0x000039e9      0x158 ./src/Timer.o
 .debug_line    0x00003b41      0x216 ./src/_initialize_hardware.o
 .debug_line    0x00003d57      0x26e ./src/main.o

.debug_frame    0x00000000     0x1984
 *(.debug_frame)
 .debug_frame   0x00000000       0x2c ./system/src/usb/usb_device.o
 .debug_frame   0x0000002c      0x27c ./system/src/usb/usbd_conf.o
 .debug_frame   0x000002a8      0x1c0 ./system/src/usb/usbd_core.o
 .debug_frame   0x00000468       0xb0 ./system/src/usb/usbd_ctlreq.o
 .debug_frame   0x00000518       0x40 ./system/src/usb/usbd_custom_hid_if.o
 .debug_frame   0x00000558       0xec ./system/src/usb/usbd_customhid.o
 .debug_frame   0x00000644       0xa8 ./system/src/usb/usbd_desc.o
 .debug_frame   0x000006ec       0xb8 ./system/src/usb/usbd_ioreq.o
 .debug_frame   0x000007a4      0x184 ./system/src/stm32f4-hal/stm32f4xx_hal.o
 .debug_frame   0x00000928      0x130 ./system/src/stm32f4-hal/stm32f4xx_hal_cortex.o
 .debug_frame   0x00000a58       0xd4 ./system/src/stm32f4-hal/stm32f4xx_hal_gpio.o
 .debug_frame   0x00000b2c      0x2c0 ./system/src/stm32f4-hal/stm32f4xx_hal_pcd.o
 .debug_frame   0x00000dec       0x3c ./system/src/stm32f4-hal/stm32f4xx_hal_pcd_ex.o
 .debug_frame   0x00000e28      0x150 ./system/src/stm32f4-hal/stm32f4xx_hal_rcc.o
 .debug_frame   0x00000f78      0x47c ./system/src/stm32f4-hal/stm32f4xx_ll_usb.o
 .debug_frame   0x000013f4       0x40 ./system/src/newlib/_exit.o
 .debug_frame   0x00001434       0x28 ./system/src/newlib/_sbrk.o
 .debug_frame   0x0000145c       0x80 ./system/src/newlib/_startup.o
 .debug_frame   0x000014dc       0x50 ./system/src/newlib/_syscalls.o
 .debug_frame   0x0000152c       0x38 ./system/src/cortexm/_initialize_hardware.o
 .debug_frame   0x00001564       0x20 ./system/src/cortexm/_reset_hardware.o
 .debug_frame   0x00001584       0xe0 ./system/src/cortexm/exception_handlers.o
 .debug_frame   0x00001664       0x30 ./system/src/cmsis/system_stm32f4xx.o
 .debug_frame   0x00001694       0x20 ./system/src/cmsis/vectors_stm32f405xx.o
 .debug_frame   0x000016b4       0x5c ./src/Timer.o
 .debug_frame   0x00001710       0x7c ./src/_initialize_hardware.o
 .debug_frame   0x0000178c       0x4c ./src/main.o
 .debug_frame   0x000017d8       0x20 c:/program files (x86)/gnu tools arm embedded/5.4 2016q2/bin/../lib/gcc/arm-none-eabi/5.4.1/../../../../arm-none-eabi/lib/armv7e-m\libg_nano.a(lib_a-errno.o)
 .debug_frame   0x000017f8       0x38 c:/program files (x86)/gnu tools arm embedded/5.4 2016q2/bin/../lib/gcc/arm-none-eabi/5.4.1/../../../../arm-none-eabi/lib/armv7e-m\libg_nano.a(lib_a-itoa.o)
 .debug_frame   0x00001830       0x30 c:/program files (x86)/gnu tools arm embedded/5.4 2016q2/bin/../lib/gcc/arm-none-eabi/5.4.1/../../../../arm-none-eabi/lib/armv7e-m\libg_nano.a(lib_a-malloc.o)
 .debug_frame   0x00001860       0x38 c:/program files (x86)/gnu tools arm embedded/5.4 2016q2/bin/../lib/gcc/arm-none-eabi/5.4.1/../../../../arm-none-eabi/lib/armv7e-m\libg_nano.a(lib_a-nano-freer.o)
 .debug_frame   0x00001898       0x2c c:/program files (x86)/gnu tools arm embedded/5.4 2016q2/bin/../lib/gcc/arm-none-eabi/5.4.1/../../../../arm-none-eabi/lib/armv7e-m\libg_nano.a(lib_a-nano-mallocr.o)
 .debug_frame   0x000018c4       0x2c c:/program files (x86)/gnu tools arm embedded/5.4 2016q2/bin/../lib/gcc/arm-none-eabi/5.4.1/../../../../arm-none-eabi/lib/armv7e-m\libg_nano.a(lib_a-sbrkr.o)
 .debug_frame   0x000018f0       0x20 c:/program files (x86)/gnu tools arm embedded/5.4 2016q2/bin/../lib/gcc/arm-none-eabi/5.4.1/../../../../arm-none-eabi/lib/armv7e-m\libg_nano.a(lib_a-strcpy.o)
 .debug_frame   0x00001910       0x44 c:/program files (x86)/gnu tools arm embedded/5.4 2016q2/bin/../lib/gcc/arm-none-eabi/5.4.1/../../../../arm-none-eabi/lib/armv7e-m\libg_nano.a(lib_a-utoa.o)
 .debug_frame   0x00001954       0x30 c:/program files (x86)/gnu tools arm embedded/5.4 2016q2/bin/../lib/gcc/arm-none-eabi/5.4.1/../../../../arm-none-eabi/lib/armv7e-m\libg_nano.a(lib_a-mlock.o)

.debug_str      0x00000000     0x3264
 *(.debug_str)
 .debug_str     0x00000000      0x5a6 ./system/src/usb/usb_device.o
                                0x670 (size before relaxing)
 .debug_str     0x000005a6      0xef6 ./system/src/usb/usbd_conf.o
                               0x1496 (size before relaxing)
 .debug_str     0x0000149c      0x150 ./system/src/usb/usbd_core.o
                                0x864 (size before relaxing)
 .debug_str     0x000015ec       0xd2 ./system/src/usb/usbd_ctlreq.o
                                0x796 (size before relaxing)
 .debug_str     0x000016be       0x7f ./system/src/usb/usbd_custom_hid_if.o
                                0x2e7 (size before relaxing)
 .debug_str     0x0000173d      0x22d ./system/src/usb/usbd_customhid.o
                                0x8f3 (size before relaxing)
 .debug_str     0x0000196a      0x119 ./system/src/usb/usbd_desc.o
                                0x450 (size before relaxing)
 .debug_str     0x00001a83       0x2f ./system/src/usb/usbd_ioreq.o
                                0x6c3 (size before relaxing)
 .debug_str     0x00001ab2      0x292 ./system/src/stm32f4-hal/stm32f4xx_hal.o
                                0xa95 (size before relaxing)
 .debug_str     0x00001d44      0x321 ./system/src/stm32f4-hal/stm32f4xx_hal_cortex.o
                                0xbe7 (size before relaxing)
 .debug_str     0x00002065      0x14c ./system/src/stm32f4-hal/stm32f4xx_hal_gpio.o
                                0x505 (size before relaxing)
 .debug_str     0x000021b1      0x46f ./system/src/stm32f4-hal/stm32f4xx_hal_pcd.o
                                0xaec (size before relaxing)
 .debug_str     0x00002620       0x40 ./system/src/stm32f4-hal/stm32f4xx_hal_pcd_ex.o
                                0x591 (size before relaxing)
 .debug_str     0x00002660      0x2a9 ./system/src/stm32f4-hal/stm32f4xx_hal_rcc.o
                                0x6d1 (size before relaxing)
 .debug_str     0x00002909      0x39e ./system/src/stm32f4-hal/stm32f4xx_ll_usb.o
                                0xbb5 (size before relaxing)
 .debug_str     0x00002ca7       0x45 ./system/src/newlib/_exit.o
                                0x1fc (size before relaxing)
 .debug_str     0x00002cec       0x77 ./system/src/newlib/_sbrk.o
                                0x229 (size before relaxing)
 .debug_str     0x00002d63      0x1a3 ./system/src/newlib/_startup.o
                                0x377 (size before relaxing)
 .debug_str     0x00002f06       0x54 ./system/src/newlib/_syscalls.o
                                0x231 (size before relaxing)
 .debug_str     0x00002f5a       0x5e ./system/src/cortexm/_initialize_hardware.o
                                0x2c6 (size before relaxing)
 .debug_str     0x00002fb8       0x28 ./system/src/cortexm/_reset_hardware.o
                                0x28c (size before relaxing)
 .debug_str     0x00002fe0      0x119 ./system/src/cortexm/exception_handlers.o
                                0x2ef (size before relaxing)
 .debug_str     0x000030f9       0x31 ./system/src/cmsis/system_stm32f4xx.o
                                0x3a9 (size before relaxing)
 .debug_str     0x0000312a       0x59 ./system/src/cmsis/vectors_stm32f405xx.o
                                0x1fa (size before relaxing)
 .debug_str     0x00003183       0x51 ./src/Timer.o
                                0x839 (size before relaxing)
 .debug_str     0x000031d4       0x3e ./src/_initialize_hardware.o
                                0xa9e (size before relaxing)
 .debug_str     0x00003212       0x52 ./src/main.o
                                0x6b8 (size before relaxing)

.debug_loc      0x00000000     0x51bf
 *(.debug_loc)
 .debug_loc     0x00000000      0x6b1 ./system/src/usb/usbd_conf.o
 .debug_loc     0x000006b1      0x5d9 ./system/src/usb/usbd_core.o
 .debug_loc     0x00000c8a      0x710 ./system/src/usb/usbd_ctlreq.o
 .debug_loc     0x0000139a       0x21 ./system/src/usb/usbd_custom_hid_if.o
 .debug_loc     0x000013bb      0x509 ./system/src/usb/usbd_customhid.o
 .debug_loc     0x000018c4      0x273 ./system/src/usb/usbd_desc.o
 .debug_loc     0x00001b37      0x23c ./system/src/usb/usbd_ioreq.o
 .debug_loc     0x00001d73       0x84 ./system/src/stm32f4-hal/stm32f4xx_hal.o
 .debug_loc     0x00001df7      0x4ab ./system/src/stm32f4-hal/stm32f4xx_hal_cortex.o
 .debug_loc     0x000022a2      0x374 ./system/src/stm32f4-hal/stm32f4xx_hal_gpio.o
 .debug_loc     0x00002616      0xb50 ./system/src/stm32f4-hal/stm32f4xx_hal_pcd.o
 .debug_loc     0x00003166       0xda ./system/src/stm32f4-hal/stm32f4xx_hal_pcd_ex.o
 .debug_loc     0x00003240      0x4e3 ./system/src/stm32f4-hal/stm32f4xx_hal_rcc.o
 .debug_loc     0x00003723     0x1473 ./system/src/stm32f4-hal/stm32f4xx_ll_usb.o
 .debug_loc     0x00004b96       0x21 ./system/src/newlib/_exit.o
 .debug_loc     0x00004bb7       0x92 ./system/src/newlib/_sbrk.o
 .debug_loc     0x00004c49      0x31d ./system/src/newlib/_startup.o
 .debug_loc     0x00004f66       0x63 ./system/src/newlib/_syscalls.o
 .debug_loc     0x00004fc9       0xd7 ./system/src/cmsis/system_stm32f4xx.o
 .debug_loc     0x000050a0       0x88 ./src/Timer.o
 .debug_loc     0x00005128       0x97 ./src/main.o

.debug_macinfo
 *(.debug_macinfo)

.debug_weaknames
 *(.debug_weaknames)

.debug_funcnames
 *(.debug_funcnames)

.debug_typenames
 *(.debug_typenames)

.debug_varnames
 *(.debug_varnames)
OUTPUT(stm32f405_hid.elf elf32-littlearm)

.debug_ranges   0x00000000      0xad8
 .debug_ranges  0x00000000       0x10 ./system/src/usb/usb_device.o
 .debug_ranges  0x00000010      0x108 ./system/src/usb/usbd_conf.o
 .debug_ranges  0x00000118       0x98 ./system/src/usb/usbd_core.o
 .debug_ranges  0x000001b0       0x38 ./system/src/usb/usbd_ctlreq.o
 .debug_ranges  0x000001e8       0x18 ./system/src/usb/usbd_custom_hid_if.o
 .debug_ranges  0x00000200       0x58 ./system/src/usb/usbd_customhid.o
 .debug_ranges  0x00000258       0x40 ./system/src/usb/usbd_desc.o
 .debug_ranges  0x00000298       0x40 ./system/src/usb/usbd_ioreq.o
 .debug_ranges  0x000002d8       0xa8 ./system/src/stm32f4-hal/stm32f4xx_hal.o
 .debug_ranges  0x00000380      0x148 ./system/src/stm32f4-hal/stm32f4xx_hal_cortex.o
 .debug_ranges  0x000004c8       0x70 ./system/src/stm32f4-hal/stm32f4xx_hal_gpio.o
 .debug_ranges  0x00000538       0xb0 ./system/src/stm32f4-hal/stm32f4xx_hal_pcd.o
 .debug_ranges  0x000005e8       0x18 ./system/src/stm32f4-hal/stm32f4xx_hal_pcd_ex.o
 .debug_ranges  0x00000600      0x150 ./system/src/stm32f4-hal/stm32f4xx_hal_rcc.o
 .debug_ranges  0x00000750      0x170 ./system/src/stm32f4-hal/stm32f4xx_ll_usb.o
 .debug_ranges  0x000008c0       0x18 ./system/src/newlib/_exit.o
 .debug_ranges  0x000008d8       0x10 ./system/src/newlib/_sbrk.o
 .debug_ranges  0x000008e8       0x78 ./system/src/newlib/_startup.o
 .debug_ranges  0x00000960       0x20 ./system/src/newlib/_syscalls.o
 .debug_ranges  0x00000980       0x18 ./system/src/cortexm/_initialize_hardware.o
 .debug_ranges  0x00000998       0x10 ./system/src/cortexm/_reset_hardware.o
 .debug_ranges  0x000009a8       0x70 ./system/src/cortexm/exception_handlers.o
 .debug_ranges  0x00000a18       0x18 ./system/src/cmsis/system_stm32f4xx.o
 .debug_ranges  0x00000a30       0x10 ./system/src/cmsis/vectors_stm32f405xx.o
 .debug_ranges  0x00000a40       0x28 ./src/Timer.o
 .debug_ranges  0x00000a68       0x58 ./src/_initialize_hardware.o
 .debug_ranges  0x00000ac0       0x18 ./src/main.o
