Archive member included to satisfy reference by file (symbol)

c:/program files (x86)/gnu tools arm embedded/5.4 2016q2/bin/../lib/gcc/arm-none-eabi/5.4.1/../../../../arm-none-eabi/lib/armv7e-m\libg_nano.a(lib_a-errno.o)
                              ./system/src/newlib/_sbrk.o (__errno)
c:/program files (x86)/gnu tools arm embedded/5.4 2016q2/bin/../lib/gcc/arm-none-eabi/5.4.1/../../../../arm-none-eabi/lib/armv7e-m\libg_nano.a(lib_a-impure.o)
                              c:/program files (x86)/gnu tools arm embedded/5.4 2016q2/bin/../lib/gcc/arm-none-eabi/5.4.1/../../../../arm-none-eabi/lib/armv7e-m\libg_nano.a(lib_a-errno.o) (_impure_ptr)
c:/program files (x86)/gnu tools arm embedded/5.4 2016q2/bin/../lib/gcc/arm-none-eabi/5.4.1/../../../../arm-none-eabi/lib/armv7e-m\libg_nano.a(lib_a-malloc.o)
                              ./system/src/usb/usbd_customhid.o (malloc)
c:/program files (x86)/gnu tools arm embedded/5.4 2016q2/bin/../lib/gcc/arm-none-eabi/5.4.1/../../../../arm-none-eabi/lib/armv7e-m\libg_nano.a(lib_a-memcpy-stub.o)
                              ./src/main.o (memcpy)
c:/program files (x86)/gnu tools arm embedded/5.4 2016q2/bin/../lib/gcc/arm-none-eabi/5.4.1/../../../../arm-none-eabi/lib/armv7e-m\libg_nano.a(lib_a-memset.o)
                              ./src/main.o (memset)
c:/program files (x86)/gnu tools arm embedded/5.4 2016q2/bin/../lib/gcc/arm-none-eabi/5.4.1/../../../../arm-none-eabi/lib/armv7e-m\libg_nano.a(lib_a-nano-freer.o)
                              c:/program files (x86)/gnu tools arm embedded/5.4 2016q2/bin/../lib/gcc/arm-none-eabi/5.4.1/../../../../arm-none-eabi/lib/armv7e-m\libg_nano.a(lib_a-malloc.o) (_free_r)
c:/program files (x86)/gnu tools arm embedded/5.4 2016q2/bin/../lib/gcc/arm-none-eabi/5.4.1/../../../../arm-none-eabi/lib/armv7e-m\libg_nano.a(lib_a-nano-mallocr.o)
                              c:/program files (x86)/gnu tools arm embedded/5.4 2016q2/bin/../lib/gcc/arm-none-eabi/5.4.1/../../../../arm-none-eabi/lib/armv7e-m\libg_nano.a(lib_a-malloc.o) (_malloc_r)
c:/program files (x86)/gnu tools arm embedded/5.4 2016q2/bin/../lib/gcc/arm-none-eabi/5.4.1/../../../../arm-none-eabi/lib/armv7e-m\libg_nano.a(lib_a-sbrkr.o)
                              c:/program files (x86)/gnu tools arm embedded/5.4 2016q2/bin/../lib/gcc/arm-none-eabi/5.4.1/../../../../arm-none-eabi/lib/armv7e-m\libg_nano.a(lib_a-nano-mallocr.o) (_sbrk_r)
c:/program files (x86)/gnu tools arm embedded/5.4 2016q2/bin/../lib/gcc/arm-none-eabi/5.4.1/../../../../arm-none-eabi/lib/armv7e-m\libg_nano.a(lib_a-strcpy.o)
                              ./src/main.o (strcpy)
c:/program files (x86)/gnu tools arm embedded/5.4 2016q2/bin/../lib/gcc/arm-none-eabi/5.4.1/../../../../arm-none-eabi/lib/armv7e-m\libg_nano.a(lib_a-strlen.o)
                              ./system/src/diag/Trace.o (strlen)
c:/program files (x86)/gnu tools arm embedded/5.4 2016q2/bin/../lib/gcc/arm-none-eabi/5.4.1/../../../../arm-none-eabi/lib/armv7e-m\libg_nano.a(lib_a-vsnprintf.o)
                              ./system/src/diag/Trace.o (vsnprintf)
c:/program files (x86)/gnu tools arm embedded/5.4 2016q2/bin/../lib/gcc/arm-none-eabi/5.4.1/../../../../arm-none-eabi/lib/armv7e-m\libg_nano.a(lib_a-mlock.o)
                              c:/program files (x86)/gnu tools arm embedded/5.4 2016q2/bin/../lib/gcc/arm-none-eabi/5.4.1/../../../../arm-none-eabi/lib/armv7e-m\libg_nano.a(lib_a-nano-freer.o) (__malloc_lock)
c:/program files (x86)/gnu tools arm embedded/5.4 2016q2/bin/../lib/gcc/arm-none-eabi/5.4.1/../../../../arm-none-eabi/lib/armv7e-m\libg_nano.a(lib_a-nano-svfprintf.o)
                              c:/program files (x86)/gnu tools arm embedded/5.4 2016q2/bin/../lib/gcc/arm-none-eabi/5.4.1/../../../../arm-none-eabi/lib/armv7e-m\libg_nano.a(lib_a-vsnprintf.o) (_svfprintf_r)
c:/program files (x86)/gnu tools arm embedded/5.4 2016q2/bin/../lib/gcc/arm-none-eabi/5.4.1/../../../../arm-none-eabi/lib/armv7e-m\libg_nano.a(lib_a-nano-vfprintf_i.o)
                              c:/program files (x86)/gnu tools arm embedded/5.4 2016q2/bin/../lib/gcc/arm-none-eabi/5.4.1/../../../../arm-none-eabi/lib/armv7e-m\libg_nano.a(lib_a-nano-svfprintf.o) (_printf_i)
c:/program files (x86)/gnu tools arm embedded/5.4 2016q2/bin/../lib/gcc/arm-none-eabi/5.4.1/../../../../arm-none-eabi/lib/armv7e-m\libg_nano.a(lib_a-memchr.o)
                              c:/program files (x86)/gnu tools arm embedded/5.4 2016q2/bin/../lib/gcc/arm-none-eabi/5.4.1/../../../../arm-none-eabi/lib/armv7e-m\libg_nano.a(lib_a-nano-svfprintf.o) (memchr)
c:/program files (x86)/gnu tools arm embedded/5.4 2016q2/bin/../lib/gcc/arm-none-eabi/5.4.1/../../../../arm-none-eabi/lib/armv7e-m\libg_nano.a(lib_a-memmove.o)
                              c:/program files (x86)/gnu tools arm embedded/5.4 2016q2/bin/../lib/gcc/arm-none-eabi/5.4.1/../../../../arm-none-eabi/lib/armv7e-m\libg_nano.a(lib_a-nano-svfprintf.o) (memmove)
[...]
Memory Configuration

Name             Origin             Length             Attributes
RAM              0x20000000         0x00020000         xrw
CCMRAM           0x10000000         0x00010000         xrw
FLASH            0x08000000         0x00100000         xr
FLASHB1          0x00000000         0x00000000         xr
EXTMEMB0         0x00000000         0x00000000         xr
EXTMEMB1         0x00000000         0x00000000         xr
EXTMEMB2         0x00000000         0x00000000         xr
EXTMEMB3         0x00000000         0x00000000         xr
MEMORY_ARRAY     0x20002000         0x00000020         xrw
*default*        0x00000000         0xffffffff

Linker script and memory map

LOAD ./system/src/usb/usb_device.o
LOAD ./system/src/usb/usbd_conf.o
LOAD ./system/src/usb/usbd_core.o
LOAD ./system/src/usb/usbd_ctlreq.o
LOAD ./system/src/usb/usbd_custom_hid_if.o
LOAD ./system/src/usb/usbd_customhid.o
LOAD ./system/src/usb/usbd_desc.o
LOAD ./system/src/usb/usbd_ioreq.o
LOAD ./system/src/stm32f4-hal/stm32f4xx_hal.o
LOAD ./system/src/stm32f4-hal/stm32f4xx_hal_cortex.o
LOAD ./system/src/stm32f4-hal/stm32f4xx_hal_flash.o
LOAD ./system/src/stm32f4-hal/stm32f4xx_hal_gpio.o
LOAD ./system/src/stm32f4-hal/stm32f4xx_hal_iwdg.o
LOAD ./system/src/stm32f4-hal/stm32f4xx_hal_pcd.o
LOAD ./system/src/stm32f4-hal/stm32f4xx_hal_pcd_ex.o
LOAD ./system/src/stm32f4-hal/stm32f4xx_hal_pwr.o
LOAD ./system/src/stm32f4-hal/stm32f4xx_hal_rcc.o
LOAD ./system/src/stm32f4-hal/stm32f4xx_ll_usb.o
LOAD ./system/src/newlib/_cxx.o
LOAD ./system/src/newlib/_exit.o
LOAD ./system/src/newlib/_sbrk.o
LOAD ./system/src/newlib/_startup.o
LOAD ./system/src/newlib/_syscalls.o
LOAD ./system/src/newlib/assert.o
LOAD ./system/src/diag/Trace.o
LOAD ./system/src/diag/trace_impl.o
LOAD ./system/src/cortexm/_initialize_hardware.o
LOAD ./system/src/cortexm/_reset_hardware.o
LOAD ./system/src/cortexm/exception_handlers.o
LOAD ./system/src/cmsis/system_stm32f4xx.o
LOAD ./system/src/cmsis/vectors_stm32f405xx.o
LOAD ./src/BlinkLed.o
LOAD ./src/Timer.o
LOAD ./src/_initialize_hardware.o
LOAD ./src/main.o
LOAD c:/program files (x86)/gnu tools arm embedded/5.4 2016q2/bin/../lib/gcc/arm-none-eabi/5.4.1/../../../../arm-none-eabi/lib/armv7e-m\libstdc++_nano.a
LOAD c:/program files (x86)/gnu tools arm embedded/5.4 2016q2/bin/../lib/gcc/arm-none-eabi/5.4.1/../../../../arm-none-eabi/lib/armv7e-m\libm.a
START GROUP
LOAD c:/program files (x86)/gnu tools arm embedded/5.4 2016q2/bin/../lib/gcc/arm-none-eabi/5.4.1/armv7e-m\libgcc.a
LOAD c:/program files (x86)/gnu tools arm embedded/5.4 2016q2/bin/../lib/gcc/arm-none-eabi/5.4.1/../../../../arm-none-eabi/lib/armv7e-m\libg_nano.a
LOAD c:/program files (x86)/gnu tools arm embedded/5.4 2016q2/bin/../lib/gcc/arm-none-eabi/5.4.1/../../../../arm-none-eabi/lib/armv7e-m\libc_nano.a
END GROUP
START GROUP
LOAD c:/program files (x86)/gnu tools arm embedded/5.4 2016q2/bin/../lib/gcc/arm-none-eabi/5.4.1/armv7e-m\libgcc.a
LOAD c:/program files (x86)/gnu tools arm embedded/5.4 2016q2/bin/../lib/gcc/arm-none-eabi/5.4.1/../../../../arm-none-eabi/lib/armv7e-m\libc_nano.a
END GROUP
                0x20020000                __stack = (ORIGIN (RAM) + LENGTH (RAM))
                0x20020000                _estack = __stack
                0x00000400                __Main_Stack_Size = 0x400
                [!provide]                PROVIDE (_Main_Stack_Size, __Main_Stack_Size)
                0x2001fc00                __Main_Stack_Limit = (__stack - __Main_Stack_Size)
                [!provide]                PROVIDE (_Main_Stack_Limit, __Main_Stack_Limit)
                0x00000100                _Minimum_Stack_Size = 0x100
                0x20000dec                PROVIDE (_Heap_Begin, _end_noinit)
                0x2001fc00                PROVIDE (_Heap_Limit, (__stack - __Main_Stack_Size))

.isr_vector     0x08000000      0x3ec
 FILL mask 0xff
                0x08000000                __vectors_start = ABSOLUTE (.)
                0x08000000                __vectors_start__ = ABSOLUTE (.)
 *(.isr_vector)
 .isr_vector    0x08000000      0x188 ./system/src/cmsis/vectors_stm32f405xx.o
                0x08000000                __isr_vectors
 *(.cfmconfig)
 *(.after_vectors .after_vectors.*)
 .after_vectors
                0x08000188      0x130 ./system/src/newlib/_startup.o
                0x08000188                _start
 .after_vectors
                0x080002b8      0x130 ./system/src/cortexm/exception_handlers.o
                0x080002b8                Reset_Handler
                0x080002c0                NMI_Handler
                0x080002c4                HardFault_Handler
                0x080002d8                HardFault_Handler_C
                0x08000338                MemManage_Handler
                0x0800033c                BusFault_Handler
                0x08000350                BusFault_Handler_C
                0x08000384                UsageFault_Handler
                0x08000398                UsageFault_Handler_C
                0x080003cc                SVC_Handler
                0x080003d0                DebugMon_Handler
                0x080003d4                PendSV_Handler
 .after_vectors
                0x080003e8        0x4 ./system/src/cmsis/vectors_stm32f405xx.o
                0x080003e8                RTC_Alarm_IRQHandler
                0x080003e8                HASH_RNG_IRQHandler
                0x080003e8                EXTI2_IRQHandler
                0x080003e8                TIM8_CC_IRQHandler
                0x080003e8                TIM1_CC_IRQHandler
                0x080003e8                DMA2_Stream5_IRQHandler
                0x080003e8                DMA1_Stream5_IRQHandler
                0x080003e8                PVD_IRQHandler
                0x080003e8                SDIO_IRQHandler
                0x080003e8                TAMP_STAMP_IRQHandler
                0x080003e8                CAN2_RX1_IRQHandler
                0x080003e8                EXTI3_IRQHandler
                0x080003e8                TIM8_TRG_COM_TIM14_IRQHandler
                0x080003e8                TIM1_UP_TIM10_IRQHandler
                0x080003e8                TIM8_UP_TIM13_IRQHandler
                0x080003e8                I2C3_ER_IRQHandler
                0x080003e8                EXTI0_IRQHandler
                0x080003e8                I2C2_EV_IRQHandler
                0x080003e8                DMA1_Stream2_IRQHandler
                0x080003e8                CAN1_RX0_IRQHandler
                0x080003e8                FPU_IRQHandler
                0x080003e8                OTG_HS_WKUP_IRQHandler
                0x080003e8                CAN2_SCE_IRQHandler
                0x080003e8                DMA2_Stream2_IRQHandler
                0x080003e8                SPI1_IRQHandler
                0x080003e8                TIM6_DAC_IRQHandler
                0x080003e8                TIM1_BRK_TIM9_IRQHandler
                0x080003e8                CAN2_RX0_IRQHandler
                0x080003e8                DMA2_Stream3_IRQHandler
                0x080003e8                USART6_IRQHandler
                0x080003e8                USART3_IRQHandler
                0x080003e8                CAN1_RX1_IRQHandler
                0x080003e8                UART5_IRQHandler
                0x080003e8                DMA2_Stream0_IRQHandler
                0x080003e8                TIM4_IRQHandler
                0x080003e8                I2C1_EV_IRQHandler
                0x080003e8                DMA1_Stream6_IRQHandler
                0x080003e8                DMA1_Stream1_IRQHandler
                0x080003e8                UART4_IRQHandler
                0x080003e8                TIM3_IRQHandler
                0x080003e8                RCC_IRQHandler
                0x080003e8                TIM8_BRK_TIM12_IRQHandler
                0x080003e8                Default_Handler
                0x080003e8                EXTI15_10_IRQHandler
                0x080003e8                ADC_IRQHandler
                0x080003e8                DMA1_Stream7_IRQHandler
                0x080003e8                TIM7_IRQHandler
                0x080003e8                CAN2_TX_IRQHandler
                0x080003e8                TIM5_IRQHandler
                0x080003e8                DMA2_Stream7_IRQHandler
                0x080003e8                I2C3_EV_IRQHandler
                0x080003e8                EXTI9_5_IRQHandler
                0x080003e8                RTC_WKUP_IRQHandler
                0x080003e8                SPI2_IRQHandler
                0x080003e8                OTG_HS_EP1_IN_IRQHandler
                0x080003e8                DMA1_Stream0_IRQHandler
                0x080003e8                CAN1_TX_IRQHandler
                0x080003e8                EXTI4_IRQHandler
                0x080003e8                OTG_HS_EP1_OUT_IRQHandler
                0x080003e8                WWDG_IRQHandler
                0x080003e8                TIM2_IRQHandler
                0x080003e8                OTG_FS_WKUP_IRQHandler
                0x080003e8                TIM1_TRG_COM_TIM11_IRQHandler
                0x080003e8                OTG_HS_IRQHandler
                0x080003e8                EXTI1_IRQHandler
                0x080003e8                USART2_IRQHandler
                0x080003e8                I2C2_ER_IRQHandler
                0x080003e8                DMA2_Stream1_IRQHandler
                0x080003e8                CAN1_SCE_IRQHandler
                0x080003e8                FLASH_IRQHandler
                0x080003e8                DMA2_Stream4_IRQHandler
                0x080003e8                USART1_IRQHandler
                0x080003e8                SPI3_IRQHandler
                0x080003e8                DMA1_Stream4_IRQHandler
                0x080003e8                I2C1_ER_IRQHandler
                0x080003e8                FMC_IRQHandler
                0x080003e8                DMA2_Stream6_IRQHandler
                0x080003e8                DMA1_Stream3_IRQHandler

.inits          0x080003ec       0x28
                0x080003ec                __data_regions_array_start = .
                0x080003ec        0x4 LONG 0x8004494 LOADADDR (.data)
                0x080003f0        0x4 LONG 0x20000000 ADDR (.data)
                0x080003f4        0x4 LONG 0x20000164 (ADDR (.data) + SIZEOF (.data))
                0x080003f8        0x4 LONG 0x8004494 LOADADDR (.data_CCMRAM)
                0x080003fc        0x4 LONG 0x10000000 ADDR (.data_CCMRAM)
                0x08000400        0x4 LONG 0x10000000 (ADDR (.data_CCMRAM) + SIZEOF (.data_CCMRAM))
                0x08000404                __data_regions_array_end = .
                0x08000404                __bss_regions_array_start = .
                0x08000404        0x4 LONG 0x20000164 ADDR (.bss)
                0x08000408        0x4 LONG 0x20000dec (ADDR (.bss) + SIZEOF (.bss))
                0x0800040c        0x4 LONG 0x10000000 ADDR (.bss_CCMRAM)
                0x08000410        0x4 LONG 0x10000000 (ADDR (.bss_CCMRAM) + SIZEOF (.bss_CCMRAM))
                0x08000414                __bss_regions_array_end = .
 *(.init)
 *(.fini)
                0x08000414                . = ALIGN (0x4)
                0x08000414                PROVIDE (__preinit_array_start, .)
 *(.preinit_array_sysinit .preinit_array_sysinit.*)
 *(.preinit_array_platform .preinit_array_platform.*)
 *(.preinit_array .preinit_array.*)
                0x08000414                PROVIDE (__preinit_array_end, .)
                0x08000414                . = ALIGN (0x4)
                0x08000414                PROVIDE (__init_array_start, .)
 *(SORT(.init_array.*))
 *(.init_array)
                0x08000414                PROVIDE (__init_array_end, .)
                0x08000414                . = ALIGN (0x4)
                0x08000414                PROVIDE (__fini_array_start, .)
 *(SORT(.fini_array.*))
 *(.fini_array)
                0x08000414                PROVIDE (__fini_array_end, .)

.flashtext
 *(.flashtext .flashtext.*)

.text           0x08000420     0x4071
 *(.text .text.*)
 .text.USB_DEVICE_Init
                0x08000420       0x38 ./system/src/usb/usb_device.o
                0x08000420                USB_DEVICE_Init
 .text.HAL_PCD_MspInit
                0x08000458       0x68 ./system/src/usb/usbd_conf.o
                0x08000458                HAL_PCD_MspInit
 .text.HAL_PCD_SetupStageCallback
                0x080004c0       0x10 ./system/src/usb/usbd_conf.o
                0x080004c0                HAL_PCD_SetupStageCallback
 .text.HAL_PCD_DataOutStageCallback
                0x080004d0       0x18 ./system/src/usb/usbd_conf.o
                0x080004d0                HAL_PCD_DataOutStageCallback
 .text.HAL_PCD_DataInStageCallback
                0x080004e8       0x18 ./system/src/usb/usbd_conf.o
                0x080004e8                HAL_PCD_DataInStageCallback
 .text.HAL_PCD_SOFCallback
                0x08000500        0xc ./system/src/usb/usbd_conf.o
                0x08000500                HAL_PCD_SOFCallback
 .text.HAL_PCD_ResetCallback
                0x0800050c       0x20 ./system/src/usb/usbd_conf.o
                0x0800050c                HAL_PCD_ResetCallback
 .text.HAL_PCD_SuspendCallback
                0x0800052c       0x30 ./system/src/usb/usbd_conf.o
                0x0800052c                HAL_PCD_SuspendCallback
 .text.HAL_PCD_ResumeCallback
                0x0800055c        0xc ./system/src/usb/usbd_conf.o
                0x0800055c                HAL_PCD_ResumeCallback
 .text.HAL_PCD_ISOOUTIncompleteCallback
                0x08000568        0xc ./system/src/usb/usbd_conf.o
                0x08000568                HAL_PCD_ISOOUTIncompleteCallback
 .text.HAL_PCD_ISOINIncompleteCallback
                0x08000574        0xc ./system/src/usb/usbd_conf.o
                0x08000574                HAL_PCD_ISOINIncompleteCallback
 .text.HAL_PCD_ConnectCallback
                0x08000580        0xc ./system/src/usb/usbd_conf.o
                0x08000580                HAL_PCD_ConnectCallback
 .text.HAL_PCD_DisconnectCallback
                0x0800058c        0xc ./system/src/usb/usbd_conf.o
                0x0800058c                HAL_PCD_DisconnectCallback
 .text.USBD_LL_Init
                0x08000598       0x68 ./system/src/usb/usbd_conf.o
                0x08000598                USBD_LL_Init
 .text.USBD_LL_Start
                0x08000600       0x10 ./system/src/usb/usbd_conf.o
                0x08000600                USBD_LL_Start
 .text.USBD_LL_OpenEP
                0x08000610       0x14 ./system/src/usb/usbd_conf.o
                0x08000610                USBD_LL_OpenEP
 .text.USBD_LL_CloseEP
                0x08000624       0x10 ./system/src/usb/usbd_conf.o
                0x08000624                USBD_LL_CloseEP
 .text.USBD_LL_StallEP
                0x08000634       0x10 ./system/src/usb/usbd_conf.o
                0x08000634                USBD_LL_StallEP
 .text.USBD_LL_ClearStallEP
                0x08000644       0x10 ./system/src/usb/usbd_conf.o
                0x08000644                USBD_LL_ClearStallEP
 .text.USBD_LL_IsStallEP
                0x08000654       0x30 ./system/src/usb/usbd_conf.o
                0x08000654                USBD_LL_IsStallEP
 .text.USBD_LL_SetUSBAddress
                0x08000684       0x10 ./system/src/usb/usbd_conf.o
                0x08000684                USBD_LL_SetUSBAddress
 .text.USBD_LL_Transmit
                0x08000694       0x10 ./system/src/usb/usbd_conf.o
                0x08000694                USBD_LL_Transmit
 .text.USBD_LL_PrepareReceive
                0x080006a4       0x10 ./system/src/usb/usbd_conf.o
                0x080006a4                USBD_LL_PrepareReceive
 .text.OTG_FS_IRQHandler
                0x080006b4       0x10 ./system/src/usb/usbd_conf.o
                0x080006b4                OTG_FS_IRQHandler
 .text.USBD_Init
                0x080006c4       0x30 ./system/src/usb/usbd_core.o
                0x080006c4                USBD_Init
 .text.USBD_RegisterClass
                0x080006f4       0x10 ./system/src/usb/usbd_core.o
                0x080006f4                USBD_RegisterClass
 .text.USBD_Start
                0x08000704        0xc ./system/src/usb/usbd_core.o
                0x08000704                USBD_Start
 .text.USBD_SetClassConfig
                0x08000710       0x1c ./system/src/usb/usbd_core.o
                0x08000710                USBD_SetClassConfig
 .text.USBD_ClrClassConfig
                0x0800072c       0x10 ./system/src/usb/usbd_core.o
                0x0800072c                USBD_ClrClassConfig
 .text.USBD_LL_SetupStage
                0x0800073c       0x5c ./system/src/usb/usbd_core.o
                0x0800073c                USBD_LL_SetupStage
 .text.USBD_LL_DataOutStage
                0x08000798       0x68 ./system/src/usb/usbd_core.o
                0x08000798                USBD_LL_DataOutStage
 .text.USBD_LL_DataInStage
                0x08000800       0xac ./system/src/usb/usbd_core.o
                0x08000800                USBD_LL_DataInStage
 .text.USBD_LL_Reset
                0x080008ac       0x40 ./system/src/usb/usbd_core.o
                0x080008ac                USBD_LL_Reset
 .text.USBD_LL_SetSpeed
                0x080008ec        0x8 ./system/src/usb/usbd_core.o
                0x080008ec                USBD_LL_SetSpeed
 .text.USBD_LL_Suspend
                0x080008f4       0x14 ./system/src/usb/usbd_core.o
                0x080008f4                USBD_LL_Suspend
 .text.USBD_LL_Resume
                0x08000908        0xc ./system/src/usb/usbd_core.o
                0x08000908                USBD_LL_Resume
 .text.USBD_LL_SOF
                0x08000914       0x18 ./system/src/usb/usbd_core.o
                0x08000914                USBD_LL_SOF
 .text.USBD_LL_IsoINIncomplete
                0x0800092c        0x4 ./system/src/usb/usbd_core.o
                0x0800092c                USBD_LL_IsoINIncomplete
 .text.USBD_LL_IsoOUTIncomplete
                0x08000930        0x4 ./system/src/usb/usbd_core.o
                0x08000930                USBD_LL_IsoOUTIncomplete
 .text.USBD_LL_DevConnected
                0x08000934        0x4 ./system/src/usb/usbd_core.o
                0x08000934                USBD_LL_DevConnected
 .text.USBD_LL_DevDisconnected
                0x08000938       0x18 ./system/src/usb/usbd_core.o
                0x08000938                USBD_LL_DevDisconnected
 .text.USBD_GetLen
                0x08000950       0x14 ./system/src/usb/usbd_ctlreq.o
 .text.USBD_SetFeature
                0x08000964       0x20 ./system/src/usb/usbd_ctlreq.o
 .text.USBD_ParseSetupRequest
                0x08000984       0x28 ./system/src/usb/usbd_ctlreq.o
                0x08000984                USBD_ParseSetupRequest
 .text.USBD_CtlError
                0x080009ac       0x14 ./system/src/usb/usbd_ctlreq.o
                0x080009ac                USBD_CtlError
 .text.USBD_GetDescriptor
                0x080009c0      0x134 ./system/src/usb/usbd_ctlreq.o
 .text.USBD_SetAddress
                0x08000af4       0x4c ./system/src/usb/usbd_ctlreq.o
 .text.USBD_SetConfig
                0x08000b40       0xa8 ./system/src/usb/usbd_ctlreq.o
 .text.USBD_GetConfig
                0x08000be8       0x3c ./system/src/usb/usbd_ctlreq.o
 .text.USBD_GetStatus
                0x08000c24       0x2c ./system/src/usb/usbd_ctlreq.o
 .text.USBD_ClrFeature
                0x08000c50       0x30 ./system/src/usb/usbd_ctlreq.o
 .text.USBD_StdDevReq
                0x08000c80       0x48 ./system/src/usb/usbd_ctlreq.o
                0x08000c80                USBD_StdDevReq
 .text.USBD_StdItfReq
                0x08000cc8       0x38 ./system/src/usb/usbd_ctlreq.o
                0x08000cc8                USBD_StdItfReq
 .text.USBD_StdEPReq
                0x08000d00      0x11c ./system/src/usb/usbd_ctlreq.o
                0x08000d00                USBD_StdEPReq
 .text.USBD_GetString
                0x08000e1c       0x3c ./system/src/usb/usbd_ctlreq.o
                0x08000e1c                USBD_GetString
 .text.CUSTOM_HID_Init_FS
                0x08000e58        0x4 ./system/src/usb/usbd_custom_hid_if.o
 .text.CUSTOM_HID_DeInit_FS
                0x08000e5c        0x4 ./system/src/usb/usbd_custom_hid_if.o
 .text.CUSTOM_HID_OutEvent_FS
                0x08000e60        0x4 ./system/src/usb/usbd_custom_hid_if.o
 .text.USBD_CUSTOM_HID_GetCfgDesc
                0x08000e64        0xc ./system/src/usb/usbd_customhid.o
 .text.USBD_CUSTOM_HID_DataIn
                0x08000e70        0xc ./system/src/usb/usbd_customhid.o
 .text.USBD_CUSTOM_HID_EP0_RxReady
                0x08000e7c       0x20 ./system/src/usb/usbd_customhid.o
 .text.USBD_CUSTOM_HID_GetDeviceQualifierDesc
                0x08000e9c        0xc ./system/src/usb/usbd_customhid.o
 .text.USBD_CUSTOM_HID_DataOut
                0x08000ea8       0x2c ./system/src/usb/usbd_customhid.o
 .text.USBD_CUSTOM_HID_Setup
                0x08000ed4       0xcc ./system/src/usb/usbd_customhid.o
 .text.USBD_CUSTOM_HID_DeInit
                0x08000fa0       0x34 ./system/src/usb/usbd_customhid.o
 .text.USBD_CUSTOM_HID_Init
                0x08000fd4       0x4c ./system/src/usb/usbd_customhid.o
 .text.USBD_CUSTOM_HID_SendReport
                0x08001020       0x28 ./system/src/usb/usbd_customhid.o
                0x08001020                USBD_CUSTOM_HID_SendReport
 .text.USBD_CUSTOM_HID_RegisterInterface
                0x08001048       0x10 ./system/src/usb/usbd_customhid.o
                0x08001048                USBD_CUSTOM_HID_RegisterInterface
 .text.USBD_FS_DeviceDescriptor
                0x08001058        0xc ./system/src/usb/usbd_desc.o
                0x08001058                USBD_FS_DeviceDescriptor
 .text.USBD_FS_LangIDStrDescriptor
                0x08001064        0xc ./system/src/usb/usbd_desc.o
                0x08001064                USBD_FS_LangIDStrDescriptor
 .text.USBD_FS_ProductStrDescriptor
                0x08001070       0x24 ./system/src/usb/usbd_desc.o
                0x08001070                USBD_FS_ProductStrDescriptor
 .text.USBD_FS_ManufacturerStrDescriptor
                0x08001094       0x1c ./system/src/usb/usbd_desc.o
                0x08001094                USBD_FS_ManufacturerStrDescriptor
 .text.USBD_FS_SerialStrDescriptor
                0x080010b0       0x24 ./system/src/usb/usbd_desc.o
                0x080010b0                USBD_FS_SerialStrDescriptor
 .text.USBD_FS_ConfigStrDescriptor
                0x080010d4       0x24 ./system/src/usb/usbd_desc.o
                0x080010d4                USBD_FS_ConfigStrDescriptor
 .text.USBD_FS_InterfaceStrDescriptor
                0x080010f8       0x24 ./system/src/usb/usbd_desc.o
                0x080010f8                USBD_FS_InterfaceStrDescriptor
 .text.USBD_CtlSendData
                0x0800111c       0x1c ./system/src/usb/usbd_ioreq.o
                0x0800111c                USBD_CtlSendData
 .text.USBD_CtlContinueSendData
                0x08001138       0x10 ./system/src/usb/usbd_ioreq.o
                0x08001138                USBD_CtlContinueSendData
 .text.USBD_CtlPrepareRx
                0x08001148       0x20 ./system/src/usb/usbd_ioreq.o
                0x08001148                USBD_CtlPrepareRx
 .text.USBD_CtlContinueRx
                0x08001168       0x10 ./system/src/usb/usbd_ioreq.o
                0x08001168                USBD_CtlContinueRx
 .text.USBD_CtlSendStatus
                0x08001178       0x18 ./system/src/usb/usbd_ioreq.o
                0x08001178                USBD_CtlSendStatus
 .text.USBD_CtlReceiveStatus
                0x08001190       0x18 ./system/src/usb/usbd_ioreq.o
                0x08001190                USBD_CtlReceiveStatus
 .text.HAL_MspInit
                0x080011a8        0x4 ./system/src/stm32f4-hal/stm32f4xx_hal.o
                0x080011a8                HAL_MspInit
 .text.HAL_InitTick
                0x080011ac       0x28 ./system/src/stm32f4-hal/stm32f4xx_hal.o
                0x080011ac                HAL_InitTick
 .text.HAL_Init
                0x080011d4       0x34 ./system/src/stm32f4-hal/stm32f4xx_hal.o
                0x080011d4                HAL_Init
 .text.HAL_IncTick
                0x08001208       0x10 ./system/src/stm32f4-hal/stm32f4xx_hal.o
                0x08001208                HAL_IncTick
 .text.HAL_GetTick
                0x08001218        0xc ./system/src/stm32f4-hal/stm32f4xx_hal.o
                0x08001218                HAL_GetTick
 .text.HAL_Delay
                0x08001224       0x1c ./system/src/stm32f4-hal/stm32f4xx_hal.o
                0x08001224                HAL_Delay
 .text.HAL_NVIC_SetPriorityGrouping
                0x08001240       0x3c ./system/src/stm32f4-hal/stm32f4xx_hal_cortex.o
                0x08001240                HAL_NVIC_SetPriorityGrouping
 .text.HAL_NVIC_SetPriority
                0x0800127c       0x84 ./system/src/stm32f4-hal/stm32f4xx_hal_cortex.o
                0x0800127c                HAL_NVIC_SetPriority
 .text.HAL_NVIC_EnableIRQ
                0x08001300       0x2c ./system/src/stm32f4-hal/stm32f4xx_hal_cortex.o
                0x08001300                HAL_NVIC_EnableIRQ
 .text.HAL_SYSTICK_Config
                0x0800132c       0x2c ./system/src/stm32f4-hal/stm32f4xx_hal_cortex.o
                0x0800132c                HAL_SYSTICK_Config
 .text.HAL_SYSTICK_CLKSourceConfig
                0x08001358       0x38 ./system/src/stm32f4-hal/stm32f4xx_hal_cortex.o
                0x08001358                HAL_SYSTICK_CLKSourceConfig
 .text.HAL_GPIO_Init
                0x08001390      0x324 ./system/src/stm32f4-hal/stm32f4xx_hal_gpio.o
                0x08001390                HAL_GPIO_Init
 .text.HAL_GPIO_WritePin
                0x080016b4       0x34 ./system/src/stm32f4-hal/stm32f4xx_hal_gpio.o
                0x080016b4                HAL_GPIO_WritePin
 .text.PCD_WriteEmptyTxFifo
                0x080016e8       0xb0 ./system/src/stm32f4-hal/stm32f4xx_hal_pcd.o
 .text.HAL_PCD_Init
                0x08001798      0x104 ./system/src/stm32f4-hal/stm32f4xx_hal_pcd.o
                0x08001798                HAL_PCD_Init
 .text.HAL_PCD_Start
                0x0800189c       0x2c ./system/src/stm32f4-hal/stm32f4xx_hal_pcd.o
                0x0800189c                HAL_PCD_Start
 .text.HAL_PCD_IRQHandler
                0x080018c8      0x468 ./system/src/stm32f4-hal/stm32f4xx_hal_pcd.o
                0x080018c8                HAL_PCD_IRQHandler
 .text.HAL_PCD_SetAddress
                0x08001d30       0x24 ./system/src/stm32f4-hal/stm32f4xx_hal_pcd.o
                0x08001d30                HAL_PCD_SetAddress
 .text.HAL_PCD_EP_Open
                0x08001d54       0x68 ./system/src/stm32f4-hal/stm32f4xx_hal_pcd.o
                0x08001d54                HAL_PCD_EP_Open
 .text.HAL_PCD_EP_Close
                0x08001dbc       0x58 ./system/src/stm32f4-hal/stm32f4xx_hal_pcd.o
                0x08001dbc                HAL_PCD_EP_Close
 .text.HAL_PCD_EP_Receive
                0x08001e14       0x74 ./system/src/stm32f4-hal/stm32f4xx_hal_pcd.o
                0x08001e14                HAL_PCD_EP_Receive
 .text.HAL_PCD_EP_Transmit
                0x08001e88       0x68 ./system/src/stm32f4-hal/stm32f4xx_hal_pcd.o
                0x08001e88                HAL_PCD_EP_Transmit
 .text.HAL_PCD_EP_SetStall
                0x08001ef0       0x68 ./system/src/stm32f4-hal/stm32f4xx_hal_pcd.o
                0x08001ef0                HAL_PCD_EP_SetStall
 .text.HAL_PCD_EP_ClrStall
                0x08001f58       0x58 ./system/src/stm32f4-hal/stm32f4xx_hal_pcd.o
                0x08001f58                HAL_PCD_EP_ClrStall
 .text.HAL_PCDEx_SetTxFiFo
                0x08001fb0       0x48 ./system/src/stm32f4-hal/stm32f4xx_hal_pcd_ex.o
                0x08001fb0                HAL_PCDEx_SetTxFiFo
 .text.HAL_PCDEx_SetRxFiFo
                0x08001ff8        0x8 ./system/src/stm32f4-hal/stm32f4xx_hal_pcd_ex.o
                0x08001ff8                HAL_PCDEx_SetRxFiFo
 .text.HAL_RCC_OscConfig
                0x08002000      0x448 ./system/src/stm32f4-hal/stm32f4xx_hal_rcc.o
                0x08002000                HAL_RCC_OscConfig
 .text.HAL_RCC_ClockConfig
                0x08002448      0x22c ./system/src/stm32f4-hal/stm32f4xx_hal_rcc.o
                0x08002448                HAL_RCC_ClockConfig
 .text.HAL_RCC_GetSysClockFreq
                0x08002674       0xa0 ./system/src/stm32f4-hal/stm32f4xx_hal_rcc.o
                0x08002674                HAL_RCC_GetSysClockFreq
 .text.HAL_RCC_GetHCLKFreq
                0x08002714       0x34 ./system/src/stm32f4-hal/stm32f4xx_hal_rcc.o
                0x08002714                HAL_RCC_GetHCLKFreq
 .text.USB_CoreInit
                0x08002748       0x78 ./system/src/stm32f4-hal/stm32f4xx_ll_usb.o
                0x08002748                USB_CoreInit
 .text.USB_EnableGlobalInt
                0x080027c0        0xc ./system/src/stm32f4-hal/stm32f4xx_ll_usb.o
                0x080027c0                USB_EnableGlobalInt
 .text.USB_DisableGlobalInt
                0x080027cc        0xc ./system/src/stm32f4-hal/stm32f4xx_ll_usb.o
                0x080027cc                USB_DisableGlobalInt
 .text.USB_SetCurrentMode
                0x080027d8       0x2c ./system/src/stm32f4-hal/stm32f4xx_ll_usb.o
                0x080027d8                USB_SetCurrentMode
 .text.USB_DevInit
                0x08002804      0x148 ./system/src/stm32f4-hal/stm32f4xx_ll_usb.o
                0x08002804                USB_DevInit
 .text.USB_FlushTxFifo
                0x0800294c       0x28 ./system/src/stm32f4-hal/stm32f4xx_ll_usb.o
                0x0800294c                USB_FlushTxFifo
 .text.USB_FlushRxFifo
                0x08002974       0x24 ./system/src/stm32f4-hal/stm32f4xx_ll_usb.o
                0x08002974                USB_FlushRxFifo
 .text.USB_SetDevSpeed
                0x08002998       0x10 ./system/src/stm32f4-hal/stm32f4xx_ll_usb.o
                0x08002998                USB_SetDevSpeed
 .text.USB_GetDevSpeed
                0x080029a8       0x40 ./system/src/stm32f4-hal/stm32f4xx_ll_usb.o
                0x080029a8                USB_GetDevSpeed
 .text.USB_ActivateEndpoint
                0x080029e8       0x98 ./system/src/stm32f4-hal/stm32f4xx_ll_usb.o
                0x080029e8                USB_ActivateEndpoint
 .text.USB_DeactivateEndpoint
                0x08002a80       0x80 ./system/src/stm32f4-hal/stm32f4xx_ll_usb.o
                0x08002a80                USB_DeactivateEndpoint
 .text.USB_EPStartXfer
                0x08002b00      0x258 ./system/src/stm32f4-hal/stm32f4xx_ll_usb.o
                0x08002b00                USB_EPStartXfer
 .text.USB_EP0StartXfer
                0x08002d58      0x160 ./system/src/stm32f4-hal/stm32f4xx_ll_usb.o
                0x08002d58                USB_EP0StartXfer
 .text.USB_WritePacket
                0x08002eb8       0x2c ./system/src/stm32f4-hal/stm32f4xx_ll_usb.o
                0x08002eb8                USB_WritePacket
 .text.USB_ReadPacket
                0x08002ee4       0x20 ./system/src/stm32f4-hal/stm32f4xx_ll_usb.o
                0x08002ee4                USB_ReadPacket
 .text.USB_EPSetStall
                0x08002f04       0x64 ./system/src/stm32f4-hal/stm32f4xx_ll_usb.o
                0x08002f04                USB_EPSetStall
 .text.USB_EPClearStall
                0x08002f68       0x68 ./system/src/stm32f4-hal/stm32f4xx_ll_usb.o
                0x08002f68                USB_EPClearStall
 .text.USB_SetDevAddress
                0x08002fd0       0x20 ./system/src/stm32f4-hal/stm32f4xx_ll_usb.o
                0x08002fd0                USB_SetDevAddress
 .text.USB_DevConnect
                0x08002ff0       0x18 ./system/src/stm32f4-hal/stm32f4xx_ll_usb.o
                0x08002ff0                USB_DevConnect
 .text.USB_DevDisconnect
                0x08003008       0x18 ./system/src/stm32f4-hal/stm32f4xx_ll_usb.o
                0x08003008                USB_DevDisconnect
 .text.USB_ReadInterrupts
                0x08003020        0x8 ./system/src/stm32f4-hal/stm32f4xx_ll_usb.o
                0x08003020                USB_ReadInterrupts
 .text.USB_ReadDevAllOutEpInterrupt
                0x08003028       0x10 ./system/src/stm32f4-hal/stm32f4xx_ll_usb.o
                0x08003028                USB_ReadDevAllOutEpInterrupt
 .text.USB_ReadDevAllInEpInterrupt
                0x08003038       0x10 ./system/src/stm32f4-hal/stm32f4xx_ll_usb.o
                0x08003038                USB_ReadDevAllInEpInterrupt
 .text.USB_ReadDevOutEPInterrupt
                0x08003048       0x14 ./system/src/stm32f4-hal/stm32f4xx_ll_usb.o
                0x08003048                USB_ReadDevOutEPInterrupt
 .text.USB_ReadDevInEPInterrupt
                0x0800305c       0x24 ./system/src/stm32f4-hal/stm32f4xx_ll_usb.o
                0x0800305c                USB_ReadDevInEPInterrupt
 .text.USB_GetMode
                0x08003080        0x8 ./system/src/stm32f4-hal/stm32f4xx_ll_usb.o
                0x08003080                USB_GetMode
 .text.USB_ActivateSetup
                0x08003088       0x38 ./system/src/stm32f4-hal/stm32f4xx_ll_usb.o
                0x08003088                USB_ActivateSetup
 .text.USB_EP0_OutStart
                0x080030c0       0x44 ./system/src/stm32f4-hal/stm32f4xx_ll_usb.o
                0x080030c0                USB_EP0_OutStart
 .text.USB_CoreReset
                0x08003104       0x3c ./system/src/stm32f4-hal/stm32f4xx_ll_usb.o
 .text._exit    0x08003140        0x4 ./system/src/newlib/_exit.o
                0x08003140                _exit
 .text.abort    0x08003144       0x14 ./system/src/newlib/_exit.o
                0x08003144                abort
 .text._sbrk    0x08003158       0x44 ./system/src/newlib/_sbrk.o
                0x08003158                _sbrk
 .text.__initialize_args
                0x0800319c       0x10 ./system/src/newlib/_syscalls.o
                0x0800319c                __initialize_args
 .text.assert_failed
                0x080031ac       0x14 ./system/src/newlib/assert.o
                0x080031ac                assert_failed
 .text.trace_printf
                0x080031c0       0x30 ./system/src/diag/Trace.o
                0x080031c0                trace_printf
 .text.trace_puts
                0x080031f0       0x20 ./system/src/diag/Trace.o
                0x080031f0                trace_puts
 .text._trace_write_semihosting_debug
                0x08003210       0x64 ./system/src/diag/trace_impl.o
 .text.trace_write
                0x08003274        0x8 ./system/src/diag/trace_impl.o
                0x08003274                trace_write
 .text.__initialize_hardware_early
                0x0800327c       0x18 ./system/src/cortexm/_initialize_hardware.o
                0x0800327c                __initialize_hardware_early
 .text.dumpExceptionStack
                0x08003294       0xf0 ./system/src/cortexm/exception_handlers.o
                0x08003294                dumpExceptionStack
 .text.isSemihosting
                0x08003384       0x20 ./system/src/cortexm/exception_handlers.o
                0x08003384                isSemihosting
 .text.SystemInit
                0x080033a4       0x40 ./system/src/cmsis/system_stm32f4xx.o
                0x080033a4                SystemInit
 .text.SystemCoreClockUpdate
                0x080033e4       0xa0 ./system/src/cmsis/system_stm32f4xx.o
                0x080033e4                SystemCoreClockUpdate
 .text.timer_start
                0x08003484       0x3c ./src/Timer.o
                0x08003484                timer_start
 .text.timer_sleep
                0x080034c0       0x14 ./src/Timer.o
                0x080034c0                timer_sleep
 .text.timer_tick
                0x080034d4       0x14 ./src/Timer.o
                0x080034d4                timer_tick
 .text.SysTick_Handler
                0x080034e8        0xc ./src/Timer.o
                0x080034e8                SysTick_Handler
 .text.Error_Handler
                0x080034f4        0x4 ./src/_initialize_hardware.o
                0x080034f4                Error_Handler
 .text.SystemClock_Config
                0x080034f8       0xb8 ./src/_initialize_hardware.o
                0x080034f8                SystemClock_Config
 .text.__initialize_hardware
                0x080035b0       0x10 ./src/_initialize_hardware.o
                0x080035b0                __initialize_hardware
 .text.MX_GPIO_Init
                0x080035c0       0x74 ./src/_initialize_hardware.o
                0x080035c0                MX_GPIO_Init
 .text.InitData
                0x08003634        0xc ./src/main.o
                0x08003634                InitData
 .text.main     0x08003640       0x58 ./src/main.o
                0x08003640                main
 .text.CommandProcess
                0x08003698       0x94 ./src/main.o
                0x08003698                CommandProcess
 .text.__errno  0x0800372c        0xc c:/program files (x86)/gnu tools arm embedded/5.4 2016q2/bin/../lib/gcc/arm-none-eabi/5.4.1/../../../../arm-none-eabi/lib/armv7e-m\libg_nano.a(lib_a-errno.o)
                0x0800372c                __errno
 .text.malloc   0x08003738       0x10 c:/program files (x86)/gnu tools arm embedded/5.4 2016q2/bin/../lib/gcc/arm-none-eabi/5.4.1/../../../../arm-none-eabi/lib/armv7e-m\libg_nano.a(lib_a-malloc.o)
                0x08003738                malloc
 .text.free     0x08003748       0x10 c:/program files (x86)/gnu tools arm embedded/5.4 2016q2/bin/../lib/gcc/arm-none-eabi/5.4.1/../../../../arm-none-eabi/lib/armv7e-m\libg_nano.a(lib_a-malloc.o)
                0x08003748                free
 .text.memcpy   0x08003758       0x16 c:/program files (x86)/gnu tools arm embedded/5.4 2016q2/bin/../lib/gcc/arm-none-eabi/5.4.1/../../../../arm-none-eabi/lib/armv7e-m\libg_nano.a(lib_a-memcpy-stub.o)
                0x08003758                memcpy
 .text.memset   0x0800376e       0x10 c:/program files (x86)/gnu tools arm embedded/5.4 2016q2/bin/../lib/gcc/arm-none-eabi/5.4.1/../../../../arm-none-eabi/lib/armv7e-m\libg_nano.a(lib_a-memset.o)
                0x0800376e                memset
 *fill*         0x0800377e        0x2 
 .text._free_r  0x08003780       0x9c c:/program files (x86)/gnu tools arm embedded/5.4 2016q2/bin/../lib/gcc/arm-none-eabi/5.4.1/../../../../arm-none-eabi/lib/armv7e-m\libg_nano.a(lib_a-nano-freer.o)
                0x08003780                _free_r
 .text._malloc_r
                0x0800381c       0xbc c:/program files (x86)/gnu tools arm embedded/5.4 2016q2/bin/../lib/gcc/arm-none-eabi/5.4.1/../../../../arm-none-eabi/lib/armv7e-m\libg_nano.a(lib_a-nano-mallocr.o)
                0x0800381c                _malloc_r
 .text._sbrk_r  0x080038d8       0x20 c:/program files (x86)/gnu tools arm embedded/5.4 2016q2/bin/../lib/gcc/arm-none-eabi/5.4.1/../../../../arm-none-eabi/lib/armv7e-m\libg_nano.a(lib_a-sbrkr.o)
                0x080038d8                _sbrk_r
 .text          0x080038f8       0x10 c:/program files (x86)/gnu tools arm embedded/5.4 2016q2/bin/../lib/gcc/arm-none-eabi/5.4.1/../../../../arm-none-eabi/lib/armv7e-m\libg_nano.a(lib_a-strlen.o)
                0x080038f8                strlen
 .text._vsnprintf_r
                0x08003908       0x56 c:/program files (x86)/gnu tools arm embedded/5.4 2016q2/bin/../lib/gcc/arm-none-eabi/5.4.1/../../../../arm-none-eabi/lib/armv7e-m\libg_nano.a(lib_a-vsnprintf.o)
                0x08003908                _vsniprintf_r
                0x08003908                _vsnprintf_r
 *fill*         0x0800395e        0x2 
 .text.vsnprintf
                0x08003960       0x1c c:/program files (x86)/gnu tools arm embedded/5.4 2016q2/bin/../lib/gcc/arm-none-eabi/5.4.1/../../../../arm-none-eabi/lib/armv7e-m\libg_nano.a(lib_a-vsnprintf.o)
                0x08003960                vsniprintf
                0x08003960                vsnprintf
 .text.__malloc_lock
                0x0800397c        0x2 c:/program files (x86)/gnu tools arm embedded/5.4 2016q2/bin/../lib/gcc/arm-none-eabi/5.4.1/../../../../arm-none-eabi/lib/armv7e-m\libg_nano.a(lib_a-mlock.o)
                0x0800397c                __malloc_lock
 .text.__malloc_unlock
                0x0800397e        0x2 c:/program files (x86)/gnu tools arm embedded/5.4 2016q2/bin/../lib/gcc/arm-none-eabi/5.4.1/../../../../arm-none-eabi/lib/armv7e-m\libg_nano.a(lib_a-mlock.o)
                0x0800397e                __malloc_unlock
 .text.__ssputs_r
                0x08003980       0xb2 c:/program files (x86)/gnu tools arm embedded/5.4 2016q2/bin/../lib/gcc/arm-none-eabi/5.4.1/../../../../arm-none-eabi/lib/armv7e-m\libg_nano.a(lib_a-nano-svfprintf.o)
                0x08003980                __ssputs_r
 *fill*         0x08003a32        0x2 
 .text._svfprintf_r
                0x08003a34      0x1e8 c:/program files (x86)/gnu tools arm embedded/5.4 2016q2/bin/../lib/gcc/arm-none-eabi/5.4.1/../../../../arm-none-eabi/lib/armv7e-m\libg_nano.a(lib_a-nano-svfprintf.o)
                0x08003a34                _svfiprintf_r
                0x08003a34                _svfprintf_r
 .text._printf_common
                0x08003c1c       0xec c:/program files (x86)/gnu tools arm embedded/5.4 2016q2/bin/../lib/gcc/arm-none-eabi/5.4.1/../../../../arm-none-eabi/lib/armv7e-m\libg_nano.a(lib_a-nano-vfprintf_i.o)
                0x08003c1c                _printf_common
 .text._printf_i
                0x08003d08      0x24c c:/program files (x86)/gnu tools arm embedded/5.4 2016q2/bin/../lib/gcc/arm-none-eabi/5.4.1/../../../../arm-none-eabi/lib/armv7e-m\libg_nano.a(lib_a-nano-vfprintf_i.o)
                0x08003d08                _printf_i
 *fill*         0x08003f54        0xc 
 .text          0x08003f60       0xa0 c:/program files (x86)/gnu tools arm embedded/5.4 2016q2/bin/../lib/gcc/arm-none-eabi/5.4.1/../../../../arm-none-eabi/lib/armv7e-m\libg_nano.a(lib_a-memchr.o)
                0x08003f60                memchr
 .text.memmove  0x08004000       0x36 c:/program files (x86)/gnu tools arm embedded/5.4 2016q2/bin/../lib/gcc/arm-none-eabi/5.4.1/../../../../arm-none-eabi/lib/armv7e-m\libg_nano.a(lib_a-memmove.o)
                0x08004000                memmove
 .text._realloc_r
                0x08004036       0x4c c:/program files (x86)/gnu tools arm embedded/5.4 2016q2/bin/../lib/gcc/arm-none-eabi/5.4.1/../../../../arm-none-eabi/lib/armv7e-m\libg_nano.a(lib_a-nano-reallocr.o)
                0x08004036                _realloc_r
 .text._malloc_usable_size_r
                0x08004082       0x14 c:/program files (x86)/gnu tools arm embedded/5.4 2016q2/bin/../lib/gcc/arm-none-eabi/5.4.1/../../../../arm-none-eabi/lib/armv7e-m\libg_nano.a(lib_a-nano-msizer.o)
                0x08004082                _malloc_usable_size_r
 *(.rodata .rodata.* .constdata .constdata.*)
 *fill*         0x08004096        0x2 
 .rodata.str1.4
                0x08004098       0x6d ./system/src/usb/usbd_desc.o
 *fill*         0x08004105        0x3 
 .rodata.str1.4
                0x08004108       0x31 ./system/src/stm32f4-hal/stm32f4xx_hal_cortex.o
 *fill*         0x08004139        0x3 
 .rodata.str1.4
                0x0800413c       0x2f ./system/src/stm32f4-hal/stm32f4xx_hal_gpio.o
 *fill*         0x0800416b        0x1 
 .rodata.str1.4
                0x0800416c       0x2e ./system/src/stm32f4-hal/stm32f4xx_hal_pcd.o
 *fill*         0x0800419a        0x2 
 .rodata.APBAHBPrescTable
                0x0800419c       0x10 ./system/src/stm32f4-hal/stm32f4xx_hal_rcc.o
                0x0800419c                APBAHBPrescTable
 .rodata.str1.4
                0x080041ac       0x2e ./system/src/stm32f4-hal/stm32f4xx_hal_rcc.o
 *fill*         0x080041da        0x2 
 .rodata.str1.4
                0x080041dc       0x14 ./system/src/newlib/_exit.o
 .rodata.str1.4
                0x080041f0       0x6b ./system/src/newlib/assert.o
                                 0x6f (size before relaxing)
 *fill*         0x0800425b        0x1 
 .rodata.str1.4
                0x0800425c       0x29 ./system/src/diag/Trace.o
                                 0x2d (size before relaxing)
 *fill*         0x08004285        0x3 
 .rodata.str1.4
                0x08004288      0x146 ./system/src/cortexm/exception_handlers.o
 *fill*         0x080043ce        0x2 
 .rodata.AHBPrescTable
                0x080043d0       0x10 ./system/src/cmsis/system_stm32f4xx.o
                0x080043d0                AHBPrescTable
 .rodata.str1.4
                0x080043e0       0x7c ./src/main.o
                                 0x79 (size before relaxing)
 .rodata.str1.1
                0x0800445c        0x2 c:/program files (x86)/gnu tools arm embedded/5.4 2016q2/bin/../lib/gcc/arm-none-eabi/5.4.1/../../../../arm-none-eabi/lib/armv7e-m\libg_nano.a(lib_a-impure.o)
 .rodata.str1.1
                0x0800445e       0x11 c:/program files (x86)/gnu tools arm embedded/5.4 2016q2/bin/../lib/gcc/arm-none-eabi/5.4.1/../../../../arm-none-eabi/lib/armv7e-m\libg_nano.a(lib_a-nano-svfprintf.o)
 .rodata.str1.1
                0x0800446f       0x22 c:/program files (x86)/gnu tools arm embedded/5.4 2016q2/bin/../lib/gcc/arm-none-eabi/5.4.1/../../../../arm-none-eabi/lib/armv7e-m\libg_nano.a(lib_a-nano-vfprintf_i.o)
 *(vtable)
 *(.eh_frame*)
 *(.glue_7)
 .glue_7        0x08004491        0x0 linker stubs
 *(.glue_7t)
 .glue_7t       0x08004491        0x0 linker stubs

.vfp11_veneer   0x08004494        0x0
 .vfp11_veneer  0x08004494        0x0 linker stubs

.v4_bx          0x08004494        0x0
 .v4_bx         0x08004494        0x0 linker stubs

.iplt           0x08004494        0x0
 .iplt          0x08004494        0x0 ./system/src/usb/usb_device.o

.rel.dyn        0x08004494        0x0
 .rel.iplt      0x08004494        0x0 ./system/src/usb/usb_device.o

.ARM.extab
 *(.ARM.extab* .gnu.linkonce.armextab.*)
                0x08004494                . = ALIGN (0x4)
                0x08004494                __exidx_start = .

.ARM.exidx
 *(.ARM.exidx* .gnu.linkonce.armexidx.*)
                0x08004494                __exidx_end = .
                0x08004494                . = ALIGN (0x4)
                0x08004494                _etext = .
                0x08004494                __etext = .

.data_CCMRAM    0x10000000        0x0 load address 0x08004494
 FILL mask 0xff
 *(.data.CCMRAM .data.CCMRAM.*)
                0x10000000                . = ALIGN (0x4)
                0x08004494                _sidata = LOADADDR (.data)

.data           0x20000000      0x164 load address 0x08004494
 FILL mask 0xff
                0x20000000                _sdata = .
                0x20000000                __data_start__ = .
 *(.data_begin .data_begin.*)
 .data_begin    0x20000000        0x4 ./system/src/newlib/_startup.o
 *(.data .data.*)
 .data.USBD_CustomHID_fops_FS
                0x20000004       0x10 ./system/src/usb/usbd_custom_hid_if.o
                0x20000004                USBD_CustomHID_fops_FS
 .data.CUSTOM_HID_ReportDesc_FS
                0x20000014       0x27 ./system/src/usb/usbd_custom_hid_if.o
 *fill*         0x2000003b        0x1 ff
 .data.USBD_CUSTOM_HID_Desc
                0x2000003c        0x9 ./system/src/usb/usbd_customhid.o
 *fill*         0x20000045        0x3 ff
 .data.USBD_CUSTOM_HID_CfgDesc
                0x20000048       0x29 ./system/src/usb/usbd_customhid.o
 *fill*         0x20000071        0x3 ff
 .data.USBD_CUSTOM_HID
                0x20000074       0x3c ./system/src/usb/usbd_customhid.o
                0x20000074                USBD_CUSTOM_HID
 .data.USBD_CUSTOM_HID_DeviceQualifierDesc
                0x200000b0        0xa ./system/src/usb/usbd_customhid.o
 *fill*         0x200000ba        0x2 ff
 .data.FS_Desc  0x200000bc       0x1c ./system/src/usb/usbd_desc.o
                0x200000bc                FS_Desc
 .data.USBD_LangIDDesc
                0x200000d8        0x4 ./system/src/usb/usbd_desc.o
                0x200000d8                USBD_LangIDDesc
 .data.USBD_FS_DeviceDesc
                0x200000dc       0x12 ./system/src/usb/usbd_desc.o
                0x200000dc                USBD_FS_DeviceDesc
 *fill*         0x200000ee        0x2 ff
 .data.argv.4282
                0x200000f0        0x8 ./system/src/newlib/_syscalls.o
 .data.SystemCoreClock
                0x200000f8        0x4 ./system/src/cmsis/system_stm32f4xx.o
                0x200000f8                SystemCoreClock
 .data.impure_data
                0x200000fc       0x60 c:/program files (x86)/gnu tools arm embedded/5.4 2016q2/bin/../lib/gcc/arm-none-eabi/5.4.1/../../../../arm-none-eabi/lib/armv7e-m\libg_nano.a(lib_a-impure.o)
 .data._impure_ptr
                0x2000015c        0x4 c:/program files (x86)/gnu tools arm embedded/5.4 2016q2/bin/../lib/gcc/arm-none-eabi/5.4.1/../../../../arm-none-eabi/lib/armv7e-m\libg_nano.a(lib_a-impure.o)
                0x2000015c                _impure_ptr
 *(.data_end .data_end.*)
 .data_end      0x20000160        0x4 ./system/src/newlib/_startup.o
                0x20000164                . = ALIGN (0x4)
                0x20000164                _edata = .
                0x20000164                __data_end__ = .

.igot.plt       0x20000164        0x0 load address 0x080045f8
 .igot.plt      0x20000164        0x0 ./system/src/usb/usb_device.o

.bss_CCMRAM     0x10000000        0x0
 *(.bss.CCMRAM .bss.CCMRAM.*)

.bss            0x20000164      0xc88
                0x20000164                __bss_start__ = .
                0x20000164                _sbss = .
 *(.bss_begin .bss_begin.*)
 .bss_begin     0x20000164        0x4 ./system/src/newlib/_startup.o
 *(.bss .bss.*)
 .bss.cfgidx.10458
                0x20000168        0x1 ./system/src/usb/usbd_ctlreq.o
 *fill*         0x20000169        0x3 
 .bss.current_heap_end.3973
                0x2000016c        0x4 ./system/src/newlib/_sbrk.o
 .bss.name.4281
                0x20000170        0x1 ./system/src/newlib/_syscalls.o
 *fill*         0x20000171        0x3 
 .bss.buf.5165  0x20000174       0x80 ./system/src/diag/Trace.o
 .bss.__malloc_sbrk_start
                0x200001f4        0x4 c:/program files (x86)/gnu tools arm embedded/5.4 2016q2/bin/../lib/gcc/arm-none-eabi/5.4.1/../../../../arm-none-eabi/lib/armv7e-m\libg_nano.a(lib_a-nano-mallocr.o)
                0x200001f4                __malloc_sbrk_start
 .bss.__malloc_free_list
                0x200001f8        0x4 c:/program files (x86)/gnu tools arm embedded/5.4 2016q2/bin/../lib/gcc/arm-none-eabi/5.4.1/../../../../arm-none-eabi/lib/armv7e-m\libg_nano.a(lib_a-nano-mallocr.o)
                0x200001f8                __malloc_free_list
 *(COMMON)
 COMMON         0x200001fc      0x224 ./system/src/usb/usb_device.o
                0x200001fc                hUsbDeviceFS
 COMMON         0x20000420      0x3b8 ./system/src/usb/usbd_conf.o
                0x20000420                hpcd_USB_OTG_FS
 COMMON         0x200007d8      0x200 ./system/src/usb/usbd_desc.o
                0x200007d8                USBD_StrDesc
 COMMON         0x200009d8        0x4 ./system/src/stm32f4-hal/stm32f4xx_hal.o
                0x200009d8                uwTick
 COMMON         0x200009dc        0x4 ./system/src/newlib/_syscalls.o
                0x200009dc                errno
 COMMON         0x200009e0        0x4 ./src/Timer.o
                0x200009e0                timer_delayCount
 COMMON         0x200009e4      0x404 ./src/main.o
                0x200009e4                recieveData
 *(.bss_end .bss_end.*)
 .bss_end       0x20000de8        0x4 ./system/src/newlib/_startup.o
                0x20000dec                . = ALIGN (0x4)
                0x20000dec                __bss_end__ = .
                0x20000dec                _ebss = .

.noinit_CCMRAM
 *(.noinit.CCMRAM .noinit.CCMRAM.*)

.noinit         0x20000dec        0x0
                0x20000dec                _noinit = .
 *(.noinit .noinit.*)
                0x20000dec                . = ALIGN (0x4)
                0x20000dec                _end_noinit = .
                [!provide]                PROVIDE (end, _end_noinit)
                [!provide]                PROVIDE (_end, _end_noinit)
                [!provide]                PROVIDE (__end, _end_noinit)
                [!provide]                PROVIDE (__end__, _end_noinit)

._check_stack   0x20000dec      0x100
                0x20000eec                . = (. + _Minimum_Stack_Size)
 *fill*         0x20000dec      0x100 

.b1text
 *(.b1text)
 *(.b1rodata)
 *(.b1rodata.*)

.eb0text
 *(.eb0text)
 *(.eb0rodata)
 *(.eb0rodata.*)

.eb1text
 *(.eb1text)
 *(.eb1rodata)
 *(.eb1rodata.*)

.eb2text
 *(.eb2text)
 *(.eb2rodata)
 *(.eb2rodata.*)

.eb3text
 *(.eb3text)
 *(.eb3rodata)
 *(.eb3rodata.*)

.stab
 *(.stab)

.stabstr
 *(.stabstr)

.stab.excl
 *(.stab.excl)

.stab.exclstr
 *(.stab.exclstr)

.stab.index
 *(.stab.index)

.stab.indexstr
 *(.stab.indexstr)

.comment        0x00000000       0x6e
 *(.comment)
 .comment       0x00000000       0x6e ./system/src/usb/usb_device.o
                                 0x6f (size before relaxing)
 .comment       0x0000006e       0x6f ./system/src/usb/usbd_conf.o
 .comment       0x0000006e       0x6f ./system/src/usb/usbd_core.o
 .comment       0x0000006e       0x6f ./system/src/usb/usbd_ctlreq.o
 .comment       0x0000006e       0x6f ./system/src/usb/usbd_custom_hid_if.o
 .comment       0x0000006e       0x6f ./system/src/usb/usbd_customhid.o
 .comment       0x0000006e       0x6f ./system/src/usb/usbd_desc.o
 .comment       0x0000006e       0x6f ./system/src/usb/usbd_ioreq.o
 .comment       0x0000006e       0x6f ./system/src/stm32f4-hal/stm32f4xx_hal.o
 .comment       0x0000006e       0x6f ./system/src/stm32f4-hal/stm32f4xx_hal_cortex.o
 .comment       0x0000006e       0x6f ./system/src/stm32f4-hal/stm32f4xx_hal_gpio.o
 .comment       0x0000006e       0x6f ./system/src/stm32f4-hal/stm32f4xx_hal_pcd.o
 .comment       0x0000006e       0x6f ./system/src/stm32f4-hal/stm32f4xx_hal_pcd_ex.o
 .comment       0x0000006e       0x6f ./system/src/stm32f4-hal/stm32f4xx_hal_rcc.o
 .comment       0x0000006e       0x6f ./system/src/stm32f4-hal/stm32f4xx_ll_usb.o
 .comment       0x0000006e       0x6f ./system/src/newlib/_exit.o
 .comment       0x0000006e       0x6f ./system/src/newlib/_sbrk.o
 .comment       0x0000006e       0x6f ./system/src/newlib/_startup.o
 .comment       0x0000006e       0x6f ./system/src/newlib/_syscalls.o
 .comment       0x0000006e       0x6f ./system/src/newlib/assert.o
 .comment       0x0000006e       0x6f ./system/src/diag/Trace.o
 .comment       0x0000006e       0x6f ./system/src/diag/trace_impl.o
 .comment       0x0000006e       0x6f ./system/src/cortexm/_initialize_hardware.o
 .comment       0x0000006e       0x6f ./system/src/cortexm/exception_handlers.o
 .comment       0x0000006e       0x6f ./system/src/cmsis/system_stm32f4xx.o
 .comment       0x0000006e       0x6f ./system/src/cmsis/vectors_stm32f405xx.o
 .comment       0x0000006e       0x6f ./src/Timer.o
 .comment       0x0000006e       0x6f ./src/_initialize_hardware.o
 .comment       0x0000006e       0x6f ./src/main.o

.ARM.attributes
                0x00000000       0x31
 .ARM.attributes
                0x00000000       0x33 ./system/src/usb/usb_device.o
 .ARM.attributes
                0x00000033       0x33 ./system/src/usb/usbd_conf.o
 .ARM.attributes
                0x00000066       0x33 ./system/src/usb/usbd_core.o
 .ARM.attributes
                0x00000099       0x33 ./system/src/usb/usbd_ctlreq.o
 .ARM.attributes
                0x000000cc       0x33 ./system/src/usb/usbd_custom_hid_if.o
 .ARM.attributes
                0x000000ff       0x33 ./system/src/usb/usbd_customhid.o
 .ARM.attributes
                0x00000132       0x33 ./system/src/usb/usbd_desc.o
 .ARM.attributes
                0x00000165       0x33 ./system/src/usb/usbd_ioreq.o
 .ARM.attributes
                0x00000198       0x33 ./system/src/stm32f4-hal/stm32f4xx_hal.o
 .ARM.attributes
                0x000001cb       0x33 ./system/src/stm32f4-hal/stm32f4xx_hal_cortex.o
 .ARM.attributes
                0x000001fe       0x33 ./system/src/stm32f4-hal/stm32f4xx_hal_gpio.o
 .ARM.attributes
                0x00000231       0x33 ./system/src/stm32f4-hal/stm32f4xx_hal_pcd.o
 .ARM.attributes
                0x00000264       0x33 ./system/src/stm32f4-hal/stm32f4xx_hal_pcd_ex.o
 .ARM.attributes
                0x00000297       0x33 ./system/src/stm32f4-hal/stm32f4xx_hal_rcc.o
 .ARM.attributes
                0x000002ca       0x33 ./system/src/stm32f4-hal/stm32f4xx_ll_usb.o
 .ARM.attributes
                0x000002fd       0x33 ./system/src/newlib/_exit.o
 .ARM.attributes
                0x00000330       0x33 ./system/src/newlib/_sbrk.o
 .ARM.attributes
                0x00000363       0x33 ./system/src/newlib/_startup.o
 .ARM.attributes
                0x00000396       0x33 ./system/src/newlib/_syscalls.o
 .ARM.attributes
                0x000003c9       0x33 ./system/src/newlib/assert.o
 .ARM.attributes
                0x000003fc       0x33 ./system/src/diag/Trace.o
 .ARM.attributes
                0x0000042f       0x33 ./system/src/diag/trace_impl.o
 .ARM.attributes
                0x00000462       0x33 ./system/src/cortexm/_initialize_hardware.o
 .ARM.attributes
                0x00000495       0x33 ./system/src/cortexm/exception_handlers.o
 .ARM.attributes
                0x000004c8       0x33 ./system/src/cmsis/system_stm32f4xx.o
 .ARM.attributes
                0x000004fb       0x33 ./system/src/cmsis/vectors_stm32f405xx.o
 .ARM.attributes
                0x0000052e       0x33 ./src/Timer.o
 .ARM.attributes
                0x00000561       0x33 ./src/_initialize_hardware.o
 .ARM.attributes
                0x00000594       0x33 ./src/main.o
 .ARM.attributes
                0x000005c7       0x2e c:/program files (x86)/gnu tools arm embedded/5.4 2016q2/bin/../lib/gcc/arm-none-eabi/5.4.1/../../../../arm-none-eabi/lib/armv7e-m\libg_nano.a(lib_a-errno.o)
 .ARM.attributes
                0x000005f5       0x2e c:/program files (x86)/gnu tools arm embedded/5.4 2016q2/bin/../lib/gcc/arm-none-eabi/5.4.1/../../../../arm-none-eabi/lib/armv7e-m\libg_nano.a(lib_a-impure.o)
 .ARM.attributes
                0x00000623       0x2e c:/program files (x86)/gnu tools arm embedded/5.4 2016q2/bin/../lib/gcc/arm-none-eabi/5.4.1/../../../../arm-none-eabi/lib/armv7e-m\libg_nano.a(lib_a-malloc.o)
 .ARM.attributes
                0x00000651       0x2e c:/program files (x86)/gnu tools arm embedded/5.4 2016q2/bin/../lib/gcc/arm-none-eabi/5.4.1/../../../../arm-none-eabi/lib/armv7e-m\libg_nano.a(lib_a-memcpy-stub.o)
 .ARM.attributes
                0x0000067f       0x2e c:/program files (x86)/gnu tools arm embedded/5.4 2016q2/bin/../lib/gcc/arm-none-eabi/5.4.1/../../../../arm-none-eabi/lib/armv7e-m\libg_nano.a(lib_a-memset.o)
 .ARM.attributes
                0x000006ad       0x2e c:/program files (x86)/gnu tools arm embedded/5.4 2016q2/bin/../lib/gcc/arm-none-eabi/5.4.1/../../../../arm-none-eabi/lib/armv7e-m\libg_nano.a(lib_a-nano-freer.o)
 .ARM.attributes
                0x000006db       0x2e c:/program files (x86)/gnu tools arm embedded/5.4 2016q2/bin/../lib/gcc/arm-none-eabi/5.4.1/../../../../arm-none-eabi/lib/armv7e-m\libg_nano.a(lib_a-nano-mallocr.o)
 .ARM.attributes
                0x00000709       0x2e c:/program files (x86)/gnu tools arm embedded/5.4 2016q2/bin/../lib/gcc/arm-none-eabi/5.4.1/../../../../arm-none-eabi/lib/armv7e-m\libg_nano.a(lib_a-sbrkr.o)
 .ARM.attributes
                0x00000737       0x17 c:/program files (x86)/gnu tools arm embedded/5.4 2016q2/bin/../lib/gcc/arm-none-eabi/5.4.1/../../../../arm-none-eabi/lib/armv7e-m\libg_nano.a(lib_a-strlen.o)
 .ARM.attributes
                0x0000074e       0x2e c:/program files (x86)/gnu tools arm embedded/5.4 2016q2/bin/../lib/gcc/arm-none-eabi/5.4.1/../../../../arm-none-eabi/lib/armv7e-m\libg_nano.a(lib_a-vsnprintf.o)
 .ARM.attributes
                0x0000077c       0x2e c:/program files (x86)/gnu tools arm embedded/5.4 2016q2/bin/../lib/gcc/arm-none-eabi/5.4.1/../../../../arm-none-eabi/lib/armv7e-m\libg_nano.a(lib_a-mlock.o)
 .ARM.attributes
                0x000007aa       0x2e c:/program files (x86)/gnu tools arm embedded/5.4 2016q2/bin/../lib/gcc/arm-none-eabi/5.4.1/../../../../arm-none-eabi/lib/armv7e-m\libg_nano.a(lib_a-nano-svfprintf.o)
 .ARM.attributes
                0x000007d8       0x2e c:/program files (x86)/gnu tools arm embedded/5.4 2016q2/bin/../lib/gcc/arm-none-eabi/5.4.1/../../../../arm-none-eabi/lib/armv7e-m\libg_nano.a(lib_a-nano-vfprintf_i.o)
 .ARM.attributes
                0x00000806       0x1c c:/program files (x86)/gnu tools arm embedded/5.4 2016q2/bin/../lib/gcc/arm-none-eabi/5.4.1/../../../../arm-none-eabi/lib/armv7e-m\libg_nano.a(lib_a-memchr.o)
 .ARM.attributes
                0x00000822       0x2e c:/program files (x86)/gnu tools arm embedded/5.4 2016q2/bin/../lib/gcc/arm-none-eabi/5.4.1/../../../../arm-none-eabi/lib/armv7e-m\libg_nano.a(lib_a-memmove.o)
 .ARM.attributes
                0x00000850       0x2e c:/program files (x86)/gnu tools arm embedded/5.4 2016q2/bin/../lib/gcc/arm-none-eabi/5.4.1/../../../../arm-none-eabi/lib/armv7e-m\libg_nano.a(lib_a-nano-reallocr.o)
 .ARM.attributes
                0x0000087e       0x2e c:/program files (x86)/gnu tools arm embedded/5.4 2016q2/bin/../lib/gcc/arm-none-eabi/5.4.1/../../../../arm-none-eabi/lib/armv7e-m\libg_nano.a(lib_a-nano-msizer.o)

.debug
 *(.debug)

.line
 *(.line)

.debug_srcinfo
 *(.debug_srcinfo)

.debug_sfnames
 *(.debug_sfnames)

.debug_aranges  0x00000000      0xb90
 *(.debug_aranges)
 .debug_aranges
                0x00000000       0x20 ./system/src/usb/usb_device.o
 .debug_aranges
                0x00000020      0x100 ./system/src/usb/usbd_conf.o
 .debug_aranges
                0x00000120       0xb8 ./system/src/usb/usbd_core.o
 .debug_aranges
                0x000001d8       0x88 ./system/src/usb/usbd_ctlreq.o
 .debug_aranges
                0x00000260       0x30 ./system/src/usb/usbd_custom_hid_if.o
 .debug_aranges
                0x00000290       0x68 ./system/src/usb/usbd_customhid.o
 .debug_aranges
                0x000002f8       0x50 ./system/src/usb/usbd_desc.o
 .debug_aranges
                0x00000348       0x50 ./system/src/usb/usbd_ioreq.o
 .debug_aranges
                0x00000398       0xc0 ./system/src/stm32f4-hal/stm32f4xx_hal.o
 .debug_aranges
                0x00000458       0x98 ./system/src/stm32f4-hal/stm32f4xx_hal_cortex.o
 .debug_aranges
                0x000004f0       0x58 ./system/src/stm32f4-hal/stm32f4xx_hal_gpio.o
 .debug_aranges
                0x00000548      0x120 ./system/src/stm32f4-hal/stm32f4xx_hal_pcd.o
 .debug_aranges
                0x00000668       0x28 ./system/src/stm32f4-hal/stm32f4xx_hal_pcd_ex.o
 .debug_aranges
                0x00000690       0x88 ./system/src/stm32f4-hal/stm32f4xx_hal_rcc.o
 .debug_aranges
                0x00000718      0x180 ./system/src/stm32f4-hal/stm32f4xx_ll_usb.o
 .debug_aranges
                0x00000898       0x28 ./system/src/newlib/_exit.o
 .debug_aranges
                0x000008c0       0x20 ./system/src/newlib/_sbrk.o
 .debug_aranges
                0x000008e0       0x40 ./system/src/newlib/_startup.o
 .debug_aranges
                0x00000920       0x30 ./system/src/newlib/_syscalls.o
 .debug_aranges
                0x00000950       0x28 ./system/src/newlib/assert.o
 .debug_aranges
                0x00000978       0x38 ./system/src/diag/Trace.o
 .debug_aranges
                0x000009b0       0x30 ./system/src/diag/trace_impl.o
 .debug_aranges
                0x000009e0       0x28 ./system/src/cortexm/_initialize_hardware.o
 .debug_aranges
                0x00000a08       0x90 ./system/src/cortexm/exception_handlers.o
 .debug_aranges
                0x00000a98       0x28 ./system/src/cmsis/system_stm32f4xx.o
 .debug_aranges
                0x00000ac0       0x20 ./system/src/cmsis/vectors_stm32f405xx.o
 .debug_aranges
                0x00000ae0       0x38 ./src/Timer.o
 .debug_aranges
                0x00000b18       0x38 ./src/_initialize_hardware.o
 .debug_aranges
                0x00000b50       0x40 ./src/main.o

.debug_pubnames
 *(.debug_pubnames)

.debug_info     0x00000000     0xef39
 *(.debug_info .gnu.linkonce.wi.*)
 .debug_info    0x00000000      0x5e5 ./system/src/usb/usb_device.o
 .debug_info    0x000005e5     0x18b8 ./system/src/usb/usbd_conf.o
 .debug_info    0x00001e9d      0xc6d ./system/src/usb/usbd_core.o
 .debug_info    0x00002b0a      0xe28 ./system/src/usb/usbd_ctlreq.o
 .debug_info    0x00003932      0x1f3 ./system/src/usb/usbd_custom_hid_if.o
 .debug_info    0x00003b25      0xb29 ./system/src/usb/usbd_customhid.o
 .debug_info    0x0000464e      0x4d6 ./system/src/usb/usbd_desc.o
 .debug_info    0x00004b24      0x790 ./system/src/usb/usbd_ioreq.o
 .debug_info    0x000052b4      0x8d1 ./system/src/stm32f4-hal/stm32f4xx_hal.o
 .debug_info    0x00005b85     0x10e2 ./system/src/stm32f4-hal/stm32f4xx_hal_cortex.o
 .debug_info    0x00006c67      0x86a ./system/src/stm32f4-hal/stm32f4xx_hal_gpio.o
 .debug_info    0x000074d1     0x1414 ./system/src/stm32f4-hal/stm32f4xx_hal_pcd.o
 .debug_info    0x000088e5      0x548 ./system/src/stm32f4-hal/stm32f4xx_hal_pcd_ex.o
 .debug_info    0x00008e2d      0xf42 ./system/src/stm32f4-hal/stm32f4xx_hal_rcc.o
 .debug_info    0x00009d6f     0x1634 ./system/src/stm32f4-hal/stm32f4xx_ll_usb.o
 .debug_info    0x0000b3a3       0xef ./system/src/newlib/_exit.o
 .debug_info    0x0000b492      0x11f ./system/src/newlib/_sbrk.o
 .debug_info    0x0000b5b1      0x4ef ./system/src/newlib/_startup.o
 .debug_info    0x0000baa0      0x1c7 ./system/src/newlib/_syscalls.o
 .debug_info    0x0000bc67      0x1a3 ./system/src/newlib/assert.o
 .debug_info    0x0000be0a      0x2e6 ./system/src/diag/Trace.o
 .debug_info    0x0000c0f0      0x30a ./system/src/diag/trace_impl.o
 .debug_info    0x0000c3fa      0x2bf ./system/src/cortexm/_initialize_hardware.o
 .debug_info    0x0000c6b9      0x8f4 ./system/src/cortexm/exception_handlers.o
 .debug_info    0x0000cfad      0x4b9 ./system/src/cmsis/system_stm32f4xx.o
 .debug_info    0x0000d466       0xd1 ./system/src/cmsis/vectors_stm32f405xx.o
 .debug_info    0x0000d537      0x726 ./src/Timer.o
 .debug_info    0x0000dc5d      0x945 ./src/_initialize_hardware.o
 .debug_info    0x0000e5a2      0x997 ./src/main.o

.debug_abbrev   0x00000000     0x30d6
 *(.debug_abbrev)
 .debug_abbrev  0x00000000      0x170 ./system/src/usb/usb_device.o
 .debug_abbrev  0x00000170      0x26f ./system/src/usb/usbd_conf.o
 .debug_abbrev  0x000003df      0x1ef ./system/src/usb/usbd_core.o
 .debug_abbrev  0x000005ce      0x26c ./system/src/usb/usbd_ctlreq.o
 .debug_abbrev  0x0000083a      0x116 ./system/src/usb/usbd_custom_hid_if.o
 .debug_abbrev  0x00000950      0x250 ./system/src/usb/usbd_customhid.o
 .debug_abbrev  0x00000ba0      0x13c ./system/src/usb/usbd_desc.o
 .debug_abbrev  0x00000cdc      0x158 ./system/src/usb/usbd_ioreq.o
 .debug_abbrev  0x00000e34      0x224 ./system/src/stm32f4-hal/stm32f4xx_hal.o
 .debug_abbrev  0x00001058      0x324 ./system/src/stm32f4-hal/stm32f4xx_hal_cortex.o
 .debug_abbrev  0x0000137c      0x204 ./system/src/stm32f4-hal/stm32f4xx_hal_gpio.o
 .debug_abbrev  0x00001580      0x283 ./system/src/stm32f4-hal/stm32f4xx_hal_pcd.o
 .debug_abbrev  0x00001803      0x172 ./system/src/stm32f4-hal/stm32f4xx_hal_pcd_ex.o
 .debug_abbrev  0x00001975      0x2b8 ./system/src/stm32f4-hal/stm32f4xx_hal_rcc.o
 .debug_abbrev  0x00001c2d      0x242 ./system/src/stm32f4-hal/stm32f4xx_ll_usb.o
 .debug_abbrev  0x00001e6f       0x8e ./system/src/newlib/_exit.o
 .debug_abbrev  0x00001efd       0xb9 ./system/src/newlib/_sbrk.o
 .debug_abbrev  0x00001fb6      0x1d4 ./system/src/newlib/_startup.o
 .debug_abbrev  0x0000218a       0xec ./system/src/newlib/_syscalls.o
 .debug_abbrev  0x00002276       0xab ./system/src/newlib/assert.o
 .debug_abbrev  0x00002321      0x145 ./system/src/diag/Trace.o
 .debug_abbrev  0x00002466      0x1c8 ./system/src/diag/trace_impl.o
 .debug_abbrev  0x0000262e       0xea ./system/src/cortexm/_initialize_hardware.o
 .debug_abbrev  0x00002718      0x247 ./system/src/cortexm/exception_handlers.o
 .debug_abbrev  0x0000295f      0x104 ./system/src/cmsis/system_stm32f4xx.o
 .debug_abbrev  0x00002a63       0x9d ./system/src/cmsis/vectors_stm32f405xx.o
 .debug_abbrev  0x00002b00      0x1cf ./src/Timer.o
 .debug_abbrev  0x00002ccf      0x188 ./src/_initialize_hardware.o
 .debug_abbrev  0x00002e57      0x27f ./src/main.o

.debug_line     0x00000000    0x119f2
 *(.debug_line)
 .debug_line    0x00000000      0xae5 ./system/src/usb/usb_device.o
 .debug_line    0x00000ae5      0xcad ./system/src/usb/usbd_conf.o
 .debug_line    0x00001792      0xc60 ./system/src/usb/usbd_core.o
 .debug_line    0x000023f2      0xc60 ./system/src/usb/usbd_ctlreq.o
 .debug_line    0x00003052      0xaee ./system/src/usb/usbd_custom_hid_if.o
 .debug_line    0x00003b40      0xbc0 ./system/src/usb/usbd_customhid.o
 .debug_line    0x00004700      0xb1b ./system/src/usb/usbd_desc.o
 .debug_line    0x0000521b      0xb0d ./system/src/usb/usbd_ioreq.o
 .debug_line    0x00005d28      0xb86 ./system/src/stm32f4-hal/stm32f4xx_hal.o
 .debug_line    0x000068ae      0xc69 ./system/src/stm32f4-hal/stm32f4xx_hal_cortex.o
 .debug_line    0x00007517      0xd10 ./system/src/stm32f4-hal/stm32f4xx_hal_gpio.o
 .debug_line    0x00008227      0xeec ./system/src/stm32f4-hal/stm32f4xx_hal_pcd.o
 .debug_line    0x00009113      0xa36 ./system/src/stm32f4-hal/stm32f4xx_hal_pcd_ex.o
 .debug_line    0x00009b49      0xe38 ./system/src/stm32f4-hal/stm32f4xx_hal_rcc.o
 .debug_line    0x0000a981      0xfb5 ./system/src/stm32f4-hal/stm32f4xx_ll_usb.o
 .debug_line    0x0000b936      0x33c ./system/src/newlib/_exit.o
 .debug_line    0x0000bc72      0x2ee ./system/src/newlib/_sbrk.o
 .debug_line    0x0000bf60      0x3b6 ./system/src/newlib/_startup.o
 .debug_line    0x0000c316      0x3fc ./system/src/newlib/_syscalls.o
 .debug_line    0x0000c712      0x377 ./system/src/newlib/assert.o
 .debug_line    0x0000ca89      0x39b ./system/src/diag/Trace.o
 .debug_line    0x0000ce24      0xac1 ./system/src/diag/trace_impl.o
 .debug_line    0x0000d8e5      0xa2a ./system/src/cortexm/_initialize_hardware.o
 .debug_line    0x0000e30f      0xb53 ./system/src/cortexm/exception_handlers.o
 .debug_line    0x0000ee62      0xa2a ./system/src/cmsis/system_stm32f4xx.o
 .debug_line    0x0000f88c      0x105 ./system/src/cmsis/vectors_stm32f405xx.o
 .debug_line    0x0000f991      0xa7e ./src/Timer.o
 .debug_line    0x0001040f      0xa4b ./src/_initialize_hardware.o
 .debug_line    0x00010e5a      0xb98 ./src/main.o

.debug_frame    0x00000000     0x1eb4
 *(.debug_frame)
 .debug_frame   0x00000000       0x28 ./system/src/usb/usb_device.o
 .debug_frame   0x00000028      0x2d0 ./system/src/usb/usbd_conf.o
 .debug_frame   0x000002f8      0x1bc ./system/src/usb/usbd_core.o
 .debug_frame   0x000004b4      0x178 ./system/src/usb/usbd_ctlreq.o
 .debug_frame   0x0000062c       0x40 ./system/src/usb/usbd_custom_hid_if.o
 .debug_frame   0x0000066c       0xf0 ./system/src/usb/usbd_customhid.o
 .debug_frame   0x0000075c       0xa8 ./system/src/usb/usbd_desc.o
 .debug_frame   0x00000804       0xb8 ./system/src/usb/usbd_ioreq.o
 .debug_frame   0x000008bc      0x188 ./system/src/stm32f4-hal/stm32f4xx_hal.o
 .debug_frame   0x00000a44      0x17c ./system/src/stm32f4-hal/stm32f4xx_hal_cortex.o
 .debug_frame   0x00000bc0       0xf8 ./system/src/stm32f4-hal/stm32f4xx_hal_gpio.o
 .debug_frame   0x00000cb8      0x30c ./system/src/stm32f4-hal/stm32f4xx_hal_pcd.o
 .debug_frame   0x00000fc4       0x3c ./system/src/stm32f4-hal/stm32f4xx_hal_pcd_ex.o
 .debug_frame   0x00001000      0x158 ./system/src/stm32f4-hal/stm32f4xx_hal_rcc.o
 .debug_frame   0x00001158      0x49c ./system/src/stm32f4-hal/stm32f4xx_ll_usb.o
 .debug_frame   0x000015f4       0x38 ./system/src/newlib/_exit.o
 .debug_frame   0x0000162c       0x28 ./system/src/newlib/_sbrk.o
 .debug_frame   0x00001654       0x7c ./system/src/newlib/_startup.o
 .debug_frame   0x000016d0       0x50 ./system/src/newlib/_syscalls.o
 .debug_frame   0x00001720       0x40 ./system/src/newlib/assert.o
 .debug_frame   0x00001760       0x94 ./system/src/diag/Trace.o
 .debug_frame   0x000017f4       0x60 ./system/src/diag/trace_impl.o
 .debug_frame   0x00001854       0x40 ./system/src/cortexm/_initialize_hardware.o
 .debug_frame   0x00001894      0x158 ./system/src/cortexm/exception_handlers.o
 .debug_frame   0x000019ec       0x30 ./system/src/cmsis/system_stm32f4xx.o
 .debug_frame   0x00001a1c       0x20 ./system/src/cmsis/vectors_stm32f405xx.o
 .debug_frame   0x00001a3c       0x58 ./src/Timer.o
 .debug_frame   0x00001a94       0x74 ./src/_initialize_hardware.o
 .debug_frame   0x00001b08       0x98 ./src/main.o
 .debug_frame   0x00001ba0       0x20 c:/program files (x86)/gnu tools arm embedded/5.4 2016q2/bin/../lib/gcc/arm-none-eabi/5.4.1/../../../../arm-none-eabi/lib/armv7e-m\libg_nano.a(lib_a-errno.o)
 .debug_frame   0x00001bc0       0x30 c:/program files (x86)/gnu tools arm embedded/5.4 2016q2/bin/../lib/gcc/arm-none-eabi/5.4.1/../../../../arm-none-eabi/lib/armv7e-m\libg_nano.a(lib_a-malloc.o)
 .debug_frame   0x00001bf0       0x28 c:/program files (x86)/gnu tools arm embedded/5.4 2016q2/bin/../lib/gcc/arm-none-eabi/5.4.1/../../../../arm-none-eabi/lib/armv7e-m\libg_nano.a(lib_a-memcpy-stub.o)
 .debug_frame   0x00001c18       0x20 c:/program files (x86)/gnu tools arm embedded/5.4 2016q2/bin/../lib/gcc/arm-none-eabi/5.4.1/../../../../arm-none-eabi/lib/armv7e-m\libg_nano.a(lib_a-memset.o)
 .debug_frame   0x00001c38       0x38 c:/program files (x86)/gnu tools arm embedded/5.4 2016q2/bin/../lib/gcc/arm-none-eabi/5.4.1/../../../../arm-none-eabi/lib/armv7e-m\libg_nano.a(lib_a-nano-freer.o)
 .debug_frame   0x00001c70       0x2c c:/program files (x86)/gnu tools arm embedded/5.4 2016q2/bin/../lib/gcc/arm-none-eabi/5.4.1/../../../../arm-none-eabi/lib/armv7e-m\libg_nano.a(lib_a-nano-mallocr.o)
 .debug_frame   0x00001c9c       0x2c c:/program files (x86)/gnu tools arm embedded/5.4 2016q2/bin/../lib/gcc/arm-none-eabi/5.4.1/../../../../arm-none-eabi/lib/armv7e-m\libg_nano.a(lib_a-sbrkr.o)
 .debug_frame   0x00001cc8       0x48 c:/program files (x86)/gnu tools arm embedded/5.4 2016q2/bin/../lib/gcc/arm-none-eabi/5.4.1/../../../../arm-none-eabi/lib/armv7e-m\libg_nano.a(lib_a-vsnprintf.o)
 .debug_frame   0x00001d10       0x30 c:/program files (x86)/gnu tools arm embedded/5.4 2016q2/bin/../lib/gcc/arm-none-eabi/5.4.1/../../../../arm-none-eabi/lib/armv7e-m\libg_nano.a(lib_a-mlock.o)
 .debug_frame   0x00001d40       0x90 c:/program files (x86)/gnu tools arm embedded/5.4 2016q2/bin/../lib/gcc/arm-none-eabi/5.4.1/../../../../arm-none-eabi/lib/armv7e-m\libg_nano.a(lib_a-nano-svfprintf.o)
 .debug_frame   0x00001dd0       0x60 c:/program files (x86)/gnu tools arm embedded/5.4 2016q2/bin/../lib/gcc/arm-none-eabi/5.4.1/../../../../arm-none-eabi/lib/armv7e-m\libg_nano.a(lib_a-nano-vfprintf_i.o)
 .debug_frame   0x00001e30       0x28 c:/program files (x86)/gnu tools arm embedded/5.4 2016q2/bin/../lib/gcc/arm-none-eabi/5.4.1/../../../../arm-none-eabi/lib/armv7e-m\libg_nano.a(lib_a-memmove.o)
 .debug_frame   0x00001e58       0x3c c:/program files (x86)/gnu tools arm embedded/5.4 2016q2/bin/../lib/gcc/arm-none-eabi/5.4.1/../../../../arm-none-eabi/lib/armv7e-m\libg_nano.a(lib_a-nano-reallocr.o)
 .debug_frame   0x00001e94       0x20 c:/program files (x86)/gnu tools arm embedded/5.4 2016q2/bin/../lib/gcc/arm-none-eabi/5.4.1/../../../../arm-none-eabi/lib/armv7e-m\libg_nano.a(lib_a-nano-msizer.o)

.debug_str      0x00000000    0x9b29a
 *(.debug_str)
 .debug_str     0x00000000    0x955ea ./system/src/usb/usb_device.o
                              0x959b5 (size before relaxing)
 .debug_str     0x000955ea      0xe90 ./system/src/usb/usbd_conf.o
                              0x965ca (size before relaxing)
 .debug_str     0x0009647a      0x150 ./system/src/usb/usbd_core.o
                              0x959b0 (size before relaxing)
 .debug_str     0x000965ca       0xd2 ./system/src/usb/usbd_ctlreq.o
                              0x958ca (size before relaxing)
 .debug_str     0x0009669c       0x92 ./system/src/usb/usbd_custom_hid_if.o
                              0x9561d (size before relaxing)
 .debug_str     0x0009672e      0x221 ./system/src/usb/usbd_customhid.o
                              0x95c0f (size before relaxing)
 .debug_str     0x0009694f      0x259 ./system/src/usb/usbd_desc.o
                              0x956d6 (size before relaxing)
 .debug_str     0x00096ba8       0x2f ./system/src/usb/usbd_ioreq.o
                              0x957f7 (size before relaxing)
 .debug_str     0x00096bd7      0x4d5 ./system/src/stm32f4-hal/stm32f4xx_hal.o
                              0x95487 (size before relaxing)
 .debug_str     0x000970ac      0x305 ./system/src/stm32f4-hal/stm32f4xx_hal_cortex.o
                              0x952ef (size before relaxing)
 .debug_str     0x000973b1      0x260 ./system/src/stm32f4-hal/stm32f4xx_hal_gpio.o
                              0x94d21 (size before relaxing)
 .debug_str     0x00097611      0x481 ./system/src/stm32f4-hal/stm32f4xx_hal_pcd.o
                              0x95341 (size before relaxing)
 .debug_str     0x00097a92       0x40 ./system/src/stm32f4-hal/stm32f4xx_hal_pcd_ex.o
                              0x94c82 (size before relaxing)
 .debug_str     0x00097ad2      0x384 ./system/src/stm32f4-hal/stm32f4xx_hal_rcc.o
                              0x94ebf (size before relaxing)
 .debug_str     0x00097e56      0x3a5 ./system/src/stm32f4-hal/stm32f4xx_ll_usb.o
                              0x952b3 (size before relaxing)
 .debug_str     0x000981fb      0xfcf ./system/src/newlib/_exit.o
                               0x6eef (size before relaxing)
 .debug_str     0x000991ca      0x4de ./system/src/newlib/_sbrk.o
                               0x62da (size before relaxing)
 .debug_str     0x000996a8      0x2c6 ./system/src/newlib/_startup.o
                               0x5eb0 (size before relaxing)
 .debug_str     0x0009996e      0xe08 ./system/src/newlib/_syscalls.o
                               0x712a (size before relaxing)
 .debug_str     0x0009a776       0xd5 ./system/src/newlib/assert.o
                               0x79f4 (size before relaxing)
 .debug_str     0x0009a84b      0x16f ./system/src/diag/Trace.o
                               0x76cf (size before relaxing)
 .debug_str     0x0009a9ba      0x37b ./system/src/diag/trace_impl.o
                              0x95bef (size before relaxing)
 .debug_str     0x0009ad35       0x5e ./system/src/cortexm/_initialize_hardware.o
                              0x949d0 (size before relaxing)
 .debug_str     0x0009ad93      0x197 ./system/src/cortexm/exception_handlers.o
                              0x95d69 (size before relaxing)
 .debug_str     0x0009af2a       0x46 ./system/src/cmsis/system_stm32f4xx.o
                              0x94aaf (size before relaxing)
 .debug_str     0x0009af70       0x59 ./system/src/cmsis/vectors_stm32f405xx.o
                               0x3090 (size before relaxing)
 .debug_str     0x0009afc9       0x76 ./src/Timer.o
                              0x94fae (size before relaxing)
 .debug_str     0x0009b03f       0x3e ./src/_initialize_hardware.o
                              0x9518f (size before relaxing)
 .debug_str     0x0009b07d      0x21d ./src/main.o
                              0x96b70 (size before relaxing)

.debug_loc      0x00000000     0x5d63
 *(.debug_loc)
 .debug_loc     0x00000000      0x6c6 ./system/src/usb/usbd_conf.o
 .debug_loc     0x000006c6      0x629 ./system/src/usb/usbd_core.o
 .debug_loc     0x00000cef      0xb1d ./system/src/usb/usbd_ctlreq.o
 .debug_loc     0x0000180c       0x21 ./system/src/usb/usbd_custom_hid_if.o
 .debug_loc     0x0000182d      0x4c7 ./system/src/usb/usbd_customhid.o
 .debug_loc     0x00001cf4      0x2b7 ./system/src/usb/usbd_desc.o
 .debug_loc     0x00001fab      0x23c ./system/src/usb/usbd_ioreq.o
 .debug_loc     0x000021e7       0x92 ./system/src/stm32f4-hal/stm32f4xx_hal.o
 .debug_loc     0x00002279      0x580 ./system/src/stm32f4-hal/stm32f4xx_hal_cortex.o
 .debug_loc     0x000027f9      0x4b0 ./system/src/stm32f4-hal/stm32f4xx_hal_gpio.o
 .debug_loc     0x00002ca9      0xb3d ./system/src/stm32f4-hal/stm32f4xx_hal_pcd.o
 .debug_loc     0x000037e6       0xd0 ./system/src/stm32f4-hal/stm32f4xx_hal_pcd_ex.o
 .debug_loc     0x000038b6      0x57a ./system/src/stm32f4-hal/stm32f4xx_hal_rcc.o
 .debug_loc     0x00003e30     0x1212 ./system/src/stm32f4-hal/stm32f4xx_ll_usb.o
 .debug_loc     0x00005042       0x82 ./system/src/newlib/_sbrk.o
 .debug_loc     0x000050c4      0x36e ./system/src/newlib/_startup.o
 .debug_loc     0x00005432       0x63 ./system/src/newlib/_syscalls.o
 .debug_loc     0x00005495      0x110 ./system/src/newlib/assert.o
 .debug_loc     0x000055a5      0x102 ./system/src/diag/Trace.o
 .debug_loc     0x000056a7      0x17c ./system/src/diag/trace_impl.o
 .debug_loc     0x00005823      0x2a8 ./system/src/cortexm/exception_handlers.o
 .debug_loc     0x00005acb      0x132 ./system/src/cmsis/system_stm32f4xx.o
 .debug_loc     0x00005bfd       0x59 ./src/Timer.o
 .debug_loc     0x00005c56      0x10d ./src/main.o

.debug_macinfo
 *(.debug_macinfo)

.debug_weaknames
 *(.debug_weaknames)

.debug_funcnames
 *(.debug_funcnames)

.debug_typenames
 *(.debug_typenames)

.debug_varnames
 *(.debug_varnames)
OUTPUT(TARGET.elf elf32-littlearm)

.debug_ranges   0x00000000      0x9f0
 .debug_ranges  0x00000000       0x10 ./system/src/usb/usb_device.o
 .debug_ranges  0x00000010       0xf0 ./system/src/usb/usbd_conf.o
 .debug_ranges  0x00000100       0xa8 ./system/src/usb/usbd_core.o
 .debug_ranges  0x000001a8       0x78 ./system/src/usb/usbd_ctlreq.o
 .debug_ranges  0x00000220       0x20 ./system/src/usb/usbd_custom_hid_if.o
 .debug_ranges  0x00000240       0x58 ./system/src/usb/usbd_customhid.o
 .debug_ranges  0x00000298       0x40 ./system/src/usb/usbd_desc.o
 .debug_ranges  0x000002d8       0x40 ./system/src/usb/usbd_ioreq.o
 .debug_ranges  0x00000318       0xb0 ./system/src/stm32f4-hal/stm32f4xx_hal.o
 .debug_ranges  0x000003c8       0x88 ./system/src/stm32f4-hal/stm32f4xx_hal_cortex.o
 .debug_ranges  0x00000450       0x48 ./system/src/stm32f4-hal/stm32f4xx_hal_gpio.o
 .debug_ranges  0x00000498      0x110 ./system/src/stm32f4-hal/stm32f4xx_hal_pcd.o
 .debug_ranges  0x000005a8       0x18 ./system/src/stm32f4-hal/stm32f4xx_hal_pcd_ex.o
 .debug_ranges  0x000005c0       0x78 ./system/src/stm32f4-hal/stm32f4xx_hal_rcc.o
 .debug_ranges  0x00000638      0x170 ./system/src/stm32f4-hal/stm32f4xx_ll_usb.o
 .debug_ranges  0x000007a8       0x18 ./system/src/newlib/_exit.o
 .debug_ranges  0x000007c0       0x10 ./system/src/newlib/_sbrk.o
 .debug_ranges  0x000007d0       0x30 ./system/src/newlib/_startup.o
 .debug_ranges  0x00000800       0x20 ./system/src/newlib/_syscalls.o
 .debug_ranges  0x00000820       0x18 ./system/src/newlib/assert.o
 .debug_ranges  0x00000838       0x28 ./system/src/diag/Trace.o
 .debug_ranges  0x00000860       0x38 ./system/src/diag/trace_impl.o
 .debug_ranges  0x00000898       0x18 ./system/src/cortexm/_initialize_hardware.o
 .debug_ranges  0x000008b0       0x98 ./system/src/cortexm/exception_handlers.o
 .debug_ranges  0x00000948       0x18 ./system/src/cmsis/system_stm32f4xx.o
 .debug_ranges  0x00000960       0x10 ./system/src/cmsis/vectors_stm32f405xx.o
 .debug_ranges  0x00000970       0x28 ./src/Timer.o
 .debug_ranges  0x00000998       0x28 ./src/_initialize_hardware.o
 .debug_ranges  0x000009c0       0x30 ./src/main.o

.debug_macro    0x00000000    0x1dd02
 .debug_macro   0x00000000      0x590 ./system/src/usb/usb_device.o
 .debug_macro   0x00000590      0x898 ./system/src/usb/usb_device.o
 .debug_macro   0x00000e28       0x2e ./system/src/usb/usb_device.o
 .debug_macro   0x00000e56       0x28 ./system/src/usb/usb_device.o
 .debug_macro   0x00000e7e      0x34e ./system/src/usb/usb_device.o
 .debug_macro   0x000011cc       0x35 ./system/src/usb/usb_device.o
 .debug_macro   0x00001201       0x50 ./system/src/usb/usb_device.o
 .debug_macro   0x00001251      0xe66 ./system/src/usb/usb_device.o
 .debug_macro   0x000020b7     0x88fb ./system/src/usb/usb_device.o
 .debug_macro   0x0000a9b2       0x43 ./system/src/usb/usb_device.o
 .debug_macro   0x0000a9f5      0x283 ./system/src/usb/usb_device.o
 .debug_macro   0x0000ac78     0x33a6 ./system/src/usb/usb_device.o
 .debug_macro   0x0000e01e       0x22 ./system/src/usb/usb_device.o
 .debug_macro   0x0000e040       0x4c ./system/src/usb/usb_device.o
 .debug_macro   0x0000e08c       0x8d ./system/src/usb/usb_device.o
 .debug_macro   0x0000e119       0x35 ./system/src/usb/usb_device.o
 .debug_macro   0x0000e14e       0x9c ./system/src/usb/usb_device.o
 .debug_macro   0x0000e1ea       0x16 ./system/src/usb/usb_device.o
 .debug_macro   0x0000e200       0x4a ./system/src/usb/usb_device.o
 .debug_macro   0x0000e24a       0x97 ./system/src/usb/usb_device.o
 .debug_macro   0x0000e2e1      0x30d ./system/src/usb/usb_device.o
 .debug_macro   0x0000e5ee       0xfd ./system/src/usb/usb_device.o
 .debug_macro   0x0000e6eb       0x10 ./system/src/usb/usb_device.o
 .debug_macro   0x0000e6fb       0x52 ./system/src/usb/usb_device.o
 .debug_macro   0x0000e74d       0x1f ./system/src/usb/usb_device.o
 .debug_macro   0x0000e76c       0x43 ./system/src/usb/usb_device.o
 .debug_macro   0x0000e7af       0x20 ./system/src/usb/usb_device.o
 .debug_macro   0x0000e7cf      0x187 ./system/src/usb/usb_device.o
 .debug_macro   0x0000e956       0x10 ./system/src/usb/usb_device.o
 .debug_macro   0x0000e966       0x5e ./system/src/usb/usb_device.o
 .debug_macro   0x0000e9c4       0x1c ./system/src/usb/usb_device.o
 .debug_macro   0x0000e9e0       0x52 ./system/src/usb/usb_device.o
 .debug_macro   0x0000ea32       0x40 ./system/src/usb/usb_device.o
 .debug_macro   0x0000ea72       0x10 ./system/src/usb/usb_device.o
 .debug_macro   0x0000ea82       0x40 ./system/src/usb/usb_device.o
 .debug_macro   0x0000eac2       0xd7 ./system/src/usb/usb_device.o
 .debug_macro   0x0000eb99       0x16 ./system/src/usb/usb_device.o
 .debug_macro   0x0000ebaf      0x189 ./system/src/usb/usb_device.o
 .debug_macro   0x0000ed38       0x57 ./system/src/usb/usb_device.o
 .debug_macro   0x0000ed8f      0x8a0 ./system/src/usb/usb_device.o
 .debug_macro   0x0000f62f      0x9da ./system/src/usb/usb_device.o
 .debug_macro   0x00010009      0x11e ./system/src/usb/usb_device.o
 .debug_macro   0x00010127      0x130 ./system/src/usb/usb_device.o
 .debug_macro   0x00010257       0x27 ./system/src/usb/usb_device.o
 .debug_macro   0x0001027e      0x272 ./system/src/usb/usb_device.o
 .debug_macro   0x000104f0       0x5f ./system/src/usb/usb_device.o
 .debug_macro   0x0001054f      0x23a ./system/src/usb/usb_device.o
 .debug_macro   0x00010789      0x391 ./system/src/usb/usb_device.o
 .debug_macro   0x00010b1a      0x16f ./system/src/usb/usb_device.o
 .debug_macro   0x00010c89       0xf9 ./system/src/usb/usb_device.o
 .debug_macro   0x00010d82      0x36e ./system/src/usb/usb_device.o
 .debug_macro   0x000110f0       0x23 ./system/src/usb/usb_device.o
 .debug_macro   0x00011113       0xe6 ./system/src/usb/usb_device.o
 .debug_macro   0x000111f9       0xa1 ./system/src/usb/usb_device.o
 .debug_macro   0x0001129a       0x3c ./system/src/usb/usb_device.o
 .debug_macro   0x000112d6      0x13a ./system/src/usb/usb_device.o
 .debug_macro   0x00011410      0x21e ./system/src/usb/usb_device.o
 .debug_macro   0x0001162e       0x2e ./system/src/usb/usb_device.o
 .debug_macro   0x0001165c      0x512 ./system/src/usb/usb_device.o
 .debug_macro   0x00011b6e       0x88 ./system/src/usb/usb_device.o
 .debug_macro   0x00011bf6       0xd5 ./system/src/usb/usb_device.o
 .debug_macro   0x00011ccb      0x183 ./system/src/usb/usb_device.o
 .debug_macro   0x00011e4e      0x1a7 ./system/src/usb/usb_device.o
 .debug_macro   0x00011ff5       0xa5 ./system/src/usb/usb_device.o
 .debug_macro   0x0001209a      0x18b ./system/src/usb/usb_device.o
 .debug_macro   0x00012225       0x24 ./system/src/usb/usb_device.o
 .debug_macro   0x00012249       0x35 ./system/src/usb/usb_device.o
 .debug_macro   0x0001227e       0x97 ./system/src/usb/usb_device.o
 .debug_macro   0x00012315      0x11e ./system/src/usb/usb_device.o
 .debug_macro   0x00012433       0x7f ./system/src/usb/usb_device.o
 .debug_macro   0x000124b2       0x89 ./system/src/usb/usb_device.o
 .debug_macro   0x0001253b       0x7e ./system/src/usb/usb_device.o
 .debug_macro   0x000125b9      0x31a ./system/src/usb/usb_device.o
 .debug_macro   0x000128d3      0x409 ./system/src/usb/usb_device.o
 .debug_macro   0x00012cdc       0xe4 ./system/src/usb/usb_device.o
 .debug_macro   0x00012dc0      0x48d ./system/src/usb/usb_device.o
 .debug_macro   0x0001324d      0x22b ./system/src/usb/usb_device.o
 .debug_macro   0x00013478      0x202 ./system/src/usb/usb_device.o
 .debug_macro   0x0001367a      0x6d9 ./system/src/usb/usb_device.o
 .debug_macro   0x00013d53       0x5b ./system/src/usb/usb_device.o
 .debug_macro   0x00013dae      0x14d ./system/src/usb/usb_device.o
 .debug_macro   0x00013efb      0x287 ./system/src/usb/usb_device.o
 .debug_macro   0x00014182      0x225 ./system/src/usb/usb_device.o
 .debug_macro   0x000143a7      0x1b5 ./system/src/usb/usb_device.o
 .debug_macro   0x0001455c      0x2db ./system/src/usb/usb_device.o
 .debug_macro   0x00014837       0x94 ./system/src/usb/usb_device.o
 .debug_macro   0x000148cb      0x1df ./system/src/usb/usb_device.o
 .debug_macro   0x00014aaa      0x115 ./system/src/usb/usb_device.o
 .debug_macro   0x00014bbf       0x6e ./system/src/usb/usb_device.o
 .debug_macro   0x00014c2d      0x125 ./system/src/usb/usb_device.o
 .debug_macro   0x00014d52       0x16 ./system/src/usb/usb_device.o
 .debug_macro   0x00014d68       0x35 ./system/src/usb/usb_device.o
 .debug_macro   0x00014d9d       0x16 ./system/src/usb/usb_device.o
 .debug_macro   0x00014db3       0x29 ./system/src/usb/usb_device.o
 .debug_macro   0x00014ddc       0x16 ./system/src/usb/usb_device.o
 .debug_macro   0x00014df2       0x76 ./system/src/usb/usb_device.o
 .debug_macro   0x00014e68      0x1c3 ./system/src/usb/usb_device.o
 .debug_macro   0x0001502b       0x64 ./system/src/usb/usb_device.o
 .debug_macro   0x0001508f      0x569 ./system/src/usb/usbd_conf.o
 .debug_macro   0x000155f8      0x55f ./system/src/usb/usbd_core.o
 .debug_macro   0x00015b57      0x1c9 ./system/src/usb/usbd_core.o
 .debug_macro   0x00015d20      0x569 ./system/src/usb/usbd_ctlreq.o
 .debug_macro   0x00016289      0x57e ./system/src/usb/usbd_custom_hid_if.o
 .debug_macro   0x00016807       0x5e ./system/src/usb/usbd_custom_hid_if.o
 .debug_macro   0x00016865      0x582 ./system/src/usb/usbd_customhid.o
 .debug_macro   0x00016de7      0x5a3 ./system/src/usb/usbd_desc.o
 .debug_macro   0x0001738a      0x565 ./system/src/usb/usbd_ioreq.o
 .debug_macro   0x000178ef      0x522 ./system/src/stm32f4-hal/stm32f4xx_hal.o
 .debug_macro   0x00017e11      0x4d4 ./system/src/stm32f4-hal/stm32f4xx_hal_cortex.o
 .debug_macro   0x000182e5      0x50c ./system/src/stm32f4-hal/stm32f4xx_hal_gpio.o
 .debug_macro   0x000187f1      0x4e0 ./system/src/stm32f4-hal/stm32f4xx_hal_pcd.o
 .debug_macro   0x00018cd1      0x4d4 ./system/src/stm32f4-hal/stm32f4xx_hal_pcd_ex.o
 .debug_macro   0x000191a5      0x4fe ./system/src/stm32f4-hal/stm32f4xx_hal_rcc.o
 .debug_macro   0x000196a3      0x4db ./system/src/stm32f4-hal/stm32f4xx_ll_usb.o
 .debug_macro   0x00019b7e      0x19c ./system/src/newlib/_exit.o
 .debug_macro   0x00019d1a      0x10e ./system/src/newlib/_exit.o
 .debug_macro   0x00019e28       0x8d ./system/src/newlib/_exit.o
 .debug_macro   0x00019eb5      0x151 ./system/src/newlib/_sbrk.o
 .debug_macro   0x0001a006      0x174 ./system/src/newlib/_sbrk.o
 .debug_macro   0x0001a17a       0x10 ./system/src/newlib/_sbrk.o
 .debug_macro   0x0001a18a      0x23b ./system/src/newlib/_sbrk.o
 .debug_macro   0x0001a3c5      0x15b ./system/src/newlib/_startup.o
 .debug_macro   0x0001a520      0x892 ./system/src/newlib/_startup.o
 .debug_macro   0x0001adb2      0x1f5 ./system/src/newlib/_syscalls.o
 .debug_macro   0x0001afa7       0x1c ./system/src/newlib/_syscalls.o
 .debug_macro   0x0001afc3       0x10 ./system/src/newlib/_syscalls.o
 .debug_macro   0x0001afd3       0x10 ./system/src/newlib/_syscalls.o
 .debug_macro   0x0001afe3       0x10 ./system/src/newlib/_syscalls.o
 .debug_macro   0x0001aff3       0x35 ./system/src/newlib/_syscalls.o
 .debug_macro   0x0001b028      0x122 ./system/src/newlib/_syscalls.o
 .debug_macro   0x0001b14a       0x88 ./system/src/newlib/_syscalls.o
 .debug_macro   0x0001b1d2       0x2b ./system/src/newlib/_syscalls.o
 .debug_macro   0x0001b1fd      0x118 ./system/src/newlib/_syscalls.o
 .debug_macro   0x0001b315      0x159 ./system/src/newlib/_syscalls.o
 .debug_macro   0x0001b46e       0x16 ./system/src/newlib/_syscalls.o
 .debug_macro   0x0001b484      0x1b8 ./system/src/newlib/assert.o
 .debug_macro   0x0001b63c       0x1c ./system/src/newlib/assert.o
 .debug_macro   0x0001b658      0x1c9 ./system/src/diag/Trace.o
 .debug_macro   0x0001b821       0x52 ./system/src/diag/Trace.o
 .debug_macro   0x0001b873      0x51a ./system/src/diag/trace_impl.o
 .debug_macro   0x0001bd8d       0x22 ./system/src/diag/trace_impl.o
 .debug_macro   0x0001bdaf      0x4de ./system/src/cortexm/_initialize_hardware.o
 .debug_macro   0x0001c28d      0x533 ./system/src/cortexm/exception_handlers.o
 .debug_macro   0x0001c7c0       0x3b ./system/src/cortexm/exception_handlers.o
 .debug_macro   0x0001c7fb      0x4da ./system/src/cmsis/system_stm32f4xx.o
 .debug_macro   0x0001ccd5       0x34 ./system/src/cmsis/vectors_stm32f405xx.o
 .debug_macro   0x0001cd09      0x4f7 ./src/Timer.o
 .debug_macro   0x0001d200       0x10 ./src/Timer.o
 .debug_macro   0x0001d210      0x4d4 ./src/_initialize_hardware.o
 .debug_macro   0x0001d6e4      0x5d4 ./src/main.o
 .debug_macro   0x0001dcb8       0x1c ./src/main.o
 .debug_macro   0x0001dcd4       0x2e ./src/main.o